--------- beginning of main
09-03 17:32:14.155   999  1707 D EGL_emulation: app_time_stats: avg=416.83ms min=13.46ms max=14815.46ms count=37
--------- beginning of system
09-03 17:32:14.899   549   638 D ActivityManager: freezing 6327 com.google.android.permissioncontroller
09-03 17:32:15.307   999   999 D TaplEvents: Main / Touch event: MotionEvent { action=ACTION_DOWN, actionButton=0, id[0]=0, x[0]=462.9746, y[0]=2023.9014, toolType[0]=TOOL_TYPE_FINGER, buttonState=0, classification=NONE, metaState=0, flags=0x0, edgeFlags=0x0, pointerCount=1, historySize=0, eventTime=40201161, downTime=40201161, deviceId=4, source=0x5002, displayId=0, eventId=412475771 }
09-03 17:32:15.308   999   999 D TaplEvents: TIS / TouchInteractionService.onInputEvent: MotionEvent { action=ACTION_DOWN, actionButton=0, id[0]=0, x[0]=462.9746, y[0]=2023.9014, toolType[0]=TOOL_TYPE_FINGER, buttonState=0, classification=NONE, metaState=0, flags=0x0, edgeFlags=0x0, pointerCount=1, historySize=0, eventTime=40201161, downTime=40201161, deviceId=4, source=0x5002, displayId=0, eventId=412475771 }
09-03 17:32:15.410   999   999 D TaplEvents: Main / Touch event: MotionEvent { action=ACTION_UP, actionButton=0, id[0]=0, x[0]=462.9746, y[0]=2023.9014, toolType[0]=TOOL_TYPE_FINGER, buttonState=0, classification=NONE, metaState=0, flags=0x0, edgeFlags=0x0, pointerCount=1, historySize=0, eventTime=40201265, downTime=40201161, deviceId=4, source=0x5002, displayId=0, eventId=584368115 }
09-03 17:32:15.411   999   999 D TaplEvents: TIS / TouchInteractionService.onInputEvent: MotionEvent { action=ACTION_UP, actionButton=0, id[0]=0, x[0]=462.9746, y[0]=2023.9014, toolType[0]=TOOL_TYPE_FINGER, buttonState=0, classification=NONE, metaState=0, flags=0x0, edgeFlags=0x0, pointerCount=1, historySize=0, eventTime=40201265, downTime=40201161, deviceId=4, source=0x5002, displayId=0, eventId=584368115 }
09-03 17:32:15.419   999   999 D TaplEvents: Main / start: startAppShortcutOrInfoActivity
09-03 17:32:15.420   999  1707 D EGL_emulation: app_time_stats: avg=1265.19ms min=1265.19ms max=1265.19ms count=1
09-03 17:32:15.422   423  6417 D audioserver: FGS Logger Transaction failed
09-03 17:32:15.422   423  6417 D audioserver: -129
09-03 17:32:15.425   423   513 D AudioFlinger: mixer(0x754b01be7930) throttle end: throttle time(34)
09-03 17:32:15.425   549  1729 V SplashScreenExceptionList: SplashScreen checking exception for package com.yolpilot.driver (target sdk:34) -> false
09-03 17:32:15.426   760   787 V WindowManagerShell: Transition requested: android.os.BinderProxy@2d975f5 TransitionRequestInfo { type = OPEN, triggerTask = TaskInfo{userId=0 taskId=201 displayId=0 isRunning=true baseIntent=Intent { act=android.intent.action.MAIN cat=[android.intent.category.LAUNCHER] flg=0x10200000 cmp=com.yolpilot.driver/.MainActivity } baseActivity=ComponentInfo{com.yolpilot.driver/com.yolpilot.driver.MainActivity} topActivity=ComponentInfo{com.yolpilot.driver/com.yolpilot.driver.MainActivity} origActivity=null realActivity=ComponentInfo{com.yolpilot.driver/com.yolpilot.driver.MainActivity} numActivities=1 lastActiveTime=40201281 supportsMultiWindow=true resizeMode=1 isResizeable=true minWidth=-1 minHeight=-1 defaultMinSize=220 token=WCT{android.window.IWindowContainerToken$Stub$Proxy@2187c71} topActivityType=1 pictureInPictureParams=null shouldDockBigOverlays=false launchIntoPipHostTaskId=-1 lastParentTaskIdBeforePip=-1 displayCutoutSafeInsets=Rect(0, 128 - 0, 0) topActivityInfo=ActivityInfo{abd9a56 com.yolpilot.driver.MainActivity} launchCookies=[android.os.BinderProxy@c451ad7] positionInParent=Point(0, 0) parentTaskId=-1 isFocused=false isVisible=false isVisibleRequested=false isSleeping=false topActivityInSizeCompat=false topActivityEligibleForLetterboxEducation= false topActivityLetterboxed= false isFromDoubleTap= false topActivityLetterboxVerticalPosition= -1 topActivityLetterboxHorizontalPosition= -1 topActivityLetterboxWidth=-1 topActivityLetterboxHeight=-1 locusId=null displayAreaFeatureId=1 cameraCompatControlState=hidden}, remoteTransition = RemoteTransition { remoteTransition = android.window.IRemoteTransition$Stub$Proxy@e41fc4, appThread = android.app.IApplicationThread$Stub$Proxy@8676ead, debugName = QuickstepLaunch }, displayChange = null }
09-03 17:32:15.427   549  1729 I ActivityTaskManager: START u0 {act=android.intent.action.MAIN cat=[android.intent.category.LAUNCHER] flg=0x10200000 cmp=com.yolpilot.driver/.MainActivity bnds=[298,1916][540,2231]} with LAUNCH_SINGLE_TASK from uid 10168 (BAL_ALLOW_ALLOWLISTED_COMPONENT) result code=0
09-03 17:32:15.427   760   787 V WindowManagerShell: RemoteTransition directly requested for android.os.BinderProxy@2d975f5: RemoteTransition { remoteTransition = android.window.IRemoteTransition$Stub$Proxy@e41fc4, appThread = android.app.IApplicationThread$Stub$Proxy@8676ead, debugName = QuickstepLaunch }
09-03 17:32:15.429   549   572 D CompatibilityChangeReporter: Compat change id reported: 135634846; UID 10202; state: DISABLED
09-03 17:32:15.429   549   582 D CompatibilityChangeReporter: Compat change id reported: 143937733; UID 10202; state: ENABLED
09-03 17:32:15.432   760   812 D SplashScreenView: Build android.window.SplashScreenView{a65a35c V.E...... ......ID 0,0-0,0}
09-03 17:32:15.432   760   812 D SplashScreenView: Icon: view: android.widget.ImageView{a34c665 V.ED..... ......I. 0,0-0,0 #10204f0 android:id/splashscreen_icon_view} drawable: com.android.wm.shell.startingsurface.SplashscreenIconDrawableFactory$ImmobileIconDrawable@4096f3a size: 420
09-03 17:32:15.432   760   812 D SplashScreenView: Branding: view: android.view.View{8c437eb G.ED..... ......I. 0,0-0,0 #10204ef android:id/splashscreen_branding_view} drawable: null size w: 0 h: 0
09-03 17:32:15.432   359   359 D Zygote  : Forked child process 11503
09-03 17:32:15.433   549   572 I ActivityManager: PendingStartActivityUids startActivity to updateOomAdj delay:16388ms, uid:10168
09-03 17:32:15.434   549   582 I ActivityManager: Start proc 11503:com.yolpilot.driver/u0a202 for next-top-activity {com.yolpilot.driver/com.yolpilot.driver.MainActivity}
09-03 17:32:15.436   426   426 I BpBinder: onLastStrongRef automatically unlinking death recipients: 
09-03 17:32:15.437   549  1729 D CoreBackPreview: Window{999b4c u0 Splash Screen com.yolpilot.driver}: Setting back callback OnBackInvokedCallbackInfo{mCallback=android.window.IOnBackInvokedCallback$Stub$Proxy@5c6c49b, mPriority=0, mIsAnimationCallback=false}
09-03 17:32:15.454   760   824 E OpenGLRenderer: Unable to match the desired swap behavior.
09-03 17:32:15.481 11503 11503 I yolpilot.driver: Late-enabling -Xcheck:jni
09-03 17:32:15.491 11503 11503 I yolpilot.driver: Using CollectorTypeCC GC.
09-03 17:32:15.491 11503 11503 W yolpilot.driver: Unexpected CPU variant for x86: x86_64.
09-03 17:32:15.491 11503 11503 W yolpilot.driver: Known variants: atom, sandybridge, silvermont, goldmont, goldmont-plus, tremont, kabylake, default
09-03 17:32:15.539   760   787 V WindowManagerShell: onTransitionReady android.os.BinderProxy@2d975f5: {id=46 t=OPEN f=0x0 trk=0 r=[0@Point(0, 0)] c=[{WCT{android.window.IWindowContainerToken$Stub$Proxy@9ff14a} m=OPEN f=NONE leash=Surface(name=Task=201)/@0xfd7619f sb=Rect(0, 0 - 1080, 2400) eb=Rect(0, 0 - 1080, 2400) d=0},{WCT{android.window.IWindowContainerToken$Stub$Proxy@8da78bb} m=TO_BACK f=SHOW_WALLPAPER leash=Surface(name=Task=1)/@0xe6d32ec sb=Rect(0, 0 - 1080, 2400) eb=Rect(0, 0 - 1080, 2400) d=0}]}
09-03 17:32:15.539   549   569 V WindowManager: Sent Transition #46 createdAt=09-03 17:32:15.422 via request=TransitionRequestInfo { type = OPEN, triggerTask = TaskInfo{userId=0 taskId=201 displayId=0 isRunning=true baseIntent=Intent { act=android.intent.action.MAIN cat=[android.intent.category.LAUNCHER] flg=0x10200000 cmp=com.yolpilot.driver/.MainActivity } baseActivity=ComponentInfo{com.yolpilot.driver/com.yolpilot.driver.MainActivity} topActivity=ComponentInfo{com.yolpilot.driver/com.yolpilot.driver.MainActivity} origActivity=null realActivity=ComponentInfo{com.yolpilot.driver/com.yolpilot.driver.MainActivity} numActivities=1 lastActiveTime=40201281 supportsMultiWindow=true resizeMode=1 isResizeable=true minWidth=-1 minHeight=-1 defaultMinSize=220 token=WCT{RemoteToken{3ce07e4 Task{364cd20 #201 type=standard A=10202:com.yolpilot.driver}}} topActivityType=1 pictureInPictureParams=null shouldDockBigOverlays=false launchIntoPipHostTaskId=-1 lastParentTaskIdBeforePip=-1 displayCutoutSafeInsets=Rect(0, 128 - 0, 0) topActivityInfo=ActivityInfo{379044d com.yolpilot.driver.MainActivity} launchCookies=[android.os.BinderProxy@a647b02] positionInParent=Point(0, 0) parentTaskId=-1 isFocused=false isVisible=false isVisibleRequested=false isSleeping=false topActivityInSizeCompat=false topActivityEligibleForLetterboxEducation= false topActivityLetterboxed= false isFromDoubleTap= false topActivityLetterboxVerticalPosition= -1 topActivityLetterboxHorizontalPosition= -1 topActivityLetterboxWidth=-1 topActivityLetterboxHeight=-1 locusId=null displayAreaFeatureId=1 cameraCompatControlState=hidden}, remoteTransition = RemoteTransition { remoteTransition = android.window.IRemoteTransition$Stub$Proxy@fcf2c13, appThread = android.app.IApplicationThread$Stub$Proxy@455be50, debugName = QuickstepLaunch }, displayChange = null }
09-03 17:32:15.539   760   787 V WindowManagerShell: Playing animation for (#46)android.os.BinderProxy@2d975f5@0
09-03 17:32:15.539   549   569 V WindowManager:     startWCT=WindowContainerTransaction { changes = {} hops = [] errorCallbackToken=null taskFragmentOrganizer=null }
09-03 17:32:15.540   760   787 V WindowManagerShell:  try firstHandler com.android.wm.shell.transition.DefaultMixedHandler@d0521f0
09-03 17:32:15.540   549   569 V WindowManager:     info={id=46 t=OPEN f=0x0 trk=0 r=[0@Point(0, 0)] c=[{WCT{RemoteToken{3ce07e4 Task{364cd20 #201 type=standard A=10202:com.yolpilot.driver}}} m=OPEN f=NONE leash=Surface(name=Task=201)/@0x6b2038 sb=Rect(0, 0 - 1080, 2400) eb=Rect(0, 0 - 1080, 2400) d=0},{WCT{RemoteToken{d62cb0d Task{e96a145 #1 type=home}}} m=TO_BACK f=SHOW_WALLPAPER leash=Surface(name=Task=1)/@0x8b2416a sb=Rect(0, 0 - 1080, 2400) eb=Rect(0, 0 - 1080, 2400) d=0}]}
09-03 17:32:15.540   760   787 V WindowManagerShell:  Delegate animation for #46 to RemoteTransition { remoteTransition = android.window.IRemoteTransition$Stub$Proxy@e41fc4, appThread = android.app.IApplicationThread$Stub$Proxy@8676ead, debugName = QuickstepLaunch }
09-03 17:32:15.541   760   787 V WindowManagerShell:  animated by firstHandler
09-03 17:32:15.550   441   455 I adbd    : jdwp connection from 11503
09-03 17:32:15.555   549  1816 I AppsFilter: interaction: PackageSetting{f606f7c com.yolpilot.driver/10202} -> PackageSetting{15fc985 com.google.android.apps.nexuslauncher/10168} BLOCKED
09-03 17:32:15.558 11503 11503 D CompatibilityChangeReporter: Compat change id reported: 171979766; UID 10202; state: ENABLED
09-03 17:32:15.559 11503 11503 D CompatibilityChangeReporter: Compat change id reported: 242716250; UID 10202; state: ENABLED
09-03 17:32:15.562 11503 11503 W ziparchive: Unable to open '/data/app/~~sBu28inVcS0g96cYY2G7KQ==/com.yolpilot.driver-OW0zsqc7HMkvAJtbVtwKQA==/base.dm': No such file or directory
09-03 17:32:15.562 11503 11503 W ziparchive: Unable to open '/data/app/~~sBu28inVcS0g96cYY2G7KQ==/com.yolpilot.driver-OW0zsqc7HMkvAJtbVtwKQA==/base.dm': No such file or directory
09-03 17:32:15.584   423   513 D audioserver: FGS Logger Transaction failed
09-03 17:32:15.584   423   513 D audioserver: -129
09-03 17:32:15.659 11503 11503 D nativeloader: Configuring clns-6 for other apk /data/app/~~sBu28inVcS0g96cYY2G7KQ==/com.yolpilot.driver-OW0zsqc7HMkvAJtbVtwKQA==/base.apk. target_sdk_version=34, uses_libraries=, library_path=/data/app/~~sBu28inVcS0g96cYY2G7KQ==/com.yolpilot.driver-OW0zsqc7HMkvAJtbVtwKQA==/lib/x86_64:/data/app/~~sBu28inVcS0g96cYY2G7KQ==/com.yolpilot.driver-OW0zsqc7HMkvAJtbVtwKQA==/base.apk!/lib/x86_64, permitted_path=/data:/mnt/expand:/data/user/0/com.yolpilot.driver
09-03 17:32:15.665 11503 11503 V GraphicsEnvironment: Currently set values for:
09-03 17:32:15.665 11503 11503 V GraphicsEnvironment:   angle_gl_driver_selection_pkgs=[]
09-03 17:32:15.665 11503 11503 V GraphicsEnvironment:   angle_gl_driver_selection_values=[]
09-03 17:32:15.665 11503 11503 V GraphicsEnvironment: ANGLE GameManagerService for com.yolpilot.driver: false
09-03 17:32:15.665 11503 11503 V GraphicsEnvironment: com.yolpilot.driver is not listed in per-application setting
09-03 17:32:15.665 11503 11503 V GraphicsEnvironment: Neither updatable production driver nor prerelease driver is supported.
09-03 17:32:15.701 11503 11503 W SoLoader: Initializing SoLoader: 0
09-03 17:32:15.703 11503 11503 W SoLoader: Recording new base apk path: /data/app/~~sBu28inVcS0g96cYY2G7KQ==/com.yolpilot.driver-OW0zsqc7HMkvAJtbVtwKQA==/base.apk
09-03 17:32:15.703 11503 11503 W SoLoader: Previously recorded 0 base apk paths.
09-03 17:32:15.706 11503 11503 I SoLoader: Preparing SO source: DirectorySoSource[root = /vendor/lib64 flags = 2]
09-03 17:32:15.706 11503 11503 I SoLoader: Preparing SO source: DirectorySoSource[root = /system/lib64 flags = 2]
09-03 17:32:15.706 11503 11503 I SoLoader: Preparing SO source: DirectApkSoSource[root = [/data/app/~~sBu28inVcS0g96cYY2G7KQ==/com.yolpilot.driver-OW0zsqc7HMkvAJtbVtwKQA==/base.apk!/lib/x86_64]]
09-03 17:32:15.741 11503 11503 I SoLoader: Preparing SO source: ApplicationSoSource[DirectorySoSource[root = /data/app/~~sBu28inVcS0g96cYY2G7KQ==/com.yolpilot.driver-OW0zsqc7HMkvAJtbVtwKQA==/lib/x86_64 flags = 0]]
09-03 17:32:15.741 11503 11503 I SoLoader: init finish: 4 SO sources prepared
09-03 17:32:15.742 11503 11503 W SoLoader: SoLoader initialized: 8
09-03 17:32:15.742   549  2339 I ActivityManager: Flag disabled. Ignoring finishAttachApplication from uid: 10202. pid: 11503
09-03 17:32:15.747 11503 11525 D libEGL  : loaded /vendor/lib64/egl/libEGL_emulation.so
09-03 17:32:15.748 11503 11525 D libEGL  : loaded /vendor/lib64/egl/libGLESv1_CM_emulation.so
09-03 17:32:15.750 11503 11525 D libEGL  : loaded /vendor/lib64/egl/libGLESv2_emulation.so
09-03 17:32:15.788 11503 11503 D AppCompatDelegate: Checking for metadata for AppLocalesMetadataHolderService : Service not found
09-03 17:32:15.919 11503 11503 D jni_lib_merge: Entering merged library JNI_OnLoad.
09-03 17:32:15.919 11503 11503 D jni_lib_merge: Preparing 12 pre-merged libs (including stub)
09-03 17:32:15.919 11503 11503 D jni_lib_merge: Preparing to register libfabricjni_so.  onload_func: 0x71014427cdf0
09-03 17:32:15.920 11503 11503 D jni_lib_merge: Preparing to register libreact_devsupportjni_so.  onload_func: 0x71014446e680
09-03 17:32:15.920 11503 11503 D jni_lib_merge: Preparing to register libreact_featureflagsjni_so.  onload_func: 0x71014447bcf0
09-03 17:32:15.920 11503 11503 D jni_lib_merge: Preparing to register libreact_newarchdefaults_so.  onload_func: 0x7101444e0720
09-03 17:32:15.920 11503 11503 D jni_lib_merge: Preparing to register libreactnativeblob_so.  onload_func: 0x7101446c8930
09-03 17:32:15.920 11503 11503 D jni_lib_merge: Preparing to register libreactnativejni_so.  onload_func: 0x7101447131e0
09-03 17:32:15.920 11503 11503 D jni_lib_merge: Preparing to register libreactnativejni_common_so.  onload_func: 0x710144722fe0
09-03 17:32:15.920 11503 11503 D jni_lib_merge: Preparing to register librninstance_so.  onload_func: 0x710144757a60
09-03 17:32:15.920 11503 11503 D jni_lib_merge: Preparing to register libturbomodulejsijni_so.  onload_func: 0x710144886a30
09-03 17:32:15.920 11503 11503 D jni_lib_merge: Preparing to register libuimanagerjni_so.  onload_func: 0x71014489ecb0
09-03 17:32:15.920 11503 11503 D jni_lib_merge: Preparing to register libyoga_so.  onload_func: 0x7101448adc40
09-03 17:32:15.920 11503 11503 D jni_lib_merge: About to register 11 actual methods.
09-03 17:32:15.957 11503 11503 W SoLoader: SoLoader already initialized
09-03 17:32:15.958 11503 11503 W SoLoader: Running a recovery step for libhermes.so due to com.facebook.soloader.SoLoaderDSONotFoundError: couldn't find DSO to load: libhermes.so
09-03 17:32:15.958 11503 11503 W SoLoader: 	existing SO sources: 
09-03 17:32:15.958 11503 11503 W SoLoader: 		SoSource 0: ApplicationSoSource[DirectorySoSource[root = /data/app/~~sBu28inVcS0g96cYY2G7KQ==/com.yolpilot.driver-OW0zsqc7HMkvAJtbVtwKQA==/lib/x86_64 flags = 0]]
09-03 17:32:15.958 11503 11503 W SoLoader: 		SoSource 1: DirectApkSoSource[root = [/data/app/~~sBu28inVcS0g96cYY2G7KQ==/com.yolpilot.driver-OW0zsqc7HMkvAJtbVtwKQA==/base.apk!/lib/x86_64]]
09-03 17:32:15.958 11503 11503 W SoLoader: 		SoSource 2: DirectorySoSource[root = /system/lib64 flags = 2]
09-03 17:32:15.958 11503 11503 W SoLoader: 		SoSource 3: DirectorySoSource[root = /vendor/lib64 flags = 2]
09-03 17:32:15.958 11503 11503 W SoLoader: 	Native lib dir: /data/app/~~sBu28inVcS0g96cYY2G7KQ==/com.yolpilot.driver-OW0zsqc7HMkvAJtbVtwKQA==/lib/x86_64
09-03 17:32:15.959 11503 11503 W soloader.recovery.CheckBaseApkExists: Base apk exists: /data/app/~~sBu28inVcS0g96cYY2G7KQ==/com.yolpilot.driver-OW0zsqc7HMkvAJtbVtwKQA==/base.apk
09-03 17:32:15.960 11503 11503 W SoLoader: Running a recovery step for libhermes.so due to com.facebook.soloader.SoLoaderDSONotFoundError: couldn't find DSO to load: libhermes.so
09-03 17:32:15.960 11503 11503 W SoLoader: 	existing SO sources: 
09-03 17:32:15.960 11503 11503 W SoLoader: 		SoSource 0: ApplicationSoSource[DirectorySoSource[root = /data/app/~~sBu28inVcS0g96cYY2G7KQ==/com.yolpilot.driver-OW0zsqc7HMkvAJtbVtwKQA==/lib/x86_64 flags = 0]]
09-03 17:32:15.960 11503 11503 W SoLoader: 		SoSource 1: DirectApkSoSource[root = [/data/app/~~sBu28inVcS0g96cYY2G7KQ==/com.yolpilot.driver-OW0zsqc7HMkvAJtbVtwKQA==/base.apk!/lib/x86_64]]
09-03 17:32:15.960 11503 11503 W SoLoader: 		SoSource 2: DirectorySoSource[root = /system/lib64 flags = 2]
09-03 17:32:15.960 11503 11503 W SoLoader: 		SoSource 3: DirectorySoSource[root = /vendor/lib64 flags = 2]
09-03 17:32:15.960 11503 11503 W SoLoader: 	Native lib dir: /data/app/~~sBu28inVcS0g96cYY2G7KQ==/com.yolpilot.driver-OW0zsqc7HMkvAJtbVtwKQA==/lib/x86_64
09-03 17:32:15.960 11503 11503 E SoLoader: Checking /data/app missing libraries.
09-03 17:32:15.960 11503 11503 E SoLoader: Successfully recovered from /data/app disk failure.
09-03 17:32:15.961 11503 11503 W SoLoader: Running a recovery step for libhermes.so due to com.facebook.soloader.SoLoaderDSONotFoundError: couldn't find DSO to load: libhermes.so
09-03 17:32:15.961 11503 11503 W SoLoader: 	existing SO sources: 
09-03 17:32:15.961 11503 11503 W SoLoader: 		SoSource 0: ApplicationSoSource[DirectorySoSource[root = /data/app/~~sBu28inVcS0g96cYY2G7KQ==/com.yolpilot.driver-OW0zsqc7HMkvAJtbVtwKQA==/lib/x86_64 flags = 0]]
09-03 17:32:15.961 11503 11503 W SoLoader: 		SoSource 1: DirectApkSoSource[root = [/data/app/~~sBu28inVcS0g96cYY2G7KQ==/com.yolpilot.driver-OW0zsqc7HMkvAJtbVtwKQA==/base.apk!/lib/x86_64]]
09-03 17:32:15.961 11503 11503 W SoLoader: 		SoSource 2: DirectorySoSource[root = /system/lib64 flags = 3]
09-03 17:32:15.961 11503 11503 W SoLoader: 		SoSource 3: DirectorySoSource[root = /vendor/lib64 flags = 3]
09-03 17:32:15.961 11503 11503 W SoLoader: 	Native lib dir: /data/app/~~sBu28inVcS0g96cYY2G7KQ==/com.yolpilot.driver-OW0zsqc7HMkvAJtbVtwKQA==/lib/x86_64
09-03 17:32:15.961 11503 11503 E SoLoader: Checking /data/data missing libraries.
09-03 17:32:15.961 11503 11503 E SoLoader: No libraries missing from unpacking so paths while recovering /data/data failure
09-03 17:32:15.961 11503 11503 W SoLoader: Running a recovery step for libhermes.so due to com.facebook.soloader.SoLoaderDSONotFoundError: couldn't find DSO to load: libhermes.so
09-03 17:32:15.961 11503 11503 W SoLoader: 	existing SO sources: 
09-03 17:32:15.961 11503 11503 W SoLoader: 		SoSource 0: ApplicationSoSource[DirectorySoSource[root = /data/app/~~sBu28inVcS0g96cYY2G7KQ==/com.yolpilot.driver-OW0zsqc7HMkvAJtbVtwKQA==/lib/x86_64 flags = 0]]
09-03 17:32:15.961 11503 11503 W SoLoader: 		SoSource 1: DirectApkSoSource[root = [/data/app/~~sBu28inVcS0g96cYY2G7KQ==/com.yolpilot.driver-OW0zsqc7HMkvAJtbVtwKQA==/base.apk!/lib/x86_64]]
09-03 17:32:15.961 11503 11503 W SoLoader: 		SoSource 2: DirectorySoSource[root = /system/lib64 flags = 3]
09-03 17:32:15.961 11503 11503 W SoLoader: 		SoSource 3: DirectorySoSource[root = /vendor/lib64 flags = 3]
09-03 17:32:15.961 11503 11503 W SoLoader: 	Native lib dir: /data/app/~~sBu28inVcS0g96cYY2G7KQ==/com.yolpilot.driver-OW0zsqc7HMkvAJtbVtwKQA==/lib/x86_64
09-03 17:32:15.961 11503 11503 W SoLoader: Failed to recover
09-03 17:32:15.964 11503 11503 E unknown:ReactInstanceManagerBuilder: Unable to load Hermes. Your application is not built correctly and will fail to execute
09-03 17:32:15.965 11503 11503 W SoLoader: SoLoader already initialized
09-03 17:32:16.072   760   787 V WindowManagerShell: Transition animation finished (aborted=false), notifying core (#46)android.os.BinderProxy@2d975f5@0
09-03 17:32:16.073   549   569 V WindowManager: Finish Transition #46: created at 09-03 17:32:15.422 collect-started=0.023ms request-sent=4.373ms started=6.764ms ready=115.195ms sent=116.606ms finished=650.842ms
09-03 17:32:16.074   760   787 V WindowManagerShell: Track 0 became idle
09-03 17:32:16.074   760   787 V WindowManagerShell: All active transition animations finished
09-03 17:32:16.090   999   999 D AutofillManager: view is not autofillable - activity denied for autofill
09-03 17:32:16.101 11503 11532 D TrafficStats: tagSocket(83) with statsTag=0xffffffff, statsUid=-1
09-03 17:32:16.106 11503 11503 W yolpilot.driver: Accessing hidden method Landroid/view/ViewGroup;->makeOptionalFitsSystemWindows()V (unsupported, reflection, allowed)
09-03 17:32:16.110 11503 11534 D TrafficStats: tagSocket(84) with statsTag=0xffffffff, statsUid=-1
09-03 17:32:16.111 11503 11533 D TrafficStats: tagSocket(85) with statsTag=0xffffffff, statsUid=-1
09-03 17:32:16.115 11503 11503 D CompatibilityChangeReporter: Compat change id reported: 237531167; UID 10202; state: DISABLED
09-03 17:32:16.116 11503 11503 W OpenGLRenderer: Unknown dataspace 0
09-03 17:32:16.125 11503 11503 W unknown:ReactNative: Packager connection already open, nooping.
09-03 17:32:16.126   549  1729 D CoreBackPreview: Window{d5cafac u0 com.yolpilot.driver/com.yolpilot.driver.MainActivity}: Setting back callback OnBackInvokedCallbackInfo{mCallback=android.window.IOnBackInvokedCallback$Stub$Proxy@18aac7b, mPriority=0, mIsAnimationCallback=false}
09-03 17:32:16.157 11503 11523 W OpenGLRenderer: Failed to choose config with EGL_SWAP_BEHAVIOR_PRESERVED, retrying without...
09-03 17:32:16.157 11503 11523 W OpenGLRenderer: Failed to initialize 101010-2 format, error = EGL_SUCCESS
09-03 17:32:16.161   999   999 W FrameTracker: Missed SF frame:UNKNOWN: 80, 16776368, 0, CUJ=J<LAUNCHER_APP_LAUNCH_FROM_ICON>
09-03 17:32:16.161   999   999 W FrameTracker: Missing HWUI jank callback for vsyncId: 16776368, CUJ=J<LAUNCHER_APP_LAUNCH_FROM_ICON>
09-03 17:32:16.162   999   999 W FrameTracker: Missed SF frame:UNKNOWN: 80, 16776390, 0, CUJ=J<LAUNCHER_APP_LAUNCH_FROM_ICON>
09-03 17:32:16.162   999   999 W FrameTracker: Missing HWUI jank callback for vsyncId: 16776390, CUJ=J<LAUNCHER_APP_LAUNCH_FROM_ICON>
09-03 17:32:16.162   999   999 W FrameTracker: Missed SF frame:UNKNOWN: 80, 16776405, 39138026, CUJ=J<LAUNCHER_APP_LAUNCH_FROM_ICON>
09-03 17:32:16.162   999   999 W FrameTracker: Missed SF frame:UNKNOWN: 80, 16776420, 38917860, CUJ=J<LAUNCHER_APP_LAUNCH_FROM_ICON>
09-03 17:32:16.162   999   999 W FrameTracker: Missed SF frame:UNKNOWN: 80, 16776435, 39185794, CUJ=J<LAUNCHER_APP_LAUNCH_FROM_ICON>
09-03 17:32:16.162   999   999 W FrameTracker: Missed SF frame:UNKNOWN: 80, 16776450, 37545628, CUJ=J<LAUNCHER_APP_LAUNCH_FROM_ICON>
09-03 17:32:16.162   999   999 W FrameTracker: Missed SF frame:UNKNOWN: 80, 16776465, 38348762, CUJ=J<LAUNCHER_APP_LAUNCH_FROM_ICON>
09-03 17:32:16.162   999   999 W FrameTracker: Missed SF frame:UNKNOWN: 80, 16776480, 38664296, CUJ=J<LAUNCHER_APP_LAUNCH_FROM_ICON>
09-03 17:32:16.162   999   999 W FrameTracker: Missed SF frame:UNKNOWN: 80, 16776495, 38479730, CUJ=J<LAUNCHER_APP_LAUNCH_FROM_ICON>
09-03 17:32:16.162   999   999 W FrameTracker: Missed SF frame:UNKNOWN: 80, 16776517, 38887564, CUJ=J<LAUNCHER_APP_LAUNCH_FROM_ICON>
09-03 17:32:16.162   999   999 W FrameTracker: Missed SF frame:UNKNOWN: 80, 16776532, 38547598, CUJ=J<LAUNCHER_APP_LAUNCH_FROM_ICON>
09-03 17:32:16.162   999   999 W FrameTracker: Missed SF frame:UNKNOWN: 80, 16776547, 37621732, CUJ=J<LAUNCHER_APP_LAUNCH_FROM_ICON>
09-03 17:32:16.162   999   999 W FrameTracker: Missed SF frame:UNKNOWN: 80, 16776562, 38391766, CUJ=J<LAUNCHER_APP_LAUNCH_FROM_ICON>
09-03 17:32:16.162   999   999 W FrameTracker: Missed SF frame:UNKNOWN: 80, 16776577, 37683200, CUJ=J<LAUNCHER_APP_LAUNCH_FROM_ICON>
09-03 17:32:16.162   999   999 W FrameTracker: Missed SF frame:UNKNOWN: 80, 16776592, 37051234, CUJ=J<LAUNCHER_APP_LAUNCH_FROM_ICON>
09-03 17:32:16.162   999   999 W FrameTracker: Missed SF frame:UNKNOWN: 80, 16776607, 36913268, CUJ=J<LAUNCHER_APP_LAUNCH_FROM_ICON>
09-03 17:32:16.162   999   999 W FrameTracker: Missed SF frame:UNKNOWN: 80, 16776622, 37121602, CUJ=J<LAUNCHER_APP_LAUNCH_FROM_ICON>
09-03 17:32:16.162   999   999 W FrameTracker: Missed SF frame:UNKNOWN: 80, 16776637, 37305536, CUJ=J<LAUNCHER_APP_LAUNCH_FROM_ICON>
09-03 17:32:16.162   999   999 W FrameTracker: Missed SF frame:UNKNOWN: 80, 16776652, 38302570, CUJ=J<LAUNCHER_APP_LAUNCH_FROM_ICON>
09-03 17:32:16.163   999   999 W FrameTracker: Missed SF frame:UNKNOWN: 80, 16776667, 38458404, CUJ=J<LAUNCHER_APP_LAUNCH_FROM_ICON>
09-03 17:32:16.163   999   999 W FrameTracker: Missed SF frame:UNKNOWN: 80, 16776682, 37286238, CUJ=J<LAUNCHER_APP_LAUNCH_FROM_ICON>
09-03 17:32:16.163   999   999 W FrameTracker: Missed SF frame:UNKNOWN: 80, 16776697, 38281772, CUJ=J<LAUNCHER_APP_LAUNCH_FROM_ICON>
09-03 17:32:16.163   999   999 W FrameTracker: Missed SF frame:UNKNOWN: 80, 16776712, 39051206, CUJ=J<LAUNCHER_APP_LAUNCH_FROM_ICON>
09-03 17:32:16.163   999   999 W FrameTracker: Missed SF frame:UNKNOWN: 80, 16776727, 37345640, CUJ=J<LAUNCHER_APP_LAUNCH_FROM_ICON>
09-03 17:32:16.163   999   999 W FrameTracker: Missed SF frame:UNKNOWN: 80, 16776742, 37668774, CUJ=J<LAUNCHER_APP_LAUNCH_FROM_ICON>
09-03 17:32:16.163   999   999 W FrameTracker: Missed SF frame:UNKNOWN: 80, 16776757, 38211208, CUJ=J<LAUNCHER_APP_LAUNCH_FROM_ICON>
09-03 17:32:16.167   999   999 W FrameTracker: Missed SF frame:UNKNOWN: 80, 16776772, 37430142, CUJ=J<LAUNCHER_APP_LAUNCH_FROM_ICON>
09-03 17:32:16.167   999   999 W FrameTracker: Missed SF frame:UNKNOWN: 80, 16776787, 39277976, CUJ=J<LAUNCHER_APP_LAUNCH_FROM_ICON>
09-03 17:32:16.167   999   999 W FrameTracker: Missed SF frame:UNKNOWN: 80, 16776802, 36215610, CUJ=J<LAUNCHER_APP_LAUNCH_FROM_ICON>
09-03 17:32:16.194   160   160 I hwservicemanager: getTransport: Cannot find entry android.hardware.graphics.mapper@4.0::IMapper/default in either framework or device VINTF manifest.
09-03 17:32:16.194 11503 11523 I Gralloc4: mapper 4.x is not supported
--------- beginning of kernel
09-03 17:32:16.178     0     0 I servicemanager: Could not find android.hardware.graphics.allocator.IAllocator/default in the VINTF manifest.
09-03 17:32:16.210 11503 11523 E OpenGLRenderer: Unable to match the desired swap behavior.
09-03 17:32:16.255   549   569 W ziparchive: Unable to open '/data/app/~~sBu28inVcS0g96cYY2G7KQ==/com.yolpilot.driver-OW0zsqc7HMkvAJtbVtwKQA==/base.dm': No such file or directory
09-03 17:32:16.256   549   569 I ActivityTaskManager: Displayed com.yolpilot.driver/.MainActivity for user 0: +834ms
09-03 17:32:16.263 11503 11503 D CompatibilityChangeReporter: Compat change id reported: 210923482; UID 10202; state: ENABLED
09-03 17:32:16.287   549  1729 D CoreBackPreview: Window{76c2ff3 u0 PopupWindow:e8107ea}: Setting back callback OnBackInvokedCallbackInfo{mCallback=android.window.IOnBackInvokedCallback$Stub$Proxy@1d9ef29, mPriority=0, mIsAnimationCallback=false}
09-03 17:32:16.291   760   824 D EGL_emulation: app_time_stats: avg=16267.15ms min=16267.15ms max=16267.15ms count=1
09-03 17:32:16.295 11503 11523 E OpenGLRenderer: Unable to match the desired swap behavior.
09-03 17:32:16.309   549  1729 D CompatibilityChangeReporter: Compat change id reported: 214016041; UID 10202; state: ENABLED
09-03 17:32:16.309   549  1729 I ImeTracker: com.yolpilot.driver:71d23adb: onRequestHide at ORIGIN_SERVER_HIDE_INPUT reason HIDE_UNSPECIFIED_WINDOW
09-03 17:32:16.312   549  1729 I ImeTracker: com.yolpilot.driver:71d23adb: onCancelled at PHASE_SERVER_SHOULD_HIDE
09-03 17:32:16.317  1331  1331 I GoogleInputMethodService: GoogleInputMethodService.onFinishInput():3227 
09-03 17:32:16.327  1331  1331 I GoogleInputMethodService: GoogleInputMethodService.updateDeviceLockedStatus():2087 repeatCheckTimes = 0, unlocked = true
09-03 17:32:16.327  1331  1331 I GoogleInputMethodService: GoogleInputMethodService.onStartInput():1877 onStartInput(EditorInfo{inputType=0x0(NULL) imeOptions=0x0 privateImeOptions=null actionName=UNSPECIFIED actionLabel=null actionId=0 initialSelStart=-1 initialSelEnd=-1 initialCapsMode=0x0 hintText=null label=null packageName=com.yolpilot.driver fieldId=0 fieldName=null extras=null}, false)
09-03 17:32:16.327  1331  1331 I GoogleInputMethodService: GoogleInputMethodService.shouldHideHeaderOnInitialState():4008 ShouldHideHeaderOnInitialState = false
09-03 17:32:16.327  1331  1331 I GoogleInputMethodService: GoogleInputMethodService.updateDeviceLockedStatus():2087 repeatCheckTimes = 2, unlocked = true
09-03 17:32:16.355   549   572 W ProcessStats: Tracking association SourceState{719e7a8 com.google.android.apps.nexuslauncher/10168 BFgs #12460} whose proc state 4 is better than process ProcessState{7e18809 com.google.android.googlequicksearchbox:search/10132 pkg=com.google.android.googlequicksearchbox} proc state 5 (117 skipped)
09-03 17:32:16.363   999  1886 D OneSearchSuggestProvider: Shut down the binder channel
09-03 17:32:16.364   999  1024 I IPCThreadState: oneway function results for code 2 on binder at 0x7102b72e65f0 will be dropped but finished with status UNKNOWN_TRANSACTION
09-03 17:32:16.366   999  1057 I ImeTracker: com.google.android.apps.nexuslauncher:d62b323c: onRequestHide at ORIGIN_CLIENT_HIDE_SOFT_INPUT reason HIDE_SOFT_INPUT
09-03 17:32:16.370  8101  8210 D BtGatt.ScanManager: uid 10131 isForeground true scanMode -1
09-03 17:32:16.372   999  1057 I ImeTracker: com.google.android.apps.nexuslauncher:d62b323c: onFailed at PHASE_CLIENT_VIEW_SERVED
09-03 17:32:16.630   760   811 W WindowOnBackDispatcher: sendCancelIfRunning: isInProgress=falsecallback=android.view.ViewRootImpl$$ExternalSyntheticLambda17@f579948
09-03 17:32:16.632   549  2048 W InputManager-JNI: Input channel object '999b4c Splash Screen com.yolpilot.driver (client)' was disposed without first being removed with the input manager!
09-03 17:32:16.633   549  2339 D CoreBackPreview: Window{999b4c u0 Splash Screen com.yolpilot.driver EXITING}: Setting back callback null
09-03 17:32:16.648  8101  8210 D BtGatt.ScanManager: uid 10131 isForeground true scanMode -1
09-03 17:32:16.648  3092  3171 I FontLog : Received query Noto Color Emoji Compat, URI content://com.google.android.gms.fonts [CONTEXT service_id=132 ]
09-03 17:32:16.648  3092  3171 I FontLog : Query [emojicompat-emoji-font] resolved to {Noto Color Emoji Compat, wdth 100.0, wght 400, ital 0.0, bestEffort false} [CONTEXT service_id=132 ]
09-03 17:32:16.650  3092  3171 I FontLog : Fetch {Noto Color Emoji Compat, wdth 100.0, wght 400, ital 0.0, bestEffort false} end status Status{statusCode=SUCCESS, resolution=null} [CONTEXT service_id=132 ]
09-03 17:32:16.668  3092  3171 I FontLog : Pulling font file for id = 36, cache size = 4 [CONTEXT service_id=132 ]
09-03 17:32:16.676  3092  3171 I FontLog : Pulling font file for id = 36, cache size = 4 [CONTEXT service_id=132 ]
09-03 17:32:16.711   760   824 D EGL_emulation: app_time_stats: avg=408.68ms min=7.92ms max=16104.65ms count=41
09-03 17:32:16.804   760   760 D StatusBarIconController: ignoring old pipeline callback because the new wifi icon is enabled
09-03 17:32:17.092   760   760 D StatusBarIconController: ignoring old pipeline callbacks, because the new mobile icons are enabled
09-03 17:32:17.724   760   824 D EGL_emulation: app_time_stats: avg=16.57ms min=7.07ms max=38.09ms count=59
09-03 17:32:17.867   358   406 I netd    : tetherGetStats() -> {[]} <0.46ms>
09-03 17:32:17.881   358   406 I netd    : bandwidthSetGlobalAlert(2097152) <0.07ms>
09-03 17:32:18.476   364  4188 D android.hardware.audio@7.1-impl.ranchu: threadLoop: entering standby, frames: 2958272
09-03 17:32:18.603 11503 11503 W WindowOnBackDispatcher: sendCancelIfRunning: isInProgress=falsecallback=android.view.ViewRootImpl$$ExternalSyntheticLambda17@7509851
09-03 17:32:18.604   549  1816 D CoreBackPreview: Window{76c2ff3 u0 PopupWindow:e8107ea}: Setting back callback null
09-03 17:32:18.606   549  1816 W InputManager-JNI: Input channel object '76c2ff3 PopupWindow:e8107ea (client)' was disposed without first being removed with the input manager!
09-03 17:32:18.608 11503 11503 D AndroidRuntime: Shutting down VM
--------- beginning of crash
09-03 17:32:18.610 11503 11503 E AndroidRuntime: FATAL EXCEPTION: main
09-03 17:32:18.610 11503 11503 E AndroidRuntime: Process: com.yolpilot.driver, PID: 11503
09-03 17:32:18.610 11503 11503 E AndroidRuntime: java.lang.AssertionError
09-03 17:32:18.610 11503 11503 E AndroidRuntime: 	at com.facebook.infer.annotation.Assertions.assertNotNull(Assertions.java:31)
09-03 17:32:18.610 11503 11503 E AndroidRuntime: 	at com.facebook.react.ReactInstanceManager$ReactContextInitParams.<init>(ReactInstanceManager.java:214)
09-03 17:32:18.610 11503 11503 E AndroidRuntime: 	at com.facebook.react.ReactInstanceManager.recreateReactContextInBackground(ReactInstanceManager.java:1171)
09-03 17:32:18.610 11503 11503 E AndroidRuntime: 	at com.facebook.react.ReactInstanceManager.onJSBundleLoadedFromServer(ReactInstanceManager.java:1162)
09-03 17:32:18.610 11503 11503 E AndroidRuntime: 	at com.facebook.react.ReactInstanceManager.-$$Nest$monJSBundleLoadedFromServer(Unknown Source:0)
09-03 17:32:18.610 11503 11503 E AndroidRuntime: 	at com.facebook.react.ReactInstanceManager$2.onJSBundleLoadedFromServer(ReactInstanceManager.java:332)
09-03 17:32:18.610 11503 11503 E AndroidRuntime: 	at com.facebook.react.devsupport.BridgeDevSupportManager.handleReloadJS$lambda$1$lambda$0(BridgeDevSupportManager.kt:89)
09-03 17:32:18.610 11503 11503 E AndroidRuntime: 	at com.facebook.react.devsupport.BridgeDevSupportManager.$r8$lambda$HgMla5uZ9LUekvxoo-y1fgz87CM(Unknown Source:0)
09-03 17:32:18.610 11503 11503 E AndroidRuntime: 	at com.facebook.react.devsupport.BridgeDevSupportManager$$ExternalSyntheticLambda0.run(D8$$SyntheticClass:0)
09-03 17:32:18.610 11503 11503 E AndroidRuntime: 	at android.os.Handler.handleCallback(Handler.java:958)
09-03 17:32:18.610 11503 11503 E AndroidRuntime: 	at android.os.Handler.dispatchMessage(Handler.java:99)
09-03 17:32:18.610 11503 11503 E AndroidRuntime: 	at android.os.Looper.loopOnce(Looper.java:205)
09-03 17:32:18.610 11503 11503 E AndroidRuntime: 	at android.os.Looper.loop(Looper.java:294)
09-03 17:32:18.610 11503 11503 E AndroidRuntime: 	at android.app.ActivityThread.main(ActivityThread.java:8177)
09-03 17:32:18.610 11503 11503 E AndroidRuntime: 	at java.lang.reflect.Method.invoke(Native Method)
09-03 17:32:18.610 11503 11503 E AndroidRuntime: 	at com.android.internal.os.RuntimeInit$MethodAndArgsCaller.run(RuntimeInit.java:552)
09-03 17:32:18.610 11503 11503 E AndroidRuntime: 	at com.android.internal.os.ZygoteInit.main(ZygoteInit.java:971)
09-03 17:32:18.612   549 11549 I DropBoxManagerService: add tag=data_app_crash isTagEnabled=true flags=0x2
09-03 17:32:18.612   549  1816 W ActivityTaskManager:   Force finishing activity com.yolpilot.driver/.MainActivity
09-03 17:32:18.613   760   787 V WindowManagerShell: Transition requested: android.os.BinderProxy@943267 TransitionRequestInfo { type = CLOSE, triggerTask = null, remoteTransition = null, displayChange = null }
09-03 17:32:18.615   549   570 I ActivityManager: Showing crash dialog for package com.yolpilot.driver u0
09-03 17:32:18.636   549   570 D CoreBackPreview: Window{59478be u0 Application Error: com.yolpilot.driver}: Setting back callback OnBackInvokedCallbackInfo{mCallback=android.window.WindowOnBackInvokedDispatcher$OnBackInvokedCallbackWrapper@683f117, mPriority=0, mIsAnimationCallback=false}
09-03 17:32:18.642   549  8886 W OpenGLRenderer: Failed to choose config with EGL_SWAP_BEHAVIOR_PRESERVED, retrying without...
09-03 17:32:18.642   549  8886 W OpenGLRenderer: Failed to initialize 101010-2 format, error = EGL_SUCCESS
09-03 17:32:18.673   426   426 I BpBinder: onLastStrongRef automatically unlinking death recipients: 
09-03 17:32:18.683   549  8886 E OpenGLRenderer: Unable to match the desired swap behavior.
09-03 17:32:19.114   549   572 W ActivityTaskManager: Activity top resumed state loss timeout for ActivityRecord{7a8f423 u0 com.yolpilot.driver/.MainActivity t201 f}}
09-03 17:32:19.114   549   572 W ActivityTaskManager: Activity pause timeout for ActivityRecord{7a8f423 u0 com.yolpilot.driver/.MainActivity t201 f}}
09-03 17:32:19.119   999   999 D AutofillManager: view is not autofillable - activity denied for autofill
09-03 17:32:19.119   549  1550 W AppSearchIcing: icing-search-engine.cc:283: Error: 5, Message: Document (com.google.android.googlequicksearchbox$OneSearchZeroStateGoogleSuggestions/default, zp) not found.
09-03 17:32:19.120   999  1886 D OneSearchSuggestProvider: Created the binder channel successfully for end point service =com.google.android.apps.search.googleapp.search.suggest.plugins.onesearch.server.OneSearchSuggestService , mChannel=z1{delegate=s1{logId=39, target=directaddress:///AndroidComponentAddress%5BIntent%20%7B%20act=grpc.io.action.BIND%20cmp=com.google.android.googlequicksearchbox/com.google.android.apps.search.googleapp.search.suggest.plugins.onesearch.server.OneSearchSuggestService%20%7D%5D}} , mOneSearchConnection=X1.T@47d5f6e
09-03 17:32:19.125  8101  8210 D BtGatt.ScanManager: uid 10131 isForeground true scanMode -1
09-03 17:32:19.129  8101  8210 D BtGatt.ScanManager: uid 10131 isForeground true scanMode -1
09-03 17:32:19.132  1480  1590 I AiAiEcho: Predicting[0]: 
09-03 17:32:19.133  1480  1590 I AiAiEcho: EchoTargets: 
09-03 17:32:19.133  1480  1590 I AiAiEcho: Filtered by AiAi flag check: 
09-03 17:32:19.133  1480  1590 I AiAiEcho: Ranked targets strategy: SORT, count: 0, ranking metadata: 
09-03 17:32:19.134  1480  1590 I AiAiEcho: #postPredictionTargets: Sending updates to UISurface home with targets# 0 (types=[])
09-03 17:32:19.153  1805  2680 E OpenGLRenderer: Unable to match the desired swap behavior.
09-03 17:32:19.153   999  1707 E OpenGLRenderer: Unable to match the desired swap behavior.
09-03 17:32:19.241  1805  1805 I A       : Created gRPC endpoint to "search" for service class com.google.android.apps.search.googleapp.search.suggest.plugins.onesearch.server.OneSearchSuggestService
09-03 17:32:19.251  1805  1805 W A       : Can't get WAA status for Mavatar!
09-03 17:32:19.251  1805  1805 W A       : java.lang.NullPointerException: Attempt to invoke virtual method 'java.lang.Class java.lang.Object.getClass()' on a null object reference
09-03 17:32:19.251  1805  1805 W A       : 	at com.google.apps.tiktok.dataservice.z.b(PG:1)
09-03 17:32:19.251  1805  1805 W A       : 	at com.google.apps.tiktok.dataservice.at.a(PG:1)
09-03 17:32:19.251  1805  1805 W A       : 	at com.google.apps.tiktok.tracing.ec.a(PG:2)
09-03 17:32:19.251  1805  1805 W A       : 	at com.google.common.util.concurrent.aj.a(PG:2)
09-03 17:32:19.251  1805  1805 W A       : 	at com.google.common.util.concurrent.ac.apply(PG:1)
09-03 17:32:19.251  1805  1805 W A       : 	at com.google.common.util.concurrent.h.e(PG:2)
09-03 17:32:19.251  1805  1805 W A       : 	at com.google.common.util.concurrent.j.run(PG:9)
09-03 17:32:19.251  1805  1805 W A       : 	at com.google.common.util.concurrent.bf.execute(PG:1)
09-03 17:32:19.251  1805  1805 W A       : 	at com.google.common.util.concurrent.d.i(PG:1)
09-03 17:32:19.251  1805  1805 W A       : 	at com.google.common.util.concurrent.d.l(PG:12)
09-03 17:32:19.251  1805  1805 W A       : 	at com.google.common.util.concurrent.d.n(PG:2)
09-03 17:32:19.251  1805  1805 W A       : 	at com.google.common.util.concurrent.i.f(PG:1)
09-03 17:32:19.251  1805  1805 W A       : 	at com.google.common.util.concurrent.j.run(PG:12)
09-03 17:32:19.251  1805  1805 W A       : 	at com.google.android.libraries.i.ae.run(PG:1)
09-03 17:32:19.251  1805  1805 W A       : 	at java.util.concurrent.ThreadPoolExecutor.runWorker(ThreadPoolExecutor.java:1145)
09-03 17:32:19.251  1805  1805 W A       : 	at java.util.concurrent.ThreadPoolExecutor$Worker.run(ThreadPoolExecutor.java:644)
09-03 17:32:19.251  1805  1805 W A       : 	at com.google.android.libraries.i.k.run(PG:2)
09-03 17:32:19.251  1805  1805 W A       : 	at com.google.android.libraries.i.p.run(PG:4)
09-03 17:32:19.251  1805  1805 W A       : 	at java.lang.Thread.run(Thread.java:1012)
09-03 17:32:19.266   999   999 D SearchTargetUtil:  query= size=0
09-03 17:32:19.294   760   787 V WindowManagerShell: onTransitionReady android.os.BinderProxy@943267: {id=47 t=CLOSE f=0x10 trk=0 r=[0@Point(0, 0)] c=[{WCT{android.window.IWindowContainerToken$Stub$Proxy@fa6066} m=TO_FRONT f=SHOW_WALLPAPER|MOVE_TO_TOP leash=Surface(name=Task=1)/@0x3c7949a sb=Rect(0, 0 - 1080, 2400) eb=Rect(0, 0 - 1080, 2400) d=0},{WCT{android.window.IWindowContainerToken$Stub$Proxy@8de4fa7} m=CLOSE f=NONE leash=Surface(name=Task=201)/@0x45d61cb sb=Rect(0, 0 - 1080, 2400) eb=Rect(0, 0 - 1080, 2400) d=0},{null m=TO_FRONT f=IS_WALLPAPER leash=Surface(name=WallpaperWindowToken{ddf47be token=android.os.Binder@8b85e79})/@0xd90ada8 sb=Rect(0, 0 - 1080, 2400) eb=Rect(0, 0 - 1080, 2400) d=0}]}
09-03 17:32:19.294   760   787 V WindowManagerShell: Playing animation for (#47)android.os.BinderProxy@943267@0
09-03 17:32:19.294   549   569 V WindowManager: Sent Transition #47 createdAt=09-03 17:32:18.612 via request=TransitionRequestInfo { type = CLOSE, triggerTask = null, remoteTransition = null, displayChange = null }
09-03 17:32:19.294   549   569 V WindowManager:     startWCT=WindowContainerTransaction { changes = {} hops = [] errorCallbackToken=null taskFragmentOrganizer=null }
09-03 17:32:19.294   760   787 V WindowManagerShell:  try handler com.android.wm.shell.transition.DefaultMixedHandler@d0521f0
09-03 17:32:19.295   760   787 V WindowManagerShell:  try handler com.android.wm.shell.keyguard.KeyguardTransitionHandler@b26c369
09-03 17:32:19.295   549   569 V WindowManager:     info={id=47 t=CLOSE f=0x10 trk=0 r=[0@Point(0, 0)] c=[{WCT{RemoteToken{d62cb0d Task{e96a145 #1 type=home}}} m=TO_FRONT f=SHOW_WALLPAPER|MOVE_TO_TOP leash=Surface(name=Task=1)/@0x8b2416a sb=Rect(0, 0 - 1080, 2400) eb=Rect(0, 0 - 1080, 2400) d=0},{WCT{RemoteToken{3ce07e4 Task{364cd20 #201 type=standard A=10202:com.yolpilot.driver}}} m=CLOSE f=NONE leash=Surface(name=Task=201)/@0x6b2038 sb=Rect(0, 0 - 1080, 2400) eb=Rect(0, 0 - 1080, 2400) d=0},{null m=TO_FRONT f=IS_WALLPAPER leash=Surface(name=WallpaperWindowToken{ddf47be token=android.os.Binder@8b85e79})/@0xc15be0c sb=Rect(0, 0 - 1080, 2400) eb=Rect(0, 0 - 1080, 2400) d=0}]}
09-03 17:32:19.295   760   787 V WindowManagerShell:  try handler com.android.wm.shell.activityembedding.ActivityEmbeddingController@b4161ee
09-03 17:32:19.295   760   787 V WindowManagerShell:  try handler com.android.wm.shell.recents.RecentsTransitionHandler@2c1668f
09-03 17:32:19.295   760   787 V ShellRecents: RecentsTransitionHandler.startAnimation: no controller found
09-03 17:32:19.295   760   787 V WindowManagerShell:  try handler com.android.wm.shell.pip.PipTransition@b326d1c
09-03 17:32:19.295   760   787 V WindowManagerShell:  try handler com.android.wm.shell.splitscreen.StageCoordinator@15f2d25
09-03 17:32:19.295   760   787 V WindowManagerShell:  try handler com.android.wm.shell.transition.RemoteTransitionHandler@defe776
09-03 17:32:19.295   760   787 V WindowManagerShell: Transition doesn't have explicit remote, search filters for match for {id=47 t=CLOSE f=0x10 trk=0 r=[0@Point(0, 0)] c=[{WCT{android.window.IWindowContainerToken$Stub$Proxy@fa6066} m=TO_FRONT f=SHOW_WALLPAPER|MOVE_TO_TOP leash=Surface(name=Task=1)/@0x3c7949a sb=Rect(0, 0 - 1080, 2400) eb=Rect(0, 0 - 1080, 2400) d=0},{WCT{android.window.IWindowContainerToken$Stub$Proxy@8de4fa7} m=CLOSE f=NONE leash=Surface(name=Task=201)/@0x45d61cb sb=Rect(0, 0 - 1080, 2400) eb=Rect(0, 0 - 1080, 2400) d=0},{null m=TO_FRONT f=IS_WALLPAPER leash=Surface(name=WallpaperWindowToken{ddf47be token=android.os.Binder@8b85e79})/@0xd90ada8 sb=Rect(0, 0 - 1080, 2400) eb=Rect(0, 0 - 1080, 2400) d=0}]}
09-03 17:32:19.296   760   787 V WindowManagerShell:  Checking filter Pair{{types=[] flags=0x0] notFlags=0x0 checks=[{atype=dream independent=true modes=[OPEN,TO_FRONT] flags=NONE mustBeTask=false order=ANY topActivity=null},{atype=home independent=true modes=[CLOSE,TO_BACK] flags=NONE mustBeTask=false order=ANY topActivity=null}]} RemoteTransition { remoteTransition = android.window.IRemoteTransition$Stub$Proxy@ae69403, appThread = android.app.IApplicationThread$Stub$Proxy@2981f80, debugName = LauncherToDream }}
09-03 17:32:19.296   760   787 V WindowManagerShell:  Checking filter Pair{{types=[] flags=0x0] notFlags=0x100 checks=[{atype=home independent=true modes=[OPEN,TO_FRONT] flags=NONE mustBeTask=false order=TOP topActivity=ComponentInfo{com.google.android.apps.nexuslauncher/com.google.android.apps.nexuslauncher.NexusLauncherActivity}},{atype=standard independent=true modes=[CLOSE,TO_BACK] flags=NONE mustBeTask=false order=ANY topActivity=null}]} RemoteTransition { remoteTransition = android.window.IRemoteTransition$Stub$Proxy@15e99b9, appThread = android.app.IApplicationThread$Stub$Proxy@63401fe, debugName = QuickstepLaunchHome }}
09-03 17:32:19.296   760   787 D RemoteTransitionHandler: Found filterPair{{types=[] flags=0x0] notFlags=0x100 checks=[{atype=home independent=true modes=[OPEN,TO_FRONT] flags=NONE mustBeTask=false order=TOP topActivity=ComponentInfo{com.google.android.apps.nexuslauncher/com.google.android.apps.nexuslauncher.NexusLauncherActivity}},{atype=standard independent=true modes=[CLOSE,TO_BACK] flags=NONE mustBeTask=false order=ANY topActivity=null}]} RemoteTransition { remoteTransition = android.window.IRemoteTransition$Stub$Proxy@15e99b9, appThread = android.app.IApplicationThread$Stub$Proxy@63401fe, debugName = QuickstepLaunchHome }}
09-03 17:32:19.296   760   787 V WindowManagerShell:  Delegate animation for #47 to RemoteTransition { remoteTransition = android.window.IRemoteTransition$Stub$Proxy@15e99b9, appThread = android.app.IApplicationThread$Stub$Proxy@63401fe, debugName = QuickstepLaunchHome }
09-03 17:32:19.297   760   787 V WindowManagerShell:  animated by com.android.wm.shell.transition.RemoteTransitionHandler@defe776
09-03 17:32:19.306   358   406 I netd    : tetherGetStats() -> {[]} <0.66ms>
09-03 17:32:19.311   358   406 I netd    : bandwidthSetGlobalAlert(2097152) <0.05ms>
09-03 17:32:19.315   358   406 I netd    : bandwidthRemoveInterfaceQuota(eth0) <0.50ms>
09-03 17:32:19.315   358   406 I netd    : bandwidthSetInterfaceQuota(eth0, 9223372036854775807) <0.30ms>
09-03 17:32:19.434   549  1626 E TaskPersister: File error accessing recents directory (directory doesn't exist?).
09-03 17:32:19.620   760   787 V WindowManagerShell: Transition animation finished (aborted=false), notifying core (#47)android.os.BinderProxy@943267@0
09-03 17:32:19.623   549   569 V WindowManager: Finish Transition #47: created at 09-03 17:32:18.612 collect-started=0.123ms request-sent=0.277ms started=2.812ms ready=503.117ms sent=681.284ms finished=1008.957ms
09-03 17:32:19.624   760   787 V WindowManagerShell: Track 0 became idle
09-03 17:32:19.624   760   787 V WindowManagerShell: All active transition animations finished
09-03 17:32:19.710   999   999 D TaplEvents: TIS / TouchInteractionService.onInputEvent: MotionEvent { action=ACTION_DOWN, actionButton=0, id[0]=0, x[0]=338.9834, y[0]=1392.9199, toolType[0]=TOOL_TYPE_FINGER, buttonState=0, classification=NONE, metaState=0, flags=0x0, edgeFlags=0x0, pointerCount=1, historySize=0, eventTime=40205564, downTime=40205564, deviceId=4, source=0x5002, displayId=0, eventId=387252183 }
09-03 17:32:19.711  1480  1480 I AiAiTextClassifier: onDestroyTextClassificationSession = TextClassificationSessionId {d13c2966-533f-4323-9345-d72347a4d9ea}
09-03 17:32:19.712  1480  1480 I AiAiTextClassifier: onDestroyTextClassificationSession = TextClassificationSessionId {0d97e5ad-4d01-4539-9437-a91726c8e474}
09-03 17:32:19.727   549  8886 D EGL_emulation: app_time_stats: avg=72.52ms min=0.82ms max=837.93ms count=12
09-03 17:32:19.807   549   570 W WindowOnBackDispatcher: sendCancelIfRunning: isInProgress=falsecallback=android.view.ViewRootImpl$$ExternalSyntheticLambda17@874e196
09-03 17:32:19.807   549   570 D CoreBackPreview: Window{59478be u0 Application Error: com.yolpilot.driver}: Setting back callback null
09-03 17:32:19.808   999   999 D TaplEvents: TIS / TouchInteractionService.onInputEvent: MotionEvent { action=ACTION_UP, actionButton=0, id[0]=0, x[0]=338.9834, y[0]=1392.9199, toolType[0]=TOOL_TYPE_FINGER, buttonState=0, classification=NONE, metaState=0, flags=0x0, edgeFlags=0x0, pointerCount=1, historySize=0, eventTime=40205661, downTime=40205564, deviceId=4, source=0x5002, displayId=0, eventId=864502402 }
09-03 17:32:19.808   549  1816 I ActivityManager: Killing 11503:com.yolpilot.driver/u0a202 (adj 900): crash
09-03 17:32:19.808   423   620 D audioserver: FGS Logger Transaction failed
09-03 17:32:19.809   423   620 D audioserver: -129
