--------- beginning of main
09-08 21:47:36.189 21854 21854 D TaplEvents: Main / Touch event: MotionEvent { action=ACTION_DOWN, actionButton=0, id[0]=0, x[0]=409.97656, y[0]=2383.8867, toolType[0]=TOOL_TYPE_FINGER, buttonState=0, classification=NONE, metaState=0, flags=0x0, edgeFlags=0x0, pointerCount=1, historySize=0, eventTime=234808459, downTime=234808459, deviceId=4, source=0x5002, displayId=0, eventId=370325909 }
09-08 21:47:36.189 21854 21854 D TaplEvents: TIS / TouchInteractionService.onInputEvent: MotionEvent { action=ACTION_DOWN, actionButton=0, id[0]=0, x[0]=409.97656, y[0]=2383.8867, toolType[0]=TOOL_TYPE_FINGER, buttonState=0, classification=NONE, metaState=0, flags=0x0, edgeFlags=0x0, pointerCount=1, historySize=0, eventTime=234808459, downTime=234808459, deviceId=4, source=0x5002, displayId=0, eventId=370325909 }
09-08 21:47:36.261 21854 21854 D TaplEvents: Pilfer / pilferPointers
09-08 21:47:36.263 21410 23017 I InputDispatcher: Channel [Gesture Monitor] swipe-up (server) is stealing touch from [ff4b4a com.google.android.apps.nexuslauncher/com.google.android.apps.nexuslauncher.NexusLauncherActivity (server), 34284a com.android.systemui.wallpapers.ImageWallpaper (server), [Gesture Monitor] edge-swipe (server)]
09-08 21:47:36.263 21854 21854 D TaplEvents: Main / Touch event: MotionEvent { action=ACTION_CANCEL, actionButton=0, id[0]=0, x[0]=490.95703, y[0]=2383.8867, toolType[0]=TOOL_TYPE_FINGER, buttonState=0, classification=NONE, metaState=0, flags=0x20, edgeFlags=0x0, pointerCount=1, historySize=0, eventTime=234808535, downTime=234808459, deviceId=4, source=0x5002, displayId=0, eventId=1684113817 }
09-08 21:47:36.267 21854 22658 D EGL_emulation: app_time_stats: avg=478.28ms min=0.93ms max=27491.10ms count=58
--------- beginning of system
09-08 21:47:36.268 21410 21428 D AutofillManagerService: Close system dialogs
09-08 21:47:36.271 21610 21610 I vol.VolumeDialogImpl: mDialog.dismiss() reason: volume_controller from: com.android.systemui.volume.VolumeDialogImpl$7.onDismissRequested:3
09-08 21:47:36.277   426   426 I BpBinder: onLastStrongRef automatically unlinking death recipients: 
09-08 21:47:36.353 21854 21854 D TaplEvents: TIS / TouchInteractionService.onInputEvent: MotionEvent { action=ACTION_UP, actionButton=0, id[0]=0, x[0]=890.94727, y[0]=2372.9004, toolType[0]=TOOL_TYPE_FINGER, buttonState=0, classification=NONE, metaState=0, flags=0x0, edgeFlags=0x0, pointerCount=1, historySize=0, eventTime=234808625, downTime=234808459, deviceId=4, source=0x5002, displayId=0, eventId=611177691 }
09-08 21:47:36.400 21610 21665 D EGL_emulation: app_time_stats: avg=3392.55ms min=12.07ms max=30402.73ms count=9
09-08 21:47:36.433 21610 21665 D EGL_emulation: app_time_stats: avg=1517.92ms min=12.79ms max=26804.41ms count=18
09-08 21:47:36.495 21854 21854 D TaplEvents: Main / startActivityFromRecentsAsync: [id=240 windowingMode=1 user=0 lastActiveTime=234780891] null
09-08 21:47:36.501 21610 21638 V WindowManagerShell: Transition requested: android.os.BinderProxy@6417dc5 TransitionRequestInfo { type = TO_FRONT, triggerTask = TaskInfo{userId=0 taskId=240 displayId=0 isRunning=true baseIntent=Intent { act=android.settings.APPLICATION_DETAILS_SETTINGS dat=package: flg=0x10000000 cmp=com.android.settings/.applications.InstalledAppDetails } baseActivity=ComponentInfo{com.android.settings/com.android.settings.homepage.DeepLinkHomepageActivity} topActivity=ComponentInfo{com.android.settings/com.android.settings.spa.SpaActivity} origActivity=ComponentInfo{com.android.settings/com.android.settings.applications.InstalledAppDetails} realActivity=ComponentInfo{com.android.settings/com.android.settings.applications.InstalledAppDetailsTop} numActivities=2 lastActiveTime=234780891 supportsMultiWindow=true resizeMode=1 isResizeable=true minWidth=-1 minHeight=-1 defaultMinSize=220 token=WCT{android.window.IWindowContainerToken$Stub$Proxy@992c31a} topActivityType=1 pictureInPictureParams=null shouldDockBigOverlays=false launchIntoPipHostTaskId=-1 lastParentTaskIdBeforePip=-1 displayCutoutSafeInsets=Rect(0, 128 - 0, 0) topActivityInfo=ActivityInfo{b0b2e4b com.android.settings.spa.SpaActivity} launchCookies=[] positionInParent=Point(0, 0) parentTaskId=-1 isFocused=true isVisible=false isVisibleRequested=false isSleeping=false topActivityInSizeCompat=false topActivityEligibleForLetterboxEducation= false topActivityLetterboxed= false isFromDoubleTap= false topActivityLetterboxVerticalPosition= -1 topActivityLetterboxHorizontalPosition= -1 topActivityLetterboxWidth=-1 topActivityLetterboxHeight=-1 locusId=null displayAreaFeatureId=1 cameraCompatControlState=hidden}, remoteTransition = null, displayChange = null }
09-08 21:47:36.507 21610 21638 D WindowManagerShell: onActivityRestartAttempt: ComponentInfo{com.android.settings/com.android.settings.spa.SpaActivity}
09-08 21:47:36.510   426   426 I BpBinder: onLastStrongRef automatically unlinking death recipients: 
09-08 21:47:36.512 21610 21644 V SnapshotDrawerUtils: Drawing snapshot surface sizeMismatch=true
09-08 21:47:36.514 29050 29177 D DatabaseUtils: sixDayAgoTimestamp: Sep 02, 2025, 00:00:00
09-08 21:47:36.514 29050 29177 D BatteryUsageContentProvider: getQueryTimestamp from uri: content://com.android.settings.battery.usage.provider/BatteryState?timestamp=1756771200000
09-08 21:47:36.515 29050 29177 D BatteryUsageContentProvider: query battery states in 1/ms
09-08 21:47:36.516 29050 29136 W ContextImpl: Calling a method in the system process without a qualified user: android.app.ContextImpl.sendBroadcast:1220 android.content.ContextWrapper.sendBroadcast:504 com.android.settings.fuelgauge.batteryusage.BootBroadcastReceiver.invokeJobRecheck:51 com.android.settings.fuelgauge.batteryusage.BatteryUsageContentProvider.lambda$getBatteryStates$0:192 com.android.settings.fuelgauge.batteryusage.BatteryUsageContentProvider.$r8$lambda$GIZ8kfDQ4FGsQc1MEnYvlHwj8ts:0 
09-08 21:47:36.518 29050 29177 D DatabaseUtils: getHistoryMapSinceLastFullCharge() size=97 in 5/ms
09-08 21:47:36.518 29050 29177 D BatteryChartPreferenceController: getBatterySinceLastFullChargeUsageData() size=97 time=5/ms
09-08 21:47:36.518 21410 22641 E ActivityManager: Sending non-protected broadcast com.android.settings.battery.action.PERIODIC_JOB_RECHECK from system 29050:com.android.settings/1000 pkg com.android.settings
09-08 21:47:36.518 21410 22641 E ActivityManager: java.lang.Throwable
09-08 21:47:36.518 21410 22641 E ActivityManager: 	at com.android.server.am.ActivityManagerService.checkBroadcastFromSystem(ActivityManagerService.java:14306)
09-08 21:47:36.518 21410 22641 E ActivityManager: 	at com.android.server.am.ActivityManagerService.broadcastIntentLockedTraced(ActivityManagerService.java:15131)
09-08 21:47:36.518 21410 22641 E ActivityManager: 	at com.android.server.am.ActivityManagerService.broadcastIntentLocked(ActivityManagerService.java:14370)
09-08 21:47:36.518 21410 22641 E ActivityManager: 	at com.android.server.am.ActivityManagerService.broadcastIntentWithFeature(ActivityManagerService.java:15336)
09-08 21:47:36.518 21410 22641 E ActivityManager: 	at android.app.IActivityManager$Stub.onTransact(IActivityManager.java:2653)
09-08 21:47:36.518 21410 22641 E ActivityManager: 	at com.android.server.am.ActivityManagerService.onTransact(ActivityManagerService.java:2720)
09-08 21:47:36.518 21410 22641 E ActivityManager: 	at android.os.Binder.execTransactInternal(Binder.java:1339)
09-08 21:47:36.518 21410 22641 E ActivityManager: 	at android.os.Binder.execTransact(Binder.java:1275)
09-08 21:47:36.519 21410 21428 V WindowManager: Sent Transition #35 createdAt=09-08 21:47:36.498 via request=TransitionRequestInfo { type = TO_FRONT, triggerTask = TaskInfo{userId=0 taskId=240 displayId=0 isRunning=true baseIntent=Intent { act=android.settings.APPLICATION_DETAILS_SETTINGS dat=package: flg=0x10000000 cmp=com.android.settings/.applications.InstalledAppDetails } baseActivity=ComponentInfo{com.android.settings/com.android.settings.homepage.DeepLinkHomepageActivity} topActivity=ComponentInfo{com.android.settings/com.android.settings.spa.SpaActivity} origActivity=ComponentInfo{com.android.settings/com.android.settings.applications.InstalledAppDetails} realActivity=ComponentInfo{com.android.settings/com.android.settings.applications.InstalledAppDetailsTop} numActivities=2 lastActiveTime=234780891 supportsMultiWindow=true resizeMode=1 isResizeable=true minWidth=-1 minHeight=-1 defaultMinSize=220 token=WCT{RemoteToken{a0b2bf4 Task{f5a00df #240 type=standard A=1000:com.android.settings}}} topActivityType=1 pictureInPictureParams=null shouldDockBigOverlays=false launchIntoPipHostTaskId=-1 lastParentTaskIdBeforePip=-1 displayCutoutSafeInsets=Rect(0, 128 - 0, 0) topActivityInfo=ActivityInfo{7013c04 com.android.settings.spa.SpaActivity} launchCookies=[] positionInParent=Point(0, 0) parentTaskId=-1 isFocused=true isVisible=false isVisibleRequested=false isSleeping=false topActivityInSizeCompat=false topActivityEligibleForLetterboxEducation= false topActivityLetterboxed= false isFromDoubleTap= false topActivityLetterboxVerticalPosition= -1 topActivityLetterboxHorizontalPosition= -1 topActivityLetterboxWidth=-1 topActivityLetterboxHeight=-1 locusId=null displayAreaFeatureId=1 cameraCompatControlState=hidden}, remoteTransition = null, displayChange = null }
09-08 21:47:36.519 21610 21638 V WindowManagerShell: onTransitionReady android.os.BinderProxy@6417dc5: {id=35 t=TO_FRONT f=0x0 trk=0 r=[0@Point(0, 0)] c=[{WCT{android.window.IWindowContainerToken$Stub$Proxy@a09c779} m=TO_FRONT f=IN_TASK_WITH_EMBEDDED_ACTIVITY|FILLS_TASK|IS_BEHIND_STARTING_WINDOW p=WCT{android.window.IWindowContainerToken$Stub$Proxy@186fcbe} leash=Surface(name=TaskFragment{8c20e3e mode=fullscreen})/@0x62ea07d sb=Rect(0, 0 - 1080, 2400) eb=Rect(0, 0 - 1080, 2400) d=0},{WCT{android.window.IWindowContainerToken$Stub$Proxy@6fb11f} m=TO_FRONT f=MOVE_TO_TOP leash=Surface(name=Task=240)/@0x46e9b72 sb=Rect(0, 0 - 1080, 2400) eb=Rect(0, 0 - 1080, 2400) d=0},{WCT{android.window.IWindowContainerToken$Stub$Proxy@4800c6c} m=TO_BACK f=SHOW_WALLPAPER leash=Surface(name=Task=1)/@0x2a11bc3 sb=Rect(0, 0 - 1080, 2400) eb=Rect(0, 0 - 1080, 2400) d=0}]}
09-08 21:47:36.519 21410 21428 V WindowManager:     startWCT=WindowContainerTransaction { changes = {} hops = [] errorCallbackToken=null taskFragmentOrganizer=null }
09-08 21:47:36.519 21410 21428 V WindowManager:     info={id=35 t=TO_FRONT f=0x0 trk=0 r=[0@Point(0, 0)] c=[{WCT{RemoteToken{fa0a26a TaskFragment{8c20e3e mode=fullscreen}}} m=TO_FRONT f=IN_TASK_WITH_EMBEDDED_ACTIVITY|FILLS_TASK|IS_BEHIND_STARTING_WINDOW p=WCT{RemoteToken{a0b2bf4 Task{f5a00df #240 type=standard A=1000:com.android.settings}}} leash=Surface(name=TaskFragment{8c20e3e mode=fullscreen})/@0x69af70c sb=Rect(0, 0 - 1080, 2400) eb=Rect(0, 0 - 1080, 2400) d=0},{WCT{RemoteToken{a0b2bf4 Task{f5a00df #240 type=standard A=1000:com.android.settings}}} m=TO_FRONT f=MOVE_TO_TOP leash=Surface(name=Task=240)/@0xb2edf06 sb=Rect(0, 0 - 1080, 2400) eb=Rect(0, 0 - 1080, 2400) d=0},{WCT{RemoteToken{b37107e Task{efe9156 #1 type=home}}} m=TO_BACK f=SHOW_WALLPAPER leash=Surface(name=Task=1)/@0x99fdea0 sb=Rect(0, 0 - 1080, 2400) eb=Rect(0, 0 - 1080, 2400) d=0}]}
09-08 21:47:36.520 21610 21638 V WindowManagerShell: Playing animation for (#35)android.os.BinderProxy@6417dc5@0
09-08 21:47:36.520 21610 21638 V WindowManagerShell:  try handler com.android.wm.shell.transition.DefaultMixedHandler@b978549
09-08 21:47:36.520 21610 21638 V WindowManagerShell:  try handler com.android.wm.shell.keyguard.KeyguardTransitionHandler@9962e4e
09-08 21:47:36.520 21610 21638 V WindowManagerShell:  try handler com.android.wm.shell.activityembedding.ActivityEmbeddingController@561ab6f
09-08 21:47:36.520 21610 21638 V WindowManagerShell:  try handler com.android.wm.shell.recents.RecentsTransitionHandler@3ac007c
09-08 21:47:36.520 21610 21638 V ShellRecents: RecentsTransitionHandler.startAnimation: no controller found
09-08 21:47:36.520 21610 21638 V WindowManagerShell:  try handler com.android.wm.shell.pip.PipTransition@42ae15a
09-08 21:47:36.521 21610 21638 V WindowManagerShell:  try handler com.android.wm.shell.splitscreen.StageCoordinator@c878f8b
09-08 21:47:36.521 21610 21638 V WindowManagerShell:  try handler com.android.wm.shell.transition.RemoteTransitionHandler@3f6a868
09-08 21:47:36.521 21610 21638 V WindowManagerShell: Transition doesn't have explicit remote, search filters for match for {id=35 t=TO_FRONT f=0x0 trk=0 r=[0@Point(0, 0)] c=[{WCT{android.window.IWindowContainerToken$Stub$Proxy@a09c779} m=TO_FRONT f=IN_TASK_WITH_EMBEDDED_ACTIVITY|FILLS_TASK|IS_BEHIND_STARTING_WINDOW p=WCT{android.window.IWindowContainerToken$Stub$Proxy@186fcbe} leash=Surface(name=TaskFragment{8c20e3e mode=fullscreen})/@0x62ea07d sb=Rect(0, 0 - 1080, 2400) eb=Rect(0, 0 - 1080, 2400) d=0},{WCT{android.window.IWindowContainerToken$Stub$Proxy@6fb11f} m=TO_FRONT f=MOVE_TO_TOP leash=Surface(name=Task=240)/@0x46e9b72 sb=Rect(0, 0 - 1080, 2400) eb=Rect(0, 0 - 1080, 2400) d=0},{WCT{android.window.IWindowContainerToken$Stub$Proxy@4800c6c} m=TO_BACK f=SHOW_WALLPAPER leash=Surface(name=Task=1)/@0x2a11bc3 sb=Rect(0, 0 - 1080, 2400) eb=Rect(0, 0 - 1080, 2400) d=0}]}
09-08 21:47:36.521 29050 29177 D DataProcessor: getHistoryMapWithExpectedTimestamps() size=167 in 3/ms
09-08 21:47:36.521 21610 21638 V WindowManagerShell:  Checking filter Pair{{types=[] flags=0x0] notFlags=0x0 checks=[{atype=dream independent=true modes=[OPEN,TO_FRONT] flags=NONE mustBeTask=false order=ANY topActivity=null},{atype=home independent=true modes=[CLOSE,TO_BACK] flags=NONE mustBeTask=false order=ANY topActivity=null}]} RemoteTransition { remoteTransition = android.window.IRemoteTransition$Stub$Proxy@fa4a6a3, appThread = android.app.IApplicationThread$Stub$Proxy@8f2cda0, debugName = LauncherToDream }}
09-08 21:47:36.521 21610 21638 V WindowManagerShell:  Checking filter Pair{{types=[] flags=0x0] notFlags=0x100 checks=[{atype=home independent=true modes=[OPEN,TO_FRONT] flags=NONE mustBeTask=false order=TOP topActivity=ComponentInfo{com.google.android.apps.nexuslauncher/com.google.android.apps.nexuslauncher.NexusLauncherActivity}},{atype=standard independent=true modes=[CLOSE,TO_BACK] flags=NONE mustBeTask=false order=ANY topActivity=null}]} RemoteTransition { remoteTransition = android.window.IRemoteTransition$Stub$Proxy@3c87d59, appThread = android.app.IApplicationThread$Stub$Proxy@e64ad1e, debugName = QuickstepLaunchHome }}
09-08 21:47:36.521 21610 21638 V WindowManagerShell:  Delegate animation for #35 to null
09-08 21:47:36.521 21610 21638 V WindowManagerShell:  try handler com.android.wm.shell.transition.DefaultTransitionHandler@fc59481
09-08 21:47:36.521 29050 29171 E ndroid.settings: Invalid resource ID 0x00000000.
09-08 21:47:36.521 21610 21638 V WindowManagerShell: start default transition animation, info = {id=35 t=TO_FRONT f=0x0 trk=0 r=[0@Point(0, 0)] c=[{WCT{android.window.IWindowContainerToken$Stub$Proxy@a09c779} m=TO_FRONT f=IN_TASK_WITH_EMBEDDED_ACTIVITY|FILLS_TASK|IS_BEHIND_STARTING_WINDOW p=WCT{android.window.IWindowContainerToken$Stub$Proxy@186fcbe} leash=Surface(name=TaskFragment{8c20e3e mode=fullscreen})/@0x62ea07d sb=Rect(0, 0 - 1080, 2400) eb=Rect(0, 0 - 1080, 2400) d=0},{WCT{android.window.IWindowContainerToken$Stub$Proxy@6fb11f} m=TO_FRONT f=MOVE_TO_TOP leash=Surface(name=Task=240)/@0x46e9b72 sb=Rect(0, 0 - 1080, 2400) eb=Rect(0, 0 - 1080, 2400) d=0},{WCT{android.window.IWindowContainerToken$Stub$Proxy@4800c6c} m=TO_BACK f=SHOW_WALLPAPER leash=Surface(name=Task=1)/@0x2a11bc3 sb=Rect(0, 0 - 1080, 2400) eb=Rect(0, 0 - 1080, 2400) d=0}]}
09-08 21:47:36.521 29050 29171 W LocaleConfig: The resource file pointed to by the given resource ID isn't found.
09-08 21:47:36.522 29050 29171 I AppLocaleUtil: Can display preference - [com.yolpilot.driver] : isDisallowedPackage : false / isSignedWithPlatformKey : false / hasLauncherEntry : true / canDisplay : false / 1.1
09-08 21:47:36.522 29050 29177 E DataProcessor: abnormal entry list in the timestamp:Sep 04, 2025, 20:00:00
09-08 21:47:36.522 21610 21638 V WindowManagerShell: Transition animation finished (aborted=false), notifying core (#35)android.os.BinderProxy@6417dc5@0
09-08 21:47:36.522 29050 29177 E DataProcessor: abnormal entry list in the timestamp:Sep 04, 2025, 22:00:00
09-08 21:47:36.522 29050 29177 E DataProcessor: abnormal entry list in the timestamp:Sep 05, 2025, 02:00:00
09-08 21:47:36.522 29050 29177 E DataProcessor: abnormal entry list in the timestamp:Sep 05, 2025, 04:00:00
09-08 21:47:36.523 29050 29177 E DataProcessor: abnormal entry list in the timestamp:Sep 05, 2025, 06:00:00
09-08 21:47:36.523 29050 29177 E DataProcessor: abnormal entry list in the timestamp:Sep 05, 2025, 08:00:00
09-08 21:47:36.523 29050 29177 E DataProcessor: abnormal entry list in the timestamp:Sep 05, 2025, 10:00:00
09-08 21:47:36.523 29050 29177 E DataProcessor: abnormal entry list in the timestamp:Sep 05, 2025, 12:00:00
09-08 21:47:36.523 29050 29177 E DataProcessor: abnormal entry list in the timestamp:Sep 05, 2025, 14:00:00
09-08 21:47:36.523 29050 29177 E DataProcessor: abnormal entry list in the timestamp:Sep 05, 2025, 16:00:00
09-08 21:47:36.524 29050 29177 E DataProcessor: abnormal entry list in the timestamp:Sep 05, 2025, 18:00:00
09-08 21:47:36.524 29050 29177 E DataProcessor: abnormal entry list in the timestamp:Sep 05, 2025, 20:00:00
09-08 21:47:36.524 29050 29177 E DataProcessor: abnormal entry list in the timestamp:Sep 05, 2025, 22:00:00
09-08 21:47:36.524 29050 29177 E DataProcessor: abnormal entry list in the timestamp:Sep 06, 2025, 02:00:00
09-08 21:47:36.524 29050 29177 E DataProcessor: abnormal entry list in the timestamp:Sep 06, 2025, 04:00:00
09-08 21:47:36.525 29050 29177 E DataProcessor: abnormal entry list in the timestamp:Sep 06, 2025, 06:00:00
09-08 21:47:36.525 29050 29177 E DataProcessor: abnormal entry list in the timestamp:Sep 06, 2025, 08:00:00
09-08 21:47:36.525 21410 21428 V WindowManager: Finish Transition #35: created at 09-08 21:47:36.498 collect-started=0.027ms request-sent=2.504ms started=6.908ms ready=13.022ms sent=20.018ms finished=27.125ms
09-08 21:47:36.525 29050 29177 E DataProcessor: abnormal entry list in the timestamp:Sep 06, 2025, 10:00:00
09-08 21:47:36.525 29050 29177 E DataProcessor: abnormal entry list in the timestamp:Sep 06, 2025, 12:00:00
09-08 21:47:36.526 29050 29177 E DataProcessor: abnormal entry list in the timestamp:Sep 06, 2025, 14:00:00
09-08 21:47:36.527 21610 21638 V WindowManagerShell: Track 0 became idle
09-08 21:47:36.527 21610 21638 V WindowManagerShell: All active transition animations finished
09-08 21:47:36.528 21610 21638 V WindowManagerShell:  animated by com.android.wm.shell.transition.DefaultTransitionHandler@fc59481
09-08 21:47:36.528 21610 21638 V WindowManagerShell: Track 0 became idle
09-08 21:47:36.528 21610 21638 V WindowManagerShell: All active transition animations finished
09-08 21:47:36.536 29050 29069 E OpenGLRenderer: Unable to match the desired swap behavior.
09-08 21:47:36.539 21410 23029 W BatteryExternalStatsWorker: error reading Bluetooth stats: 11
09-08 21:47:36.540 21345 21378 I netd    : tetherGetStats() -> {[]} <0.32ms>
09-08 21:47:36.559 21345 21378 I netd    : bandwidthRemoveInterfaceQuota(eth0) <0.77ms>
09-08 21:47:36.560 21345 21378 I netd    : bandwidthSetInterfaceQuota(eth0, 9223372036854775807) <0.38ms>
09-08 21:47:36.570 21410 22935 D ActivityManager: sync unfroze 26392 com.google.android.permissioncontroller for 6
09-08 21:47:36.571 21410 22825 D TelephonyManager: requestModemActivityInfo: Sending result to app: ModemActivityInfo{ mTimestamp=234808822 mSleepTimeMs=0 mIdleTimeMs=234808810 mActivityStatsTechSpecificInfo=[{mRat=UNKNOWN,mFrequencyRange=UNKNOWN,mTxTimeMs[]=[0, 0, 0, 0, 0],mRxTimeMs=0}]}
09-08 21:47:36.572 21410 21450 E system_server: Cannot read thread CPU times for PID 21410
09-08 21:47:36.572 29050 29050 D BootBroadcastReceiver: refresh periodic job from action=com.android.settings.battery.action.PERIODIC_JOB_RECHECK
09-08 21:47:36.574 29050 29050 D PeriodicJobManager: schedule next alarm job at Sep 08, 2025, 22:00:00
09-08 21:47:36.578 21410 23017 I ImeTracker: com.android.settings:b381c429: onRequestHide at ORIGIN_SERVER_HIDE_INPUT reason HIDE_UNSPECIFIED_WINDOW
09-08 21:47:36.579 21410 23017 I ImeTracker: com.android.settings:b381c429: onCancelled at PHASE_SERVER_SHOULD_HIDE
09-08 21:47:36.580 22175 22175 I GoogleInputMethodService: GoogleInputMethodService.onFinishInput():3227 
09-08 21:47:36.586 26392 27071 I ServiceLiveData: Detected WallpaperServices: []
09-08 21:47:36.586 26392 27071 I ServiceLiveData: Detected VoiceInteractionServices: [com.google.android.googlequicksearchbox]
09-08 21:47:36.586 26392 27071 I ServiceLiveData: Detected PrintServices: [com.android.bips]
09-08 21:47:36.587 26392 27071 I ServiceLiveData: Not exempting com.android.dreams.basic - not an active DreamService for u0
09-08 21:47:36.587 26392 27071 I ServiceLiveData: Not exempting com.google.android.apps.photos - not an active DreamService for u0
09-08 21:47:36.587 26392 27071 I ServiceLiveData: Not exempting com.google.android.deskclock - not an active DreamService for u0
09-08 21:47:36.587 26392 27071 I ServiceLiveData: Detected DreamServices: []
09-08 21:47:36.588 26392 27053 I ServiceLiveData: Not exempting com.android.systemui.accessibility.accessibilitymenu - not an active AccessibilityService for u0
09-08 21:47:36.588 26392 27053 I ServiceLiveData: Not exempting com.google.android.marvin.talkback - not an active AccessibilityService for u0
09-08 21:47:36.589 26392 27053 I ServiceLiveData: Not exempting com.google.android.marvin.talkback - not an active AccessibilityService for u0
09-08 21:47:36.589 26392 27053 I ServiceLiveData: Detected AccessibilityServices: []
09-08 21:47:36.589 26392 27071 I ServiceLiveData: Detected AutofillServices: [com.google.android.gms]
09-08 21:47:36.589 26392 27074 I ServiceLiveData: Not exempting com.google.android.gms - not an active NotificationListenerService for u0
09-08 21:47:36.589 26392 27051 I BroadcastReceiverLiveData: Not exempting com.google.android.gms - not an active DEVICE_ADMIN_ENABLED for u0
09-08 21:47:36.589 26392 27053 I ServiceLiveData: Not exempting com.google.android.gms - not an active DEVICE_ADMIN_SERVICE for u0
09-08 21:47:36.590 26392 27051 I BroadcastReceiverLiveData: Detected DEVICE_ADMIN_ENABLEDs: []
09-08 21:47:36.590 26392 27053 I ServiceLiveData: Detected DEVICE_ADMIN_SERVICEs: []
09-08 21:47:36.590 26392 27074 I ServiceLiveData: Not exempting com.google.android.projection.gearhead - not an active NotificationListenerService for u0
09-08 21:47:36.591 26392 27074 I ServiceLiveData: Detected NotificationListenerServices: [com.google.android.apps.nexuslauncher, com.google.android.as]
09-08 21:47:36.591 26392 27072 I ServiceLiveData: Detected InputMethods: [com.google.android.inputmethod.latin, com.google.android.tts]
09-08 21:47:36.592 21345 21378 I netd    : tetherGetStats() -> {[]} <0.19ms>
09-08 21:47:36.593 22175 22175 I GoogleInputMethodService: GoogleInputMethodService.updateDeviceLockedStatus():2087 repeatCheckTimes = 0, unlocked = true
09-08 21:47:36.593 22175 22175 I GoogleInputMethodService: GoogleInputMethodService.onStartInput():1877 onStartInput(EditorInfo{inputType=0x0(NULL) imeOptions=0x0 privateImeOptions=null actionName=UNSPECIFIED actionLabel=null actionId=0 initialSelStart=-1 initialSelEnd=-1 initialCapsMode=0x0 hintText=null label=null packageName=com.android.settings fieldId=0 fieldName=null extras=null}, false)
09-08 21:47:36.594 22175 22175 I GoogleInputMethodService: GoogleInputMethodService.shouldHideHeaderOnInitialState():4008 ShouldHideHeaderOnInitialState = false
09-08 21:47:36.594 22175 22175 I GoogleInputMethodService: GoogleInputMethodService.updateDeviceLockedStatus():2087 repeatCheckTimes = 2, unlocked = true
09-08 21:47:36.599 26392 27073 I ServiceLiveData: Detected PrintServices: [com.android.bips]
09-08 21:47:36.600 21345 21378 I netd    : bandwidthRemoveInterfaceQuota(eth0) <0.32ms>
09-08 21:47:36.601 21345 21378 I netd    : bandwidthSetInterfaceQuota(eth0, 9223372036854775807) <0.22ms>
09-08 21:47:36.601 26392 27072 I ServiceLiveData: Detected AutofillServices: [com.google.android.gms]
09-08 21:47:36.601 26392 27051 I ServiceLiveData: Detected WallpaperServices: []
09-08 21:47:36.601 26392 27074 I ServiceLiveData: Detected VoiceInteractionServices: [com.google.android.googlequicksearchbox]
09-08 21:47:36.601 26392 27072 I BroadcastReceiverLiveData: Not exempting com.google.android.gms - not an active DEVICE_ADMIN_ENABLED for u0
09-08 21:47:36.602 26392 27072 I BroadcastReceiverLiveData: Detected DEVICE_ADMIN_ENABLEDs: []
09-08 21:47:36.602 26392 27077 I ServiceLiveData: Not exempting com.android.dreams.basic - not an active DreamService for u0
09-08 21:47:36.602 26392 27077 I ServiceLiveData: Not exempting com.google.android.apps.photos - not an active DreamService for u0
09-08 21:47:36.602 26392 27077 I ServiceLiveData: Not exempting com.google.android.deskclock - not an active DreamService for u0
09-08 21:47:36.602 26392 27077 I ServiceLiveData: Detected DreamServices: []
09-08 21:47:36.602 26392 27073 I ServiceLiveData: Not exempting com.google.android.gms - not an active DEVICE_ADMIN_SERVICE for u0
09-08 21:47:36.603 26392 27071 I ServiceLiveData: Not exempting com.google.android.gms - not an active NotificationListenerService for u0
09-08 21:47:36.603 26392 27053 I ServiceLiveData: Not exempting com.android.systemui.accessibility.accessibilitymenu - not an active AccessibilityService for u0
09-08 21:47:36.603 26392 27053 I ServiceLiveData: Not exempting com.google.android.marvin.talkback - not an active AccessibilityService for u0
09-08 21:47:36.603 26392 27053 I ServiceLiveData: Not exempting com.google.android.marvin.talkback - not an active AccessibilityService for u0
09-08 21:47:36.603 26392 27053 I ServiceLiveData: Detected AccessibilityServices: []
09-08 21:47:36.604 26392 27055 I ServiceLiveData: Detected InputMethods: [com.google.android.inputmethod.latin, com.google.android.tts]
09-08 21:47:36.604 26392 27073 I ServiceLiveData: Detected DEVICE_ADMIN_SERVICEs: []
09-08 21:47:36.604 26392 27071 I ServiceLiveData: Not exempting com.google.android.projection.gearhead - not an active NotificationListenerService for u0
09-08 21:47:36.604 26392 27071 I ServiceLiveData: Detected NotificationListenerServices: [com.google.android.apps.nexuslauncher, com.google.android.as]
09-08 21:47:36.607 21410 21609 D NetworkStatsObservers: Unregistering RequestInfo from pid/uid:21410/1000(android) for DataUsageRequest [ requestId=15, networkTemplate=NetworkTemplate: matchRule=MOBILE, matchSubscriberIds=[310260...], matchWifiNetworkKeys=[], metered=YES, defaultNetwork=NO, thresholdInBytes=10500722 ] accessLevel:3
09-08 21:47:36.607 21854 21921 I ImeTracker: com.google.android.apps.nexuslauncher:d12b2864: onRequestHide at ORIGIN_CLIENT_HIDE_SOFT_INPUT reason HIDE_SOFT_INPUT
09-08 21:47:36.607 21410 21535 D NetworkStatsObservers: Registering observer for RequestInfo from pid/uid:21410/1000(android) for DataUsageRequest [ requestId=16, networkTemplate=NetworkTemplate: matchRule=MOBILE, matchSubscriberIds=[310260...], matchWifiNetworkKeys=[], metered=YES, defaultNetwork=NO, thresholdInBytes=10500641 ] accessLevel:3
09-08 21:47:36.609 21410 23029 W InputMethodManagerService: Ignoring hideSoftInput of uid 10168 : com.android.internal.inputmethod.IInputMethodClient$Stub$Proxy@a6ad96e
09-08 21:47:36.609 21854 22813 D OneSearchSuggestProvider: Shut down the binder channel
09-08 21:47:36.609 21410 23029 I ImeTracker: com.google.android.apps.nexuslauncher:d12b2864: onCancelled at PHASE_SERVER_CLIENT_FOCUSED
09-08 21:47:36.610 21854 22270 I IPCThreadState: oneway function results for code 2 on binder at 0x7293a7298740 will be dropped but finished with status UNKNOWN_TRANSACTION
09-08 21:47:36.611 21854 21921 I ImeTracker: com.google.android.apps.nexuslauncher:697d91bc: onRequestHide at ORIGIN_CLIENT_HIDE_SOFT_INPUT reason HIDE_SOFT_INPUT
09-08 21:47:36.612 21410 22935 W InputMethodManagerService: Ignoring hideSoftInput of uid 10168 : com.android.internal.inputmethod.IInputMethodClient$Stub$Proxy@417709c
09-08 21:47:36.613 21410 22935 I ImeTracker: com.google.android.apps.nexuslauncher:697d91bc: onCancelled at PHASE_SERVER_CLIENT_FOCUSED
09-08 21:47:36.616 21345 21378 I netd    : tetherGetStats() -> {[]} <0.16ms>
09-08 21:47:36.617 21854 21854 W FrameTracker: Missed App frame:UNKNOWN: 12, 174381226, 18797444, CUJ=J<LAUNCHER_OPEN_ALL_APPS>
09-08 21:47:36.617 21854 21854 W FrameTracker: Missed SF frame:UNKNOWN: 12, 174381226, 18797444, CUJ=J<LAUNCHER_OPEN_ALL_APPS>
09-08 21:47:36.617 21854 21854 W FrameTracker: Missed App frame:UNKNOWN: 24, 174381248, 33813678, CUJ=J<LAUNCHER_OPEN_ALL_APPS>
09-08 21:47:36.617 21854 21854 W FrameTracker: Missed SF frame:UNKNOWN: 24, 174381248, 33813678, CUJ=J<LAUNCHER_OPEN_ALL_APPS>
09-08 21:47:36.617 21854 21854 W FrameTracker: Missed SF frame:UNKNOWN: 80, 174381270, 24629612, CUJ=J<LAUNCHER_OPEN_ALL_APPS>
09-08 21:47:36.617 21854 21854 W FrameTracker: Missed SF frame:UNKNOWN: 80, 174381292, 0, CUJ=J<LAUNCHER_OPEN_ALL_APPS>
09-08 21:47:36.617 21854 21854 W FrameTracker: Missing HWUI jank callback for vsyncId: 174381292, CUJ=J<LAUNCHER_OPEN_ALL_APPS>
09-08 21:47:36.618 21854 21854 W FrameTracker: Missed SF frame:UNKNOWN: 80, 174381314, 21338080, CUJ=J<LAUNCHER_OPEN_ALL_APPS>
09-08 21:47:36.618 21854 21854 W FrameTracker: Missed SF frame:UNKNOWN: 80, 174381329, 25038514, CUJ=J<LAUNCHER_OPEN_ALL_APPS>
09-08 21:47:36.618 21854 21854 W FrameTracker: Missed SF frame:UNKNOWN: 80, 174381351, 23867948, CUJ=J<LAUNCHER_OPEN_ALL_APPS>
09-08 21:47:36.618 21854 21854 W FrameTracker: Missed SF frame:UNKNOWN: 80, 174381373, 25000182, CUJ=J<LAUNCHER_OPEN_ALL_APPS>
09-08 21:47:36.618 21854 21854 W FrameTracker: Missed SF frame:UNKNOWN: 80, 174381388, 21892516, CUJ=J<LAUNCHER_OPEN_ALL_APPS>
09-08 21:47:36.618 21854 21854 W FrameTracker: Missed SF frame:UNKNOWN: 80, 174381403, 25737150, CUJ=J<LAUNCHER_OPEN_ALL_APPS>
09-08 21:47:36.618 21854 21854 W FrameTracker: Missed SF frame:UNKNOWN: 80, 174381418, 23120384, CUJ=J<LAUNCHER_OPEN_ALL_APPS>
09-08 21:47:36.618 21854 21854 W FrameTracker: Missed SF frame:UNKNOWN: 80, 174381433, 22959218, CUJ=J<LAUNCHER_OPEN_ALL_APPS>
09-08 21:47:36.618 21854 21854 W FrameTracker: Missing SF jank callback for vsyncId: 174381455, CUJ=J<LAUNCHER_OPEN_ALL_APPS>
09-08 21:47:36.632 29050 29177 W DataProcessor: shouldShowBatteryAttributionList(): 0.1
09-08 21:47:36.632 29050 29177 W DataProcessor: batteryEntryList is null or empty in convertToBatteryHistEntry()
09-08 21:47:36.633 21345 21378 I netd    : tetherGetStats() -> {[]} <0.21ms>
09-08 21:47:36.643 29050 29177 D AppBatteryPresenter: loadBatteryDiffEntries():
09-08 21:47:36.643 29050 29177 D AppBatteryPresenter: null
09-08 21:47:36.657 21410 21482 D ActivityManager: sync unfroze 26488 com.google.android.youtube for 6
09-08 21:47:36.662 21410 21482 D ActivityManager: sync unfroze 22400 com.google.android.gms for 6
09-08 21:47:36.662 21410 21482 W ProcessStats: Tracking association SourceState{bfc170f com.google.android.youtube/10138 ImpBg #6069} whose proc state 6 is better than process ProcessState{a6ee1d6 com.google.android.gms/10131 pkg=com.google.android.gms} proc state 14 (33 skipped)
09-08 21:47:36.662 21345 21378 I netd    : tetherGetStats() -> {[]} <1.12ms>
09-08 21:47:36.670 21410 21482 D ActivityManager: sync unfroze 28635 com.android.chrome for 4
09-08 21:47:36.714 22400 22400 D BoundBrokerSvc: onUnbind: Intent { act=com.google.android.gms.potokens.service.START dat=chimera-action:/... cmp=com.google.android.gms/.chimera.GmsApiService }
09-08 21:47:36.900 26488 26500 W android.youtube: Reducing the number of considered missed Gc histogram windows from 267 to 100
09-08 21:47:37.034 21854 21854 D TaplEvents: TIS / TouchInteractionService.onInputEvent: MotionEvent { action=ACTION_DOWN, actionButton=0, id[0]=0, x[0]=456.97656, y[0]=2293.872, toolType[0]=TOOL_TYPE_FINGER, buttonState=0, classification=NONE, metaState=0, flags=0x0, edgeFlags=0x0, pointerCount=1, historySize=0, eventTime=234809306, downTime=234809306, deviceId=4, source=0x5002, displayId=0, eventId=730752485 }
09-08 21:47:37.120 21854 21854 D TaplEvents: TIS / TouchInteractionService.onInputEvent: MotionEvent { action=ACTION_UP, actionButton=0, id[0]=0, x[0]=490.95703, y[0]=2301.9287, toolType[0]=TOOL_TYPE_FINGER, buttonState=0, classification=NONE, metaState=0, flags=0x0, edgeFlags=0x0, pointerCount=1, historySize=0, eventTime=234809392, downTime=234809306, deviceId=4, source=0x5002, displayId=0, eventId=705458844 }
09-08 21:47:37.433 21854 21854 D TaplEvents: TIS / TouchInteractionService.onInputEvent: MotionEvent { action=ACTION_DOWN, actionButton=0, id[0]=0, x[0]=490.95703, y[0]=2372.9004, toolType[0]=TOOL_TYPE_FINGER, buttonState=0, classification=NONE, metaState=0, flags=0x0, edgeFlags=0x0, pointerCount=1, historySize=0, eventTime=234809704, downTime=234809704, deviceId=4, source=0x5002, displayId=0, eventId=317141714 }
09-08 21:47:37.435 21610 21638 V ShellRecents: RecentsTransitionHandler.startRecentsTransition
09-08 21:47:37.435 21610 21638 V WindowManagerShell: Directly starting a new transition type=3 wct=WindowContainerTransaction { changes = {} hops = [{PendingIntent: options=Bundle[mParcelledData.dataSize=332]}] errorCallbackToken=null taskFragmentOrganizer=null } handler=com.android.wm.shell.recents.RecentsTransitionHandler@3ac007c
09-08 21:47:37.439 21610 21638 V ShellRecents: [137504458] RecentsController.setTransition: id=android.os.BinderProxy@f68403b
09-08 21:47:37.443   426   426 I BpBinder: onLastStrongRef automatically unlinking death recipients: 
09-08 21:47:37.447 21610 21665 D EGL_emulation: app_time_stats: avg=3.67ms min=0.53ms max=32.74ms count=61
09-08 21:47:37.449 21854 21921 I ImeTracker: com.google.android.apps.nexuslauncher:69803972: onRequestHide at ORIGIN_CLIENT_HIDE_SOFT_INPUT reason HIDE_SOFT_INPUT
09-08 21:47:37.449 21854 21921 I ImeTracker: com.google.android.apps.nexuslauncher:69803972: onFailed at PHASE_CLIENT_VIEW_SERVED
09-08 21:47:37.457 22682 23365 E OpenGLRenderer: Unable to match the desired swap behavior.
09-08 21:47:37.471 21854 22658 E OpenGLRenderer: Unable to match the desired swap behavior.
09-08 21:47:37.513 21854 21854 D TaplEvents: Pilfer / pilferPointers
09-08 21:47:37.519 21610 21638 V WindowManagerShell: onTransitionReady android.os.BinderProxy@f68403b: {id=36 t=TO_FRONT f=0x80 trk=0 r=[0@Point(0, 0)] c=[{WCT{android.window.IWindowContainerToken$Stub$Proxy@9ad7d04} m=TO_FRONT f=SHOW_WALLPAPER|MOVE_TO_TOP leash=Surface(name=Task=1)/@0xb978358 sb=Rect(0, 0 - 1080, 2400) eb=Rect(0, 0 - 1080, 2400) d=0},{WCT{android.window.IWindowContainerToken$Stub$Proxy@da2ed} m=TO_BACK f=NONE leash=Surface(name=Task=240)/@0x797ecb1 sb=Rect(0, 0 - 1080, 2400) eb=Rect(0, 0 - 1080, 2400) d=0},{null m=TO_FRONT f=IS_WALLPAPER leash=Surface(name=WallpaperWindowToken{b0a2c90 token=android.os.Binder@2736b53})/@0x7b3e596 sb=Rect(0, 0 - 1080, 2400) eb=Rect(0, 0 - 1080, 2400) d=0}]}
09-08 21:47:37.519 21610 21638 V WindowManagerShell: Playing animation for (#36)android.os.BinderProxy@f68403b@0
09-08 21:47:37.519 21610 21638 V WindowManagerShell:  try firstHandler com.android.wm.shell.recents.RecentsTransitionHandler@3ac007c
09-08 21:47:37.522 21410 21428 V WindowManager: Sent Transition #36 createdAt=09-08 21:47:37.436
09-08 21:47:37.522 21410 21428 V WindowManager:     startWCT=WindowContainerTransaction { changes = {} hops = [{PendingIntent: options=Bundle[{android.activity.splashScreenStyle=-1, android.activity.sourceInfo=android.app.ActivityOptions$SourceInfo@a94cfdd, android.activity.transientLaunch=true}]}] errorCallbackToken=null taskFragmentOrganizer=null }
09-08 21:47:37.523 21410 21428 V WindowManager:     info={id=36 t=TO_FRONT f=0x80 trk=0 r=[0@Point(0, 0)] c=[{WCT{RemoteToken{b37107e Task{efe9156 #1 type=home}}} m=TO_FRONT f=SHOW_WALLPAPER|MOVE_TO_TOP leash=Surface(name=Task=1)/@0x99fdea0 sb=Rect(0, 0 - 1080, 2400) eb=Rect(0, 0 - 1080, 2400) d=0},{WCT{RemoteToken{a0b2bf4 Task{f5a00df #240 type=standard A=1000:com.android.settings}}} m=TO_BACK f=NONE leash=Surface(name=Task=240)/@0xb2edf06 sb=Rect(0, 0 - 1080, 2400) eb=Rect(0, 0 - 1080, 2400) d=0},{null m=TO_FRONT f=IS_WALLPAPER leash=Surface(name=WallpaperWindowToken{b0a2c90 token=android.os.Binder@2736b53})/@0xbff0df2 sb=Rect(0, 0 - 1080, 2400) eb=Rect(0, 0 - 1080, 2400) d=0}]}
09-08 21:47:37.524 21610 21638 V ShellRecents: [137504458] RecentsController.start
09-08 21:47:37.525 21410 23029 I InputDispatcher: Channel [Gesture Monitor] swipe-up (server) is stealing touch from [4d6f5a5 com.android.settings/com.android.settings.spa.SpaActivity (server), [Gesture Monitor] edge-swipe (server)]
09-08 21:47:37.526 21610 21638 V ShellRecents:   adding pausing leaf taskId=240 at layer=8
09-08 21:47:37.537 21610 21638 V ShellRecents: [137504458] RecentsController.start: calling onAnimationStart
09-08 21:47:37.537 21610 21638 V WindowManagerShell:  animated by firstHandler
09-08 21:47:37.540 21854 21854 D RemoteTargetGluer: appCount: 1 handleLength: 2
09-08 21:47:37.540   426   566 I BpBinder: onLastStrongRef automatically unlinking death recipients: 
09-08 21:47:37.540 21854 21854 D RemoteTargetGluer: resizing handles
09-08 21:47:37.540 21854 21854 D RemoteTargetGluer: containsSplitTargets? false handleLength: 1 appsLength: 1
09-08 21:47:37.541 21854 21854 D RemoteTargetGluer: appCount: 1 handleLength: 2
09-08 21:47:37.541 21854 21854 D RemoteTargetGluer: resizing handles
09-08 21:47:37.541 21854 21854 D RemoteTargetGluer: containsSplitTargets? false handleLength: 1 appsLength: 1
09-08 21:47:37.541 21410 21428 D AutofillManagerService: Close system dialogs
09-08 21:47:37.542 21610 21638 V ShellRecents: [137504458] RecentsController.setInputConsumerEnabled: set focus to recents
09-08 21:47:37.549 21610 21610 I vol.VolumeDialogImpl: mDialog.dismiss() reason: volume_controller from: com.android.systemui.volume.VolumeDialogImpl$7.onDismissRequested:3
09-08 21:47:37.595 29050 29069 D EGL_emulation: app_time_stats: avg=73.44ms min=5.14ms max=551.50ms count=14
09-08 21:47:37.617 21854 21854 D TaplEvents: TIS / TouchInteractionService.onInputEvent: MotionEvent { action=ACTION_UP, actionButton=0, id[0]=0, x[0]=919.9512, y[0]=2370.9229, toolType[0]=TOOL_TYPE_FINGER, buttonState=0, classification=NONE, metaState=0, flags=0x0, edgeFlags=0x0, pointerCount=1, historySize=0, eventTime=234809888, downTime=234809704, deviceId=4, source=0x5002, displayId=0, eventId=850700702 }
09-08 21:47:38.161 21610 21638 V ShellRecents: [137504458] RecentsController.finishInner: toHome=false userLeave=false willFinishToHome=false state=0
09-08 21:47:38.161 21610 21638 V ShellRecents:   returning to app
09-08 21:47:38.161 21610 21638 V ShellRecents: [137504458] RecentsController.cleanup
09-08 21:47:38.162 21610 21638 V WindowManagerShell: Transition animation finished (aborted=false), notifying core (#36)android.os.BinderProxy@f68403b@0
09-08 21:47:38.166 21410 21428 V WindowManager: Finish Transition #36: created at 09-08 21:47:37.436 collect-started=0.061ms started=0.203ms ready=2.503ms sent=82.257ms finished=730.382ms
09-08 21:47:38.168 21610 21638 V WindowManagerShell: Track 0 became idle
09-08 21:47:38.169 21610 21638 V WindowManagerShell: All active transition animations finished
09-08 21:47:38.196 21410 22825 I ImeTracker: com.android.settings:dfcc2eef: onRequestHide at ORIGIN_SERVER_HIDE_INPUT reason HIDE_SAME_WINDOW_FOCUSED_WITHOUT_EDITOR
09-08 21:47:38.196 21410 22825 I ImeTracker: com.android.settings:dfcc2eef: onCancelled at PHASE_SERVER_SHOULD_HIDE
09-08 21:47:38.197 22175 22175 I GoogleInputMethodService: GoogleInputMethodService.onFinishInput():3227 
09-08 21:47:38.197 22175 22175 I GoogleInputMethodService: GoogleInputMethodService.updateDeviceLockedStatus():2087 repeatCheckTimes = 0, unlocked = true
09-08 21:47:38.198 22175 22175 I GoogleInputMethodService: GoogleInputMethodService.onStartInput():1877 onStartInput(EditorInfo{inputType=0x0(NULL) imeOptions=0x0 privateImeOptions=null actionName=UNSPECIFIED actionLabel=null actionId=0 initialSelStart=-1 initialSelEnd=-1 initialCapsMode=0x0 hintText=null label=null packageName=com.android.settings fieldId=0 fieldName=null extras=null}, false)
09-08 21:47:38.198 22175 22175 I GoogleInputMethodService: GoogleInputMethodService.shouldHideHeaderOnInitialState():4008 ShouldHideHeaderOnInitialState = false
09-08 21:47:38.199 22175 22175 I GoogleInputMethodService: GoogleInputMethodService.updateDeviceLockedStatus():2087 repeatCheckTimes = 2, unlocked = true
09-08 21:47:38.206 21854 21921 I ImeTracker: com.google.android.apps.nexuslauncher:22623cad: onRequestHide at ORIGIN_CLIENT_HIDE_SOFT_INPUT reason HIDE_SOFT_INPUT
09-08 21:47:38.206 21854 21921 I ImeTracker: com.google.android.apps.nexuslauncher:22623cad: onFailed at PHASE_CLIENT_VIEW_SERVED
09-08 21:47:38.207 21854 21921 I ImeTracker: com.google.android.apps.nexuslauncher:3df432e7: onRequestHide at ORIGIN_CLIENT_HIDE_SOFT_INPUT reason HIDE_SOFT_INPUT
09-08 21:47:38.207 21854 21921 I ImeTracker: com.google.android.apps.nexuslauncher:3df432e7: onFailed at PHASE_CLIENT_VIEW_SERVED
09-08 21:47:38.207 21854 22813 D OneSearchSuggestProvider: Shut down the binder channel
09-08 21:47:38.311 21854 21854 D TaplEvents: TIS / TouchInteractionService.onInputEvent: MotionEvent { action=ACTION_DOWN, actionButton=0, id[0]=0, x[0]=916.95215, y[0]=2280.9082, toolType[0]=TOOL_TYPE_FINGER, buttonState=0, classification=NONE, metaState=0, flags=0x0, edgeFlags=0x0, pointerCount=1, historySize=0, eventTime=234810582, downTime=234810582, deviceId=4, source=0x5002, displayId=0, eventId=842430924 }
09-08 21:47:38.400 21854 21854 D TaplEvents: TIS / TouchInteractionService.onInputEvent: MotionEvent { action=ACTION_UP, actionButton=0, id[0]=0, x[0]=916.95215, y[0]=2280.9082, toolType[0]=TOOL_TYPE_FINGER, buttonState=0, classification=NONE, metaState=0, flags=0x0, edgeFlags=0x0, pointerCount=1, historySize=0, eventTime=234810672, downTime=234810582, deviceId=4, source=0x5002, displayId=0, eventId=110072166 }
09-08 21:47:38.840 21854 21854 D TaplEvents: TIS / TouchInteractionService.onInputEvent: MotionEvent { action=ACTION_DOWN, actionButton=0, id[0]=0, x[0]=551.96387, y[0]=2388.8672, toolType[0]=TOOL_TYPE_FINGER, buttonState=0, classification=NONE, metaState=0, flags=0x0, edgeFlags=0x0, pointerCount=1, historySize=0, eventTime=234811111, downTime=234811111, deviceId=4, source=0x5002, displayId=0, eventId=631500297 }
09-08 21:47:38.843 21610 21638 V ShellRecents: RecentsTransitionHandler.startRecentsTransition
09-08 21:47:38.843 21610 21638 V WindowManagerShell: Directly starting a new transition type=3 wct=WindowContainerTransaction { changes = {} hops = [{PendingIntent: options=Bundle[mParcelledData.dataSize=332]}] errorCallbackToken=null taskFragmentOrganizer=null } handler=com.android.wm.shell.recents.RecentsTransitionHandler@3ac007c
09-08 21:47:38.849 21610 21638 V ShellRecents: [81094812] RecentsController.setTransition: id=android.os.BinderProxy@96542a5
09-08 21:47:38.850 21854 21921 I ImeTracker: com.google.android.apps.nexuslauncher:34e545f4: onRequestHide at ORIGIN_CLIENT_HIDE_SOFT_INPUT reason HIDE_SOFT_INPUT
09-08 21:47:38.850 21854 21921 I ImeTracker: com.google.android.apps.nexuslauncher:34e545f4: onFailed at PHASE_CLIENT_VIEW_SERVED
09-08 21:47:38.861   426   426 I BpBinder: onLastStrongRef automatically unlinking death recipients: 
09-08 21:47:38.886 21854 22658 E OpenGLRenderer: Unable to match the desired swap behavior.
09-08 21:47:38.887 22682 23365 E OpenGLRenderer: Unable to match the desired swap behavior.
09-08 21:47:38.924 21854 21854 D TaplEvents: Pilfer / pilferPointers
09-08 21:47:38.926 22303 22303 I AiAiTextClassifier: onDestroyTextClassificationSession = TextClassificationSessionId {6977a8c6-66aa-406d-b803-e6e80181f4e5}
09-08 21:47:38.926 21410 22935 I InputDispatcher: Channel [Gesture Monitor] swipe-up (server) is stealing touch from [4d6f5a5 com.android.settings/com.android.settings.spa.SpaActivity (server), [Gesture Monitor] edge-swipe (server)]
09-08 21:47:38.929 21410 21421 W JavaBinder: BinderProxy is being destroyed but the application did not call unlinkToDeath to unlink all of its death recipients beforehand.  Releasing leaked death recipient: com.android.server.am.ActivityManagerService$14
09-08 21:47:38.929 21410 21421 I BpBinder: onLastStrongRef automatically unlinking death recipients: 
09-08 21:47:38.932 21610 21638 V WindowManagerShell: onTransitionReady android.os.BinderProxy@96542a5: {id=37 t=TO_FRONT f=0x80 trk=0 r=[0@Point(0, 0)] c=[{WCT{android.window.IWindowContainerToken$Stub$Proxy@64ee046} m=TO_FRONT f=SHOW_WALLPAPER|MOVE_TO_TOP leash=Surface(name=Task=1)/@0xb09d67a sb=Rect(0, 0 - 1080, 2400) eb=Rect(0, 0 - 1080, 2400) d=0},{WCT{android.window.IWindowContainerToken$Stub$Proxy@40f0207} m=TO_BACK f=NONE leash=Surface(name=Task=240)/@0xee5ae2b sb=Rect(0, 0 - 1080, 2400) eb=Rect(0, 0 - 1080, 2400) d=0},{null m=TO_FRONT f=IS_WALLPAPER leash=Surface(name=WallpaperWindowToken{b0a2c90 token=android.os.Binder@2736b53})/@0x31e7288 sb=Rect(0, 0 - 1080, 2400) eb=Rect(0, 0 - 1080, 2400) d=0}]}
09-08 21:47:38.933 21610 21638 V WindowManagerShell: Playing animation for (#37)android.os.BinderProxy@96542a5@0
09-08 21:47:38.933 21610 21638 V WindowManagerShell:  try firstHandler com.android.wm.shell.recents.RecentsTransitionHandler@3ac007c
09-08 21:47:38.933 22303 22303 I AiAiTextClassifier: onDestroyTextClassificationSession = TextClassificationSessionId {2a1235d8-a4f2-4f64-b039-d81f1bc8be92}
09-08 21:47:38.934 21610 21638 V ShellRecents: [81094812] RecentsController.start
09-08 21:47:38.934 21610 21638 V ShellRecents:   adding pausing leaf taskId=240 at layer=8
09-08 21:47:38.935 21610 21638 V ShellRecents: [81094812] RecentsController.start: calling onAnimationStart
09-08 21:47:38.935 21610 21638 V WindowManagerShell:  animated by firstHandler
09-08 21:47:38.935   426   440 I BpBinder: onLastStrongRef automatically unlinking death recipients: 
09-08 21:47:38.938 21854 21854 D RemoteTargetGluer: appCount: 1 handleLength: 2
09-08 21:47:38.938 21854 21854 D RemoteTargetGluer: resizing handles
09-08 21:47:38.938 21854 21854 D RemoteTargetGluer: containsSplitTargets? false handleLength: 1 appsLength: 1
09-08 21:47:38.938 21410 21428 V WindowManager: Sent Transition #37 createdAt=09-08 21:47:38.843
09-08 21:47:38.938 21410 21428 V WindowManager:     startWCT=WindowContainerTransaction { changes = {} hops = [{PendingIntent: options=Bundle[{android.activity.splashScreenStyle=-1, android.activity.sourceInfo=android.app.ActivityOptions$SourceInfo@ff49cfd, android.activity.transientLaunch=true}]}] errorCallbackToken=null taskFragmentOrganizer=null }
09-08 21:47:38.938 21410 21428 V WindowManager:     info={id=37 t=TO_FRONT f=0x80 trk=0 r=[0@Point(0, 0)] c=[{WCT{RemoteToken{b37107e Task{efe9156 #1 type=home}}} m=TO_FRONT f=SHOW_WALLPAPER|MOVE_TO_TOP leash=Surface(name=Task=1)/@0x99fdea0 sb=Rect(0, 0 - 1080, 2400) eb=Rect(0, 0 - 1080, 2400) d=0},{WCT{RemoteToken{a0b2bf4 Task{f5a00df #240 type=standard A=1000:com.android.settings}}} m=TO_BACK f=NONE leash=Surface(name=Task=240)/@0xb2edf06 sb=Rect(0, 0 - 1080, 2400) eb=Rect(0, 0 - 1080, 2400) d=0},{null m=TO_FRONT f=IS_WALLPAPER leash=Surface(name=WallpaperWindowToken{b0a2c90 token=android.os.Binder@2736b53})/@0xbff0df2 sb=Rect(0, 0 - 1080, 2400) eb=Rect(0, 0 - 1080, 2400) d=0}]}
09-08 21:47:38.938 21854 21854 D RemoteTargetGluer: appCount: 1 handleLength: 2
09-08 21:47:38.938 21854 21854 D RemoteTargetGluer: resizing handles
09-08 21:47:38.938 21854 21854 D RemoteTargetGluer: containsSplitTargets? false handleLength: 1 appsLength: 1
09-08 21:47:38.938 21410 21428 D AutofillManagerService: Close system dialogs
09-08 21:47:38.941 21610 21610 I vol.VolumeDialogImpl: mDialog.dismiss() reason: volume_controller from: com.android.systemui.volume.VolumeDialogImpl$7.onDismissRequested:3
09-08 21:47:38.949 21610 21638 V ShellRecents: [81094812] RecentsController.setInputConsumerEnabled: set focus to recents
09-08 21:47:39.001 21854 21854 D TaplEvents: TIS / TouchInteractionService.onInputEvent: MotionEvent { action=ACTION_UP, actionButton=0, id[0]=0, x[0]=1078.9453, y[0]=2367.92, toolType[0]=TOOL_TYPE_FINGER, buttonState=0, classification=NONE, metaState=0, flags=0x0, edgeFlags=0x0, pointerCount=1, historySize=0, eventTime=234811272, downTime=234811111, deviceId=4, source=0x5002, displayId=0, eventId=1015784610 }
09-08 21:47:39.047 21410 21511 E HandwritingModeController: Cannot get requestId: Handwriting was not initialized.
09-08 21:47:39.094 21610 21665 D EGL_emulation: app_time_stats: avg=269.14ms min=12.68ms max=2522.85ms count=10
09-08 21:47:39.430 21610 21624 V ShellRecents: [81094812] RecentsController.screenshotTask: taskId=240
09-08 21:47:39.447 21854 21854 D TaplEvents: Main / startActivityFromRecentsAsync: [id=239 windowingMode=1 user=0 lastActiveTime=234764351] null
09-08 21:47:39.454 21410 22642 D CompatibilityChangeReporter: Compat change id reported: 265464455; UID 10204; state: DISABLED
09-08 21:47:39.454 21410 22642 D CompatibilityChangeReporter: Compat change id reported: 265452344; UID 10204; state: DISABLED
09-08 21:47:39.454 21410 22642 D CompatibilityChangeReporter: Compat change id reported: 266124927; UID 10204; state: DISABLED
09-08 21:47:39.454 21410 22642 D CompatibilityChangeReporter: Compat change id reported: 265451093; UID 10204; state: DISABLED
09-08 21:47:39.455 21410 22642 D CompatibilityChangeReporter: Compat change id reported: 265456536; UID 10204; state: DISABLED
09-08 21:47:39.455 21410 22642 D CompatibilityChangeReporter: Compat change id reported: 255940284; UID 10204; state: DISABLED
09-08 21:47:39.455 21410 22642 D CompatibilityChangeReporter: Compat change id reported: 236283604; UID 10204; state: DISABLED
