09-08 21:47:42.258 21410 22825 I AppsFilter: interaction: PackageSetting{91c22af com.yolpilot.driver/10204} -> PackageSetting{c3365ef com.android.internal.systemui.navbar.gestural_narrow_back/10052} BLOCKED
09-08 21:47:42.258 21410 22825 I AppsFilter: interaction: PackageSetting{91c22af com.yolpilot.driver/10204} -> PackageSetting{cb68fc com.google.android.inputmethod.latin/10147} BLOCKED
09-08 21:47:42.258 21410 22825 I AppsFilter: interaction: PackageSetting{91c22af com.yolpilot.driver/10204} -> PackageSetting{f80ab85 android.auto_generated_rro_vendor__/10076} BLOCKED
09-08 21:47:42.258 21410 22825 I AppsFilter: interaction: PackageSetting{91c22af com.yolpilot.driver/10204} -> PackageSetting{be9bdda com.google.android.apps.restore/10119} BLOCKED
09-08 21:47:42.259 21610 21610 D StatusBarIconController: ignoring old pipeline callbacks, because the new mobile icons are enabled
09-08 21:47:42.265 29218 29277 I cr_VariationsUtils: Failed reading seed file "/data/user/0/com.yolpilot.driver/app_webview/variations_seed_new"
09-08 21:47:42.265 29218 29277 I cr_VariationsUtils: Failed reading seed file "/data/user/0/com.yolpilot.driver/app_webview/variations_seed"
09-08 21:47:42.268 29218 29268 I cr_LibraryLoader: Successfully loaded native library
09-08 21:47:42.268 29218 29268 I cr_CachingUmaRecorder: Flushed 8 samples from 8 histograms.
09-08 21:47:42.284 29218 29280 D TrafficStats: tagSocket(121) with statsTag=0xffffffff, statsUid=-1
09-08 21:47:42.416 29218 29267 W ReactNativeJS: Require cycle: src\services\offlineQueueService.ts -> src\services\journeyService.ts -> src\services\offlineQueueService.ts
09-08 21:47:42.416 29218 29267 W ReactNativeJS: 
09-08 21:47:42.416 29218 29267 W ReactNativeJS: Require cycles are allowed, but can result in uninitialized values. Consider refactoring to remove the need for a cycle.
09-08 21:47:42.425 29218 29267 I ReactNativeJS: 'Device Info:', { width: 411.42857142857144,
09-08 21:47:42.425 29218 29267 I ReactNativeJS:   height: 841.5238095238095,
09-08 21:47:42.425 29218 29267 I ReactNativeJS:   isLargeScreen: false,
09-08 21:47:42.425 29218 29267 I ReactNativeJS:   isExtraLargeDevice: false,
09-08 21:47:42.425 29218 29267 I ReactNativeJS:   pixelRatio: 2.625 }
09-08 21:47:42.466 29218 29267 I ReactNativeJS: Running "YolPilotDriver" with {"rootTag":11}
09-08 21:47:42.469 29218 29281 D TrafficStats: tagSocket(110) with statsTag=0xffffffff, statsUid=-1
09-08 21:47:42.686 29218 29267 W ReactNativeJS: The app is running using the Legacy Architecture. The Legacy Architecture is deprecated and will be removed in a future version of React Native. Please consider migrating to the New Architecture. For more information, please see https://reactnative.dev/blog/2024/10/23/the-new-architecture-is-here
09-08 21:47:42.768 29218 29268 D CompatibilityChangeReporter: Compat change id reported: 289878283; UID 10204; state: ENABLED
09-08 21:47:42.813 29218 29283 D TrafficStats: tagSocket(112) with statsTag=0xffffffff, statsUid=-1
09-08 21:47:42.816 29218 29267 I ReactNativeJS: Checking auth status...
09-08 21:47:42.849 29218 29267 I ReactNativeJS: 'Token found:', true
09-08 21:47:42.850 21610 21665 D EGL_emulation: app_time_stats: avg=267.94ms min=1.93ms max=2316.98ms count=9
09-08 21:47:42.852 29218 29267 I ReactNativeJS: 'Current user from storage:', { id: 'edac3ed4-32ae-44fb-aa18-08dde1a2a6ee',
09-08 21:47:42.852 29218 29267 I ReactNativeJS:   email: 'ucarere@gmail.com',
09-08 21:47:42.852 29218 29267 I ReactNativeJS:   fullName: 'Ensar Uarer',
09-08 21:47:42.852 29218 29267 I ReactNativeJS:   workspaceId: 5,
09-08 21:47:42.852 29218 29267 I ReactNativeJS:   workspaceName: 'Ensar Uarer ',
09-08 21:47:42.852 29218 29267 I ReactNativeJS:   isAdmin: true,
09-08 21:47:42.852 29218 29267 I ReactNativeJS:   isDispatcher: false,
09-08 21:47:42.852 29218 29267 I ReactNativeJS:   isDriver: false }
09-08 21:47:42.874 21345 29287 I resolv  : GetAddrInfoHandler::run: {100 100 100 983140 10204 0}
09-08 21:47:42.875 21345 29288 I resolv  : res_nmkquery: (QUERY, IN, AAAA)
09-08 21:47:42.875 21345 29289 I resolv  : res_nmkquery: (QUERY, IN, A)
09-08 21:47:42.920 21345 21378 I netd    : tetherGetStats() -> {[]} <0.27ms>
09-08 21:47:42.926 21345 21378 I netd    : bandwidthSetGlobalAlert(2097152) <0.06ms>
09-08 21:47:43.168 21345 29288 I resolv  : res_nsend: used send_dg 329 terrno: 0
09-08 21:47:43.168 21345 29288 I resolv  : doQuery: rcode=0, ancount=3, return value=329
09-08 21:47:43.299 21345 29289 I resolv  : res_nsend: used send_dg 262 terrno: 0
09-08 21:47:43.299 21345 29289 I resolv  : doQuery: rcode=0, ancount=4, return value=262
09-08 21:47:43.300 29218 29283 D TrafficStats: tagSocket(125) with statsTag=0xffffffff, statsUid=-1
09-08 21:47:43.585 29218 29267 I ReactNativeJS: 'Backend /auth/me response:', { id: 'edac3ed4-32ae-44fb-aa18-08dde1a2a6ee',
09-08 21:47:43.585 29218 29267 I ReactNativeJS:   email: 'ucarere@gmail.com',
09-08 21:47:43.585 29218 29267 I ReactNativeJS:   fullName: 'Ensar Uarer',
09-08 21:47:43.585 29218 29267 I ReactNativeJS:   workspaceId: 5,
09-08 21:47:43.585 29218 29267 I ReactNativeJS:   workspaceName: 'Ensar Uarer ',
09-08 21:47:43.585 29218 29267 I ReactNativeJS:   isAdmin: true,
09-08 21:47:43.585 29218 29267 I ReactNativeJS:   isDispatcher: false,
09-08 21:47:43.585 29218 29267 I ReactNativeJS:   isDriver: false,
09-08 21:47:43.585 29218 29267 I ReactNativeJS:   driverStatus: 'available' }
09-08 21:47:43.588 29218 29267 I ReactNativeJS: 'Current user state:', { id: 'edac3ed4-32ae-44fb-aa18-08dde1a2a6ee',
09-08 21:47:43.588 29218 29267 I ReactNativeJS:   email: 'ucarere@gmail.com',
09-08 21:47:43.588 29218 29267 I ReactNativeJS:   fullName: 'Ensar Uarer',
09-08 21:47:43.588 29218 29267 I ReactNativeJS:   isAdmin: true,
09-08 21:47:43.588 29218 29267 I ReactNativeJS:   isDispatcher: false,
09-08 21:47:43.588 29218 29267 I ReactNativeJS:   isDriver: false,
09-08 21:47:43.588 29218 29267 I ReactNativeJS:   calculatedRoles: { isAdmin: true, isDispatcher: true, isDriver: false } }
09-08 21:47:43.589 29218 29267 I ReactNativeJS: Kullanc edac3ed4-32ae-44fb-aa18-08dde1a2a6ee daha nce giri yapm
09-08 21:47:43.632 29218 29267 W [RNScreens]: Could not load RNScreens module.
09-08 21:47:43.739 29218 29268 W unknown:ViewManagerPropertyUpdater: Could not find generated setter for class com.swmansion.rnscreens.ScreensShadowNode
09-08 21:47:43.777 29218 29268 W unknown:ViewManagerPropertyUpdater: Could not find generated setter for class com.swmansion.rnscreens.ScreenStackHeaderConfigShadowNode
09-08 21:47:43.781 29218 29238 D EGL_emulation: app_time_stats: avg=58.07ms min=12.25ms max=2437.55ms count=59
09-08 21:47:43.865 29218 29267 I ReactNativeJS: '[JourneyService] getJourneys called with params:', { from: '2025-09-08', to: '2025-09-08', limit: 50 }
09-08 21:47:43.866 29218 29267 I ReactNativeJS: '[JourneyService] Request URL:', '/workspace/journeys?page=1&limit=50&from=2025-09-07T21%3A00%3A00.000Z&to=2025-09-08T20%3A59%3A59.999Z'
09-08 21:47:43.870 29218 29267 I ReactNativeJS: '[JourneyService] getJourneys called with params:', { from: '2025-09-08', to: '2025-09-08', limit: 50 }
09-08 21:47:43.870 29218 29267 I ReactNativeJS: '[JourneyService] Request URL:', '/workspace/journeys?page=1&limit=50&from=2025-09-07T21%3A00%3A00.000Z&to=2025-09-08T20%3A59%3A59.999Z'
09-08 21:47:44.034 29218 29267 I ReactNativeJS: [JourneyService] Loaded 3 journeys
09-08 21:47:44.368 29218 29218 D CompatibilityChangeReporter: Compat change id reported: 171228096; UID 10204; state: ENABLED
09-08 21:47:44.369 29218 29218 W yolpilot.driver: Accessing hidden field Landroid/widget/ScrollView;->mScroller:Landroid/widget/OverScroller; (unsupported, reflection, allowed)
09-08 21:47:44.378 29218 29267 I ReactNativeJS: [JourneyService] Loaded 3 journeys
09-08 21:47:45.507 21854 21854 D TaplEvents: TIS / TouchInteractionService.onInputEvent: MotionEvent { action=ACTION_DOWN, actionButton=0, id[0]=0, x[0]=522.95996, y[0]=1138.916, toolType[0]=TOOL_TYPE_FINGER, buttonState=0, classification=NONE, metaState=0, flags=0x0, edgeFlags=0x0, pointerCount=1, historySize=0, eventTime=234817777, downTime=234817777, deviceId=4, source=0x5002, displayId=0, eventId=839913232 }
09-08 21:47:45.518 29218 29238 D EGL_emulation: app_time_stats: avg=28.51ms min=0.94ms max=954.79ms count=45
09-08 21:47:45.590 21854 21854 D TaplEvents: TIS / TouchInteractionService.onInputEvent: MotionEvent { action=ACTION_UP, actionButton=0, id[0]=0, x[0]=522.95996, y[0]=1138.916, toolType[0]=TOOL_TYPE_FINGER, buttonState=0, classification=NONE, metaState=0, flags=0x0, edgeFlags=0x0, pointerCount=1, historySize=0, eventTime=234817861, downTime=234817777, deviceId=4, source=0x5002, displayId=0, eventId=910459050 }
09-08 21:47:45.618 21342 21355 D audioserver: FGS Logger Transaction failed
09-08 21:47:45.618 21342 21355 D audioserver: -129
09-08 21:47:45.668 29218 29295 D ProfileInstaller: Installing profile for com.yolpilot.driver
09-08 21:47:45.691 29218 29267 I ReactNativeJS: 'Loading journey with ID:', 161
09-08 21:47:45.724 29218 29267 I ReactNativeJS:  Yandex Navi ykl
09-08 21:47:45.751 29218 29267 I ReactNativeJS:  Yandex Maps ykl deil
09-08 21:47:45.754 29218 29267 I ReactNativeJS:  Waze ykl deil
09-08 21:47:45.759 29218 29267 I ReactNativeJS:  Apple Maps ykl deil
09-08 21:47:45.761 29218 29267 I ReactNativeJS: Toplam 2 navigasyon uygulamas bulundu
09-08 21:47:45.767 29218 29267 I ReactNativeJS: 'Tercih yklendi:', null
09-08 21:47:45.780 21342 21391 D audioserver: FGS Logger Transaction failed
09-08 21:47:45.780 21342 21391 D audioserver: -129
09-08 21:47:45.843 29218 29267 I ReactNativeJS: 'Journey loaded successfully:', { id: 161,
09-08 21:47:45.843 29218 29267 I ReactNativeJS:   name: 'Denek',
09-08 21:47:45.843 29218 29267 I ReactNativeJS:   routeId: 208,
09-08 21:47:45.843 29218 29267 I ReactNativeJS:   polyline: 'aa_xFabuzDIq@D?F@HD`ArB\\d@RJpEdBh@ZdBfB~A|A~@x@dAp@t@b@HBFfBnBJlCVTF?dGIpB[hGK|BBpC@zBIfAo@fDSbAnAl@@H@DFFTDHCpAhAz@fAlB~BjBhBzB|B|ErE@LPPJH?DFFH@BA@?|HpFbGfE?B@FHJJ?|AhA`ExCdPfL`BiFTt@l@fAPd@VnAPb@d@`AZdAP\\VZpAtBV|@bApBt@dBr@zBz@tB`CbFvAtCvAtCh@jA`AnAj@f@bAf@PJb@DxBQb@GrFa@N@HFFNDJDx@FbDFnCjBK`BJHgA@SARIfAaBKkBJGoCGcDEy@EKGOIGOAsF`@}CXc@EQKcAg@k@g@aAoAi@kAwAuCwAuCaCcF{@uBs@{Bu@eBcAqBW}@qAuBW[Q][eAe@aAQc@WoAQe@m@gAUu@wArE{F{DmBsA{EgD_EwCk@i@OS?CAGCEKEE@A?oAw@uNaKAEEIICC@A?GAWMG?oCkCmAgAq@u@mAmA{B{BuBkCoBkBHKDK@[CKEKQKI?E?oAu@FYf@mCBc@Dc@?_@AyCCqBb@iHDkAFeB?eGAiCEuA{A@oCBSEy@c@cAq@sAgAkDcDmAy@wAg@}Ag@WQoByDOYU[SKRlBP~A',
09-08 21:47:45.843 29218 29267 I ReactNativeJS:   date: '2025-09-08',
09-08 21:47:45.843 29218 29267 I ReactNativeJS:   assignedAt: '2025-09-08T20:46:11.2554094',
09-08 21:47:45.843 29218 29267 I ReactNativeJS:   startedAt: '2025-09-08T20:46:29.1551464',
09-08 21:47:45.843 29218 29267 I ReactNativeJS:   startDetails: 
09-08 21:47:45.843 29218 29267 I ReactNativeJS:    { startTime: '08:00:00',
09-08 21:47:45.843 29218 29267 I ReactNativeJS:      name: 'BAKIRCILAR NAAT',
09-08 21:47:45.843 29218 29267 I ReactNativeJS:      address: 'Mahmutbey, Badat Cd. NO:15/A, 54300 Hendek/Sakarya, Trkiye',
09-08 21:47:45.843 29218 29267 I ReactNativeJS:      latitude: 40.7966307,
09-08 21:47:45.843 29218 29267 I ReactNativeJS:      longitude: 30.7511629 },
09-08 21:47:45.843 29218 29267 I ReactNativeJS:   endDetails: 
09-08 21:47:45.843 29218 29267 I ReactNativeJS:    { name: 'BAKIRCILAR NAAT',
09-08 21:47:45.843 29218 29267 I ReactNativeJS:      address: 'Mahmutbey, Badat Cd. NO:15/A, 54300 Hendek/Sakarya, Trkiye',
09-08 21:47:45.843 29218 29267 I ReactNativeJS:      latitude: 40.7966307,
09-08 21:47:45.843 29218 29267 I ReactNativeJS:      longitude: 30.7511629 },
09-08 21:47:45.843 29218 29267 I ReactNativeJS:   driver: 
09-08 21:47:45.843 29218 29267 I ReactNativeJS:    { id: '2',
09-08 21:47:45.843 29218 29267 I ReactNativeJS:      fullName: 'Ensar Uarer',
09-08 21:47:45.843 29218 29267 I ReactNativeJS:      email: 'ucarere+deneme4@gmail.com',
09-08 21:47:45.843 29218 29267 I ReactNativeJS:      phoneNumber: '5555555555' },
09-08 21:47:45.843 29218 29267 I ReactNativeJS:   stops: 
09-08 21:47:45.843 29218 29267 I ReactNativeJS:    [ { isExcluded: true,
09-08 21:47:45.843 29218 29267 I ReactNativeJS:        id: 502,
09-08 21:47:45.843 29218 29267 I ReactNativeJS:        journeyId: 161,
09-08 21:47:45.843 29218 29267 I ReactNativeJS:        stopId: 839,
09-08 21:47:45.843 29218 29267 I ReactNativeJS:        routeStopId: 839,
09-08 21:47:45.843 29218 29267 I ReactNativeJS:        order: 0,
09-08 21:47:45.843 29218 29267 I ReactNativeJS:        status: 'pending',
09-08 21:47:45.843 29218 29267 I ReactNativeJS:        distance: 0,
09-08 21:47:45.843 29218 29267 I ReactNativeJS:        startAddress: 'Bar, 1804. Sk., 41400 Gebze/Kocaeli, Trkiye',
09-08 21:47:45.843 29218 29267 I ReactNativeJS:        startLatitude: 40.798236,
09-08 21:47:45.843 29218 29267 I ReactNativeJS:        startLongitude: 29.4655488,
09-08 21:47:45.843 29218 29267 I ReactNativeJS:        endAddress: 'Bar, 1804. Sk., 41400 Gebze/Kocaeli, Trkiye',
09-08 21:47:45.843 29218 29267 I ReactNativeJS:        endLatitude: 40.798236,
09-08 21:47:45.843 29218 29267 I ReactNativeJS:        endLongitude: 29.4655488,
09-08 21:47:45.843 29218 29267 I ReactNativeJS:        estimatedArrivalTime: '09:39:00',
09-08 21:47:45.843 29218 29267 I ReactNativeJS:        estimatedDepartureTime: '09:54:00',
09-08 21:47:45.843 29218 29267 I ReactNativeJS:        arriveBetweenStart: '08:15:00',
09-08 21:47:45.843 29218 29267 I ReactNativeJS:        arriveBetweenEnd: '15:00:00',
09-08 21:47:45.843 29218 29267 I ReactNativeJS:        routeStop: 
09-08 21:47:45.843 29218 29267 I ReactNativeJS:         { isExcluded: true,
09-08 21:47:45.843 29218 29267 I ReactNativeJS:           exclusionReason: 'Time window constraint - excluded during deviation optimization',
09-08 21:47:45.843 29218 29267 I ReactNativeJS:           id: 839,
09-08 21:47:45.843 29218 29267 I ReactNativeJS:           name: 'Teknosa Lojistik Merkezi',
09-08 21:47:45.843 29218 29267 I ReactNativeJS:           address: 'Bar, 1804. Sk., 41400 Gebze/Kocaeli, Trkiye',
09-08 21:47:45.843 29218 29267 I ReactNativeJS:           latitude: 40.798236,
09-08 21:47:45.843 29218 29267 I ReactNativeJS:           longitude: 29.4655488,
09-08 21:47:45.843 29218 29267 I ReactNativeJS:           contactFullName: 'Teknosa Lojistik Merkezi',
09-08 21:47:45.843 29218 29267 I ReactNativeJS:           contactPhone: '0850 222 5599',
09-08 21:47:45.843 29218 29267 I ReactNativeJS:           contactEmail: '',
09-08 21:47:45.843 29218 29267 I ReactNativeJS:           type: 'Delivery',
09-08 21:47:45.843 29218 29267 I ReactNativeJS:           orderType: 'Auto',
09-08 21:47:45.843 29218 29267 I ReactNativeJS:           order: 0,
09-08 21:47:45.843 29218 29267 I ReactNativeJS:           proofOfDeliveryRequired: false,
09-08 21:47:45.843 29218 29267 I ReactNativeJS:           signatureRequired: false,
09-08 21:47:45.843 29218 29267 I ReactNativeJS:           photoRequired: false,
09-08 21:47:45.843 29218 29267 I ReactNativeJS:           serviceTime: '00:15:00',
09-08 21:47:45.843 29218 29267 I ReactNativeJS:           status: 'pending',
09-08 21:47:45.843 29218 29267 I ReactNativeJS:           customerId: 15,
09-08 21:47:45.843 29218 29267 I ReactNativeJS:           customer: 
09-08 21:47:45.843 29218 29267 I ReactNativeJS:            { id: 15,
09-08 21:47:45.843 29218 29267 I ReactNativeJS:              workspaceId: 0,
09-08 21:47:45.843 29218 29267 I ReactNativeJS:              code: 'MUS013',
09-08 21:47:45.843 29218 29267 I ReactNativeJS:              name: 'Teknosa Lojistik Merkezi',
09-08 21:47:45.843 29218 29267 I ReactNativeJS:              address: 'Bar, 1804. Sk., 41400 Gebze/Kocaeli, Trkiye',
09-08 21:47:45.843 29218 29267 I ReactNativeJS:              phone: '0850 222 5599',
09-08 21:47:45.843 29218 29267 I ReactNativeJS:              email: '',
09-08 21:47:45.843 29218 29267 I ReactNativeJS:              whatsAppOptIn: false,
09-08 21:47:45.843 29218 29267 I ReactNativeJS:              whatsAppVerified: false,
09-08 21:47:45.843 29218 29267 I ReactNativeJS:              latitude: 40.798236,
09-08 21:47:45.843 29218 29267 I ReactNativeJS:              longitude: 29.4655488,
09-08 21:47:45.843 29218 29267 I ReactNativeJS:              priority: 'normal',
09-08 21:47:45.843 29218 29267 I ReactNativeJS:              estimatedServiceTime: 10,
09-08 21:47:45.843 29218 29267 I ReactNativeJS:              createdAt: '2025-09-06T21:11:02.2967644',
09-08 21:47:45.843 29218 29267 I ReactNativeJS:              updatedAt: '2025-09-06T21:11:02.2967646' },
09-08 21:47:45.843 29218 29267 I ReactNativeJS:           estimatedArrivalTime: '09:39:00',
09-08 21:47:45.843 29218 29267 I ReactNativeJS:           estimatedDepartureTime: '09:54:00' } },
09-08 21:47:45.843 29218 29267 I ReactNativeJS:      { isExcluded: false,
09-08 21:47:45.843 29218 29267 I ReactNativeJS:        id: 501,
09-08 21:47:45.843 29218 29267 I ReactNativeJS:        journeyId: 161,
09-08 21:47:45.843 29218 29267 I ReactNativeJS:        stopId: 840,
09-08 21:47:45.843 29218 29267 I ReactNativeJS:        routeStopId: 840,
09-08 21:47:45.843 29218 29267 I ReactNativeJS:        order: 1,
09-08 21:47:45.843 29218 29267 I ReactNativeJS:        status: 'inprogress',
09-08 21:47:45.843 29218 29267 I ReactNativeJS:        distance: 0,
09-08 21:47:45.843 29218 29267 I ReactNativeJS:        startAddress: 'Akpnar, 4083 Sokak No:4, 54300 Hendek/Sakarya, Trkiye',
09-08 21:47:45.843 29218 29267 I ReactNativeJS:        startLatitude: 40.7699407,
09-08 21:47:45.843 29218 29267 I ReactNativeJS:        startLongitude: 30.7214069,
09-08 21:47:45.843 29218 29267 I ReactNativeJS:        endAddress: 'Akpnar, 4083 Sokak No:4, 54300 Hendek/Sakarya, Trkiye',
09-08 21:47:45.843 29218 29267 I ReactNativeJS:        endLatitude: 40.7699407,
09-08 21:47:45.843 29218 29267 I ReactNativeJS:        endLongitude: 30.7214069,
09-08 21:47:45.843 29218 29267 I ReactNativeJS:        estimatedArrivalTime: '23:55:00',
09-08 21:47:45.843 29218 29267 I ReactNativeJS:        estimatedDepartureTime: '00:10:00',
09-08 21:47:45.843 29218 29267 I ReactNativeJS:        routeStop: 
09-08 21:47:45.843 29218 29267 I ReactNativeJS:         { isExcluded: false,
09-08 21:47:45.843 29218 29267 I ReactNativeJS:           id: 840,
09-08 21:47:45.843 29218 29267 I ReactNativeJS:           name: 'Hendek Devlet Hastanesi',
09-08 21:47:45.843 29218 29267 I ReactNativeJS:           address: 'Akpnar, 4083 Sokak No:4, 54300 Hendek/Sakarya, Trkiye',
09-08 21:47:45.843 29218 29267 I ReactNativeJS:           latitude: 40.7699407,
09-08 21:47:45.843 29218 29267 I ReactNativeJS:           longitude: 30.7214069,
09-08 21:47:45.843 29218 29267 I ReactNativeJS:           contactFullName: 'Hendek Devlet Hastanesi',
09-08 21:47:45.843 29218 29267 I ReactNativeJS:           contactPhone: '(0264) 614 60 78',
09-08 21:47:45.843 29218 29267 I ReactNativeJS:           contactEmail: '',
09-08 21:47:45.843 29218 29267 I ReactNativeJS:           type: 'Delivery',
09-08 21:47:45.843 29218 29267 I ReactNativeJS:           orderType: 'Auto',
09-08 21:47:45.843 29218 29267 I ReactNativeJS:           order: 1,
09-08 21:47:45.843 29218 29267 I ReactNativeJS:           proofOfDeliveryRequired: false,
09-08 21:47:45.843 29218 29267 I ReactNativeJS:           signatureRequired: false,
09-08 21:47:45.843 29218 29267 I ReactNativeJS:           photoRequired: false,
09-08 21:47:45.843 29218 29267 I ReactNativeJS:           serviceTime: '00:15:00',
09-08 21:47:45.843 29218 29267 I ReactNativeJS:           status: 'pending',
09-08 21:47:45.843 29218 29267 I ReactNativeJS:           customerId: 14,
09-08 21:47:45.843 29218 29267 I ReactNativeJS:           customer: 
09-08 21:47:45.843 29218 29267 I ReactNativeJS:            { id: 14,
09-08 21:47:45.843 29218 29267 I ReactNativeJS:              workspaceId: 0,
09-08 21:47:45.843 29218 29267 I ReactNativeJS:              code: 'MUS012',
09-08 21:47:45.843 29218 29267 I ReactNativeJS:              name: 'Hendek Devlet Hastanesi',
09-08 21:47:45.843 29218 29267 I ReactNativeJS:              address: 'Akpnar, 4083 Sokak No:4, 54300 Hendek/Sakarya, Trkiye',
09-08 21:47:45.843 29218 29267 I ReactNativeJS:              phone: '(0264) 614 60 78',
09-08 21:47:45.843 29218 29267 I ReactNativeJS:              email: '',
09-08 21:47:45.843 29218 29267 I ReactNativeJS:              whatsAppOptIn: false,
09-08 21:47:45.843 29218 29267 I ReactNativeJS:              whatsAppVerified: false,
09-08 21:47:45.843 29218 29267 I ReactNativeJS:              latitude: 40.7699407,
09-08 21:47:45.843 29218 29267 I ReactNativeJS:              longitude: 30.7214069,
09-08 21:47:45.843 29218 29267 I ReactNativeJS:              priority: 'normal',
09-08 21:47:45.843 29218 29267 I ReactNativeJS:              estimatedServiceTime: 10,
09-08 21:47:45.843 29218 29267 I ReactNativeJS:              createdAt: '2025-09-05T20:18:34.0876977',
09-08 21:47:45.843 29218 29267 I ReactNativeJS:              updatedAt: '2025-09-05T20:18:34.0876979' },
09-08 21:47:45.843 29218 29267 I ReactNativeJS:           estimatedArrivalTime: '23:55:00',
09-08 21:47:45.843 29218 29267 I ReactNativeJS:           estimatedDepartureTime: '00:10:00' },
09-08 21:47:45.843 29218 29267 I ReactNativeJS:        checkInTime: '2025-09-08T20:46:31.699Z' } ],
09-08 21:47:45.843 29218 29267 I ReactNativeJS:   statuses: 
09-08 21:47:45.843 29218 29267 I ReactNativeJS:    [ { id: 353,
09-08 21:47:45.843 29218 29267 I ReactNativeJS:        status: 'Arrived',
09-08 21:47:45.843 29218 29267 I ReactNativeJS:        createdAt: '2025-09-08T20:46:31.7083196',
09-08 21:47:45.843 29218 29267 I ReactNativeJS:        latitude: 0,
09-08 21:47:45.843 29218 29267 I ReactNativeJS:        longitude: 0 } ],
09-08 21:47:45.843 29218 29267 I ReactNativeJS:   route: 
09-08 21:47:45.843 29218 29267 I ReactNativeJS:    { id: 208,
09-08 21:47:45.843 29218 29267 I ReactNativeJS:      name: 'Denek',
09-08 21:47:45.843 29218 29267 I ReactNativeJS:      date: '2025-09-07',
09-08 21:47:45.843 29218 29267 I ReactNativeJS:      status: 'draft',
09-08 21:47:45.843 29218 29267 I ReactNativeJS:      driverId: '2',
09-08 21:47:45.843 29218 29267 I ReactNativeJS:      vehicleId: '1',
09-08 21:47:45.843 29218 29267 I ReactNativeJS:      depotId: '2',
09-08 21:47:45.843 29218 29267 I ReactNativeJS:      totalDistance: 7.766,
09-08 21:47:45.843 29218 29267 I ReactNativeJS:      totalDuration: 150,
09-08 21:47:45.843 29218 29267 I ReactNativeJS:      totalDeliveries: 1,
09-08 21:47:45.843 29218 29267 I ReactNativeJS:      completedDeliveries: 0,
09-08 21:47:45.843 29218 29267 I ReactNativeJS:      optimized: true,
09-08 21:47:45.843 29218 29267 I ReactNativeJS:      notes: '',
09-08 21:47:45.843 29218 29267 I ReactNativeJS:      createdAt: '2025-09-08T20:44:33.0603011',
09-08 21:47:45.843 29218 29267 I ReactNativeJS:      updatedAt: '2025-09-08T20:44:33.0603012',
09-08 21:47:45.843 29218 29267 I ReactNativeJS:      startDetails: 
09-08 21:47:45.843 29218 29267 I ReactNativeJS:       { startTime: '23:46:00',
09-08 21:47:45.843 29218 29267 I ReactNativeJS:         name: 'BAKIRCILAR NAAT',
09-08 21:47:45.843 29218 29267 I ReactNativeJS:         address: 'Mahmutbey, Badat Cd. NO:15/A, 54300 Hendek/Sakarya, Trkiye',
09-08 21:47:45.843 29218 29267 I ReactNativeJS:         latitude: 40.7966307,
09-08 21:47:45.843 29218 29267 I ReactNativeJS:         longitude: 30.7511629 },
09-08 21:47:45.843 29218 29267 I ReactNativeJS:      endDetails: 
09-08 21:47:45.843 29218 29267 I ReactNativeJS:       { name: 'BAKIRCILAR NAAT',
09-08 21:47:45.843 29218 29267 I ReactNativeJS:         address: 'Mahmutbey, Badat Cd. NO:15/A, 54300 Hendek/Sakarya, Trkiye',
09-08 21:47:45.843 29218 29267 I ReactNativeJS:         latitude: 40.7966307,
09-08 21:47:45.843 29218 29267 I ReactNativeJS:         longitude: 30.7511629 },
09-08 21:47:45.843 29218 29267 I ReactNativeJS:      stops: 
09-08 21:47:45.843 29218 29267 I ReactNativeJS:       [ { isExcluded: true,
09-08 21:47:45.843 29218 29267 I ReactNativeJS:           exclusionReason: 'Time window constraint - excluded during deviation optimization',
09-08 21:47:45.843 29218 29267 I ReactNativeJS:           id: 839,
09-08 21:47:45.843 29218 29267 I ReactNativeJS:           name: 'Teknosa Lojistik Merkezi',
09-08 21:47:45.843 29218 29267 I ReactNativeJS:           address: 'Bar, 1804. Sk., 41400 Gebze/Kocaeli, Trkiye',
09-08 21:47:45.843 29218 29267 I ReactNativeJS:           latitude: 40.798236,
09-08 21:47:45.843 29218 29267 I ReactNativeJS:           longitude: 29.4655488,
09-08 21:47:45.843 29218 29267 I ReactNativeJS:           contactFullName: 'Teknosa Lojistik Merkezi',
09-08 21:47:45.843 29218 29267 I ReactNativeJS:           contactPhone: '0850 222 5599',
09-08 21:47:45.843 29218 29267 I ReactNativeJS:           contactEmail: '',
09-08 21:47:45.843 29218 29267 I ReactNativeJS:           type: 'Delivery',
09-08 21:47:45.843 29218 29267 I ReactNativeJS:           orderType: 'Auto',
09-08 21:47:45.843 29218 29267 I ReactNativeJS:           order: 0,
09-08 21:47:45.843 29218 29267 I ReactNativeJS:           proofOfDeliveryRequired: false,
09-08 21:47:45.843 29218 29267 I ReactNativeJS:           signatureRequired: false,
09-08 21:47:45.843 29218 29267 I ReactNativeJS:           photoRequired: false,
09-08 21:47:45.843 29218 29267 I ReactNativeJS:           serviceTime: '00:15:00',
09-08 21:47:45.843 29218 29267 I ReactNativeJS:           status: 'pending',
09-08 21:47:45.843 29218 29267 I ReactNativeJS:           customerId: 15,
09-08 21:47:45.843 29218 29267 I ReactNativeJS:           customer: 
09-08 21:47:45.843 29218 29267 I ReactNativeJS:            { id: 15,
09-08 21:47:45.843 29218 29267 I ReactNativeJS:              workspaceId: 0,
09-08 21:47:45.843 29218 29267 I ReactNativeJS:              code: 'MUS013',
09-08 21:47:45.843 29218 29267 I ReactNativeJS:              name: 'Teknosa Lojistik Merkezi',
09-08 21:47:45.843 29218 29267 I ReactNativeJS:              address: 'Bar, 1804. Sk., 41400 Gebze/Kocaeli, Trkiye',
09-08 21:47:45.843 29218 29267 I ReactNativeJS:              phone: '0850 222 5599',
09-08 21:47:45.843 29218 29267 I ReactNativeJS:              email: '',
09-08 21:47:45.843 29218 29267 I ReactNativeJS:              whatsAppOptIn: [TOO BIG formatValueCalls 201 exceeded limit of 200],
09-08 21:47:45.843 29218 29267 I ReactNativeJS:              whatsAppVerified: [TOO BIG formatValueCalls 202 exceeded limit of 200],
09-08 21:47:45.843 29218 29267 I ReactNativeJS:              latitude: [TOO BIG formatValueCalls 203 exceeded limit of 200],
09-08 21:47:45.843 29218 29267 I ReactNativeJS:              longitude: [TOO BIG formatValueCalls 204 exceeded limit of 200],
09-08 21:47:45.843 29218 29267 I ReactNativeJS:              priority: [TOO BIG formatValueCalls 205 exceeded limit of 200],
09-08 21:47:45.843 29218 29267 I ReactNativeJS:              estimatedServiceTime: [TOO BIG formatValueCalls 206 exceeded limit of 200],
09-08 21:47:45.843 29218 29267 I ReactNativeJS:              createdAt: [TOO BIG formatValueCalls 207 exceeded limit of 200],
09-08 21:47:45.844 29218 29267 I ReactNativeJS:              updatedAt: [TOO BIG formatValueCalls 208 exceeded limit of 200] },
09-08 21:47:45.844 29218 29267 I ReactNativeJS:           estimatedArrivalTime: [TOO BIG formatValueCalls 209 exceeded limit of 200],
09-08 21:47:45.844 29218 29267 I ReactNativeJS:           estimatedDepartureTime: [TOO BIG formatValueCalls 210 exceeded limit of 200] },
09-08 21:47:45.844 29218 29267 I ReactNativeJS:         [TOO BIG formatValueCalls 211 exceeded limit of 200] ],
09-08 21:47:45.844 29218 29267 I ReactNativeJS:      driver: [TOO BIG formatValueCalls 212 exceeded limit of 200],
09-08 21:47:45.844 29218 29267 I ReactNativeJS:      vehicle: [TOO BIG formatValueCalls 213 exceeded limit of 200],
09-08 21:47:45.844 29218 29267 I ReactNativeJS:      depot: [TOO BIG formatValueCalls 214 exceeded limit of 200] },
09-08 21:47:45.844 29218 29267 I ReactNativeJS:   totalDistance: [TOO BIG formatValueCalls 215 exceeded limit of 200],
09-08 21:47:45.844 29218 29267 I ReactNativeJS:   totalDuration: [TOO BIG formatValueCalls 216 exceeded limit of 200],
09-08 21:47:45.844 29218 29267 I ReactNativeJS:   status: [TOO BIG formatValueCalls 217 exceeded limit of 200],
09-08 21:47:45.844 29218 29267 I ReactNativeJS:   currentStopIndex: [TOO BIG formatValueCalls 218 exceeded limit of 200] }
09-08 21:47:45.949 29218 29267 I ReactNativeJS: 'Loading journey with ID:', 161
09-08 21:47:46.112 29218 29218 W unknown:WrappingUtils: Don't know how to round that drawable: com.facebook.react.views.image.ReactImageDownloadListener$EmptyDrawable@480ab5e
09-08 21:47:46.137 29218 29267 I ReactNativeJS: 'Journey loaded successfully:', { id: 161,
09-08 21:47:46.137 29218 29267 I ReactNativeJS:   name: 'Denek',
09-08 21:47:46.137 29218 29267 I ReactNativeJS:   routeId: 208,
09-08 21:47:46.137 29218 29267 I ReactNativeJS:   polyline: 'aa_xFabuzDIq@D?F@HD`ArB\\d@RJpEdBh@ZdBfB~A|A~@x@dAp@t@b@HBFfBnBJlCVTF?dGIpB[hGK|BBpC@zBIfAo@fDSbAnAl@@H@DFFTDHCpAhAz@fAlB~BjBhBzB|B|ErE@LPPJH?DFFH@BA@?|HpFbGfE?B@FHJJ?|AhA`ExCdPfL`BiFTt@l@fAPd@VnAPb@d@`AZdAP\\VZpAtBV|@bApBt@dBr@zBz@tB`CbFvAtCvAtCh@jA`AnAj@f@bAf@PJb@DxBQb@GrFa@N@HFFNDJDx@FbDFnCjBK`BJHgA@SARIfAaBKkBJGoCGcDEy@EKGOIGOAsF`@}CXc@EQKcAg@k@g@aAoAi@kAwAuCwAuCaCcF{@uBs@{Bu@eBcAqBW}@qAuBW[Q][eAe@aAQc@WoAQe@m@gAUu@wArE{F{DmBsA{EgD_EwCk@i@OS?CAGCEKEE@A?oAw@uNaKAEEIICC@A?GAWMG?oCkCmAgAq@u@mAmA{B{BuBkCoBkBHKDK@[CKEKQKI?E?oAu@FYf@mCBc@Dc@?_@AyCCqBb@iHDkAFeB?eGAiCEuA{A@oCBSEy@c@cAq@sAgAkDcDmAy@wAg@}Ag@WQoByDOYU[SKRlBP~A',
09-08 21:47:46.137 29218 29267 I ReactNativeJS:   date: '2025-09-08',
09-08 21:47:46.137 29218 29267 I ReactNativeJS:   assignedAt: '2025-09-08T20:46:11.2554094',
09-08 21:47:46.137 29218 29267 I ReactNativeJS:   startedAt: '2025-09-08T20:46:29.1551464',
09-08 21:47:46.137 29218 29267 I ReactNativeJS:   startDetails: 
09-08 21:47:46.137 29218 29267 I ReactNativeJS:    { startTime: '08:00:00',
09-08 21:47:46.137 29218 29267 I ReactNativeJS:      name: 'BAKIRCILAR NAAT',
09-08 21:47:46.137 29218 29267 I ReactNativeJS:      address: 'Mahmutbey, Badat Cd. NO:15/A, 54300 Hendek/Sakarya, Trkiye',
09-08 21:47:46.137 29218 29267 I ReactNativeJS:      latitude: 40.7966307,
09-08 21:47:46.137 29218 29267 I ReactNativeJS:      longitude: 30.7511629 },
09-08 21:47:46.137 29218 29267 I ReactNativeJS:   endDetails: 
09-08 21:47:46.137 29218 29267 I ReactNativeJS:    { name: 'BAKIRCILAR NAAT',
09-08 21:47:46.137 29218 29267 I ReactNativeJS:      address: 'Mahmutbey, Badat Cd. NO:15/A, 54300 Hendek/Sakarya, Trkiye',
09-08 21:47:46.137 29218 29267 I ReactNativeJS:      latitude: 40.7966307,
09-08 21:47:46.137 29218 29267 I ReactNativeJS:      longitude: 30.7511629 },
09-08 21:47:46.137 29218 29267 I ReactNativeJS:   driver: 
09-08 21:47:46.137 29218 29267 I ReactNativeJS:    { id: '2',
09-08 21:47:46.137 29218 29267 I ReactNativeJS:      fullName: 'Ensar Uarer',
09-08 21:47:46.137 29218 29267 I ReactNativeJS:      email: 'ucarere+deneme4@gmail.com',
09-08 21:47:46.137 29218 29267 I ReactNativeJS:      phoneNumber: '5555555555' },
09-08 21:47:46.137 29218 29267 I ReactNativeJS:   stops: 
09-08 21:47:46.137 29218 29267 I ReactNativeJS:    [ { isExcluded: true,
09-08 21:47:46.137 29218 29267 I ReactNativeJS:        id: 502,
09-08 21:47:46.137 29218 29267 I ReactNativeJS:        journeyId: 161,
09-08 21:47:46.137 29218 29267 I ReactNativeJS:        stopId: 839,
09-08 21:47:46.137 29218 29267 I ReactNativeJS:        routeStopId: 839,
09-08 21:47:46.137 29218 29267 I ReactNativeJS:        order: 0,
09-08 21:47:46.137 29218 29267 I ReactNativeJS:        status: 'pending',
09-08 21:47:46.137 29218 29267 I ReactNativeJS:        distance: 0,
09-08 21:47:46.137 29218 29267 I ReactNativeJS:        startAddress: 'Bar, 1804. Sk., 41400 Gebze/Kocaeli, Trkiye',
09-08 21:47:46.137 29218 29267 I ReactNativeJS:        startLatitude: 40.798236,
09-08 21:47:46.137 29218 29267 I ReactNativeJS:        startLongitude: 29.4655488,
09-08 21:47:46.137 29218 29267 I ReactNativeJS:        endAddress: 'Bar, 1804. Sk., 41400 Gebze/Kocaeli, Trkiye',
09-08 21:47:46.137 29218 29267 I ReactNativeJS:        endLatitude: 40.798236,
09-08 21:47:46.137 29218 29267 I ReactNativeJS:        endLongitude: 29.4655488,
09-08 21:47:46.137 29218 29267 I ReactNativeJS:        estimatedArrivalTime: '09:39:00',
09-08 21:47:46.137 29218 29267 I ReactNativeJS:        estimatedDepartureTime: '09:54:00',
09-08 21:47:46.137 29218 29267 I ReactNativeJS:        arriveBetweenStart: '08:15:00',
09-08 21:47:46.137 29218 29267 I ReactNativeJS:        arriveBetweenEnd: '15:00:00',
09-08 21:47:46.137 29218 29267 I ReactNativeJS:        routeStop: 
09-08 21:47:46.137 29218 29267 I ReactNativeJS:         { isExcluded: true,
09-08 21:47:46.137 29218 29267 I ReactNativeJS:           exclusionReason: 'Time window constraint - excluded during deviation optimization',
09-08 21:47:46.137 29218 29267 I ReactNativeJS:           id: 839,
09-08 21:47:46.137 29218 29267 I ReactNativeJS:           name: 'Teknosa Lojistik Merkezi',
09-08 21:47:46.137 29218 29267 I ReactNativeJS:           address: 'Bar, 1804. Sk., 41400 Gebze/Kocaeli, Trkiye',
09-08 21:47:46.137 29218 29267 I ReactNativeJS:           latitude: 40.798236,
09-08 21:47:46.137 29218 29267 I ReactNativeJS:           longitude: 29.4655488,
09-08 21:47:46.137 29218 29267 I ReactNativeJS:           contactFullName: 'Teknosa Lojistik Merkezi',
09-08 21:47:46.137 29218 29267 I ReactNativeJS:           contactPhone: '0850 222 5599',
09-08 21:47:46.137 29218 29267 I ReactNativeJS:           contactEmail: '',
09-08 21:47:46.137 29218 29267 I ReactNativeJS:           type: 'Delivery',
09-08 21:47:46.137 29218 29267 I ReactNativeJS:           orderType: 'Auto',
09-08 21:47:46.137 29218 29267 I ReactNativeJS:           order: 0,
09-08 21:47:46.137 29218 29267 I ReactNativeJS:           proofOfDeliveryRequired: false,
09-08 21:47:46.137 29218 29267 I ReactNativeJS:           signatureRequired: false,
09-08 21:47:46.137 29218 29267 I ReactNativeJS:           photoRequired: false,
09-08 21:47:46.137 29218 29267 I ReactNativeJS:           serviceTime: '00:15:00',
09-08 21:47:46.137 29218 29267 I ReactNativeJS:           status: 'pending',
09-08 21:47:46.137 29218 29267 I ReactNativeJS:           customerId: 15,
09-08 21:47:46.137 29218 29267 I ReactNativeJS:           customer: 
09-08 21:47:46.137 29218 29267 I ReactNativeJS:            { id: 15,
09-08 21:47:46.137 29218 29267 I ReactNativeJS:              workspaceId: 0,
09-08 21:47:46.137 29218 29267 I ReactNativeJS:              code: 'MUS013',
09-08 21:47:46.137 29218 29267 I ReactNativeJS:              name: 'Teknosa Lojistik Merkezi',
09-08 21:47:46.137 29218 29267 I ReactNativeJS:              address: 'Bar, 1804. Sk., 41400 Gebze/Kocaeli, Trkiye',
09-08 21:47:46.137 29218 29267 I ReactNativeJS:              phone: '0850 222 5599',
09-08 21:47:46.137 29218 29267 I ReactNativeJS:              email: '',
09-08 21:47:46.137 29218 29267 I ReactNativeJS:              whatsAppOptIn: false,
09-08 21:47:46.137 29218 29267 I ReactNativeJS:              whatsAppVerified: false,
09-08 21:47:46.137 29218 29267 I ReactNativeJS:              latitude: 40.798236,
09-08 21:47:46.137 29218 29267 I ReactNativeJS:              longitude: 29.4655488,
09-08 21:47:46.137 29218 29267 I ReactNativeJS:              priority: 'normal',
09-08 21:47:46.137 29218 29267 I ReactNativeJS:              estimatedServiceTime: 10,
09-08 21:47:46.137 29218 29267 I ReactNativeJS:              createdAt: '2025-09-06T21:11:02.2967644',
09-08 21:47:46.137 29218 29267 I ReactNativeJS:              updatedAt: '2025-09-06T21:11:02.2967646' },
09-08 21:47:46.137 29218 29267 I ReactNativeJS:           estimatedArrivalTime: '09:39:00',
09-08 21:47:46.137 29218 29267 I ReactNativeJS:           estimatedDepartureTime: '09:54:00' } },
09-08 21:47:46.137 29218 29267 I ReactNativeJS:      { isExcluded: false,
09-08 21:47:46.137 29218 29267 I ReactNativeJS:        id: 501,
09-08 21:47:46.137 29218 29267 I ReactNativeJS:        journeyId: 161,
09-08 21:47:46.137 29218 29267 I ReactNativeJS:        stopId: 840,
09-08 21:47:46.137 29218 29267 I ReactNativeJS:        routeStopId: 840,
09-08 21:47:46.137 29218 29267 I ReactNativeJS:        order: 1,
09-08 21:47:46.137 29218 29267 I ReactNativeJS:        status: 'inprogress',
09-08 21:47:46.137 29218 29267 I ReactNativeJS:        distance: 0,
09-08 21:47:46.137 29218 29267 I ReactNativeJS:        startAddress: 'Akpnar, 4083 Sokak No:4, 54300 Hendek/Sakarya, Trkiye',
09-08 21:47:46.137 29218 29267 I ReactNativeJS:        startLatitude: 40.7699407,
09-08 21:47:46.137 29218 29267 I ReactNativeJS:        startLongitude: 30.7214069,
09-08 21:47:46.137 29218 29267 I ReactNativeJS:        endAddress: 'Akpnar, 4083 Sokak No:4, 54300 Hendek/Sakarya, Trkiye',
09-08 21:47:46.137 29218 29267 I ReactNativeJS:        endLatitude: 40.7699407,
09-08 21:47:46.137 29218 29267 I ReactNativeJS:        endLongitude: 30.7214069,
09-08 21:47:46.137 29218 29267 I ReactNativeJS:        estimatedArrivalTime: '23:55:00',
09-08 21:47:46.137 29218 29267 I ReactNativeJS:        estimatedDepartureTime: '00:10:00',
09-08 21:47:46.137 29218 29267 I ReactNativeJS:        routeStop: 
09-08 21:47:46.137 29218 29267 I ReactNativeJS:         { isExcluded: false,
09-08 21:47:46.137 29218 29267 I ReactNativeJS:           id: 840,
09-08 21:47:46.137 29218 29267 I ReactNativeJS:           name: 'Hendek Devlet Hastanesi',
09-08 21:47:46.137 29218 29267 I ReactNativeJS:           address: 'Akpnar, 4083 Sokak No:4, 54300 Hendek/Sakarya, Trkiye',
09-08 21:47:46.137 29218 29267 I ReactNativeJS:           latitude: 40.7699407,
09-08 21:47:46.137 29218 29267 I ReactNativeJS:           longitude: 30.7214069,
09-08 21:47:46.137 29218 29267 I ReactNativeJS:           contactFullName: 'Hendek Devlet Hastanesi',
09-08 21:47:46.137 29218 29267 I ReactNativeJS:           contactPhone: '(0264) 614 60 78',
09-08 21:47:46.137 29218 29267 I ReactNativeJS:           contactEmail: '',
09-08 21:47:46.137 29218 29267 I ReactNativeJS:           type: 'Delivery',
09-08 21:47:46.137 29218 29267 I ReactNativeJS:           orderType: 'Auto',
09-08 21:47:46.137 29218 29267 I ReactNativeJS:           order: 1,
09-08 21:47:46.137 29218 29267 I ReactNativeJS:           proofOfDeliveryRequired: false,
09-08 21:47:46.137 29218 29267 I ReactNativeJS:           signatureRequired: false,
09-08 21:47:46.137 29218 29267 I ReactNativeJS:           photoRequired: false,
09-08 21:47:46.137 29218 29267 I ReactNativeJS:           serviceTime: '00:15:00',
09-08 21:47:46.137 29218 29267 I ReactNativeJS:           status: 'pending',
09-08 21:47:46.137 29218 29267 I ReactNativeJS:           customerId: 14,
09-08 21:47:46.137 29218 29267 I ReactNativeJS:           customer: 
09-08 21:47:46.137 29218 29267 I ReactNativeJS:            { id: 14,
09-08 21:47:46.137 29218 29267 I ReactNativeJS:              workspaceId: 0,
09-08 21:47:46.137 29218 29267 I ReactNativeJS:              code: 'MUS012',
09-08 21:47:46.137 29218 29267 I ReactNativeJS:              name: 'Hendek Devlet Hastanesi',
09-08 21:47:46.137 29218 29267 I ReactNativeJS:              address: 'Akpnar, 4083 Sokak No:4, 54300 Hendek/Sakarya, Trkiye',
09-08 21:47:46.137 29218 29267 I ReactNativeJS:              phone: '(0264) 614 60 78',
09-08 21:47:46.137 29218 29267 I ReactNativeJS:              email: '',
09-08 21:47:46.137 29218 29267 I ReactNativeJS:              whatsAppOptIn: false,
09-08 21:47:46.137 29218 29267 I ReactNativeJS:              whatsAppVerified: false,
09-08 21:47:46.137 29218 29267 I ReactNativeJS:              latitude: 40.7699407,
09-08 21:47:46.137 29218 29267 I ReactNativeJS:              longitude: 30.7214069,
09-08 21:47:46.137 29218 29267 I ReactNativeJS:              priority: 'normal',
09-08 21:47:46.137 29218 29267 I ReactNativeJS:              estimatedServiceTime: 10,
09-08 21:47:46.137 29218 29267 I ReactNativeJS:              createdAt: '2025-09-05T20:18:34.0876977',
09-08 21:47:46.137 29218 29267 I ReactNativeJS:              updatedAt: '2025-09-05T20:18:34.0876979' },
09-08 21:47:46.137 29218 29267 I ReactNativeJS:           estimatedArrivalTime: '23:55:00',
09-08 21:47:46.137 29218 29267 I ReactNativeJS:           estimatedDepartureTime: '00:10:00' },
09-08 21:47:46.137 29218 29267 I ReactNativeJS:        checkInTime: '2025-09-08T20:46:31.699Z' } ],
09-08 21:47:46.137 29218 29267 I ReactNativeJS:   statuses: 
09-08 21:47:46.137 29218 29267 I ReactNativeJS:    [ { id: 353,
09-08 21:47:46.137 29218 29267 I ReactNativeJS:        status: 'Arrived',
09-08 21:47:46.137 29218 29267 I ReactNativeJS:        createdAt: '2025-09-08T20:46:31.7083196',
09-08 21:47:46.137 29218 29267 I ReactNativeJS:        latitude: 0,
09-08 21:47:46.137 29218 29267 I ReactNativeJS:        longitude: 0 } ],
09-08 21:47:46.137 29218 29267 I ReactNativeJS:   route: 
09-08 21:47:46.137 29218 29267 I ReactNativeJS:    { id: 208,
09-08 21:47:46.137 29218 29267 I ReactNativeJS:      name: 'Denek',
09-08 21:47:46.137 29218 29267 I ReactNativeJS:      date: '2025-09-07',
09-08 21:47:46.137 29218 29267 I ReactNativeJS:      status: 'draft',
09-08 21:47:46.137 29218 29267 I ReactNativeJS:      driverId: '2',
09-08 21:47:46.137 29218 29267 I ReactNativeJS:      vehicleId: '1',
09-08 21:47:46.137 29218 29267 I ReactNativeJS:      depotId: '2',
09-08 21:47:46.137 29218 29267 I ReactNativeJS:      totalDistance: 7.766,
09-08 21:47:46.137 29218 29267 I ReactNativeJS:      totalDuration: 150,
09-08 21:47:46.137 29218 29267 I ReactNativeJS:      totalDeliveries: 1,
09-08 21:47:46.137 29218 29267 I ReactNativeJS:      completedDeliveries: 0,
09-08 21:47:46.137 29218 29267 I ReactNativeJS:      optimized: true,
09-08 21:47:46.137 29218 29267 I ReactNativeJS:      notes: '',
09-08 21:47:46.137 29218 29267 I ReactNativeJS:      createdAt: '2025-09-08T20:44:33.0603011',
09-08 21:47:46.137 29218 29267 I ReactNativeJS:      updatedAt: '2025-09-08T20:44:33.0603012',
09-08 21:47:46.137 29218 29267 I ReactNativeJS:      startDetails: 
09-08 21:47:46.137 29218 29267 I ReactNativeJS:       { startTime: '23:46:00',
09-08 21:47:46.137 29218 29267 I ReactNativeJS:         name: 'BAKIRCILAR NAAT',
09-08 21:47:46.137 29218 29267 I ReactNativeJS:         address: 'Mahmutbey, Badat Cd. NO:15/A, 54300 Hendek/Sakarya, Trkiye',
09-08 21:47:46.137 29218 29267 I ReactNativeJS:         latitude: 40.7966307,
09-08 21:47:46.137 29218 29267 I ReactNativeJS:         longitude: 30.7511629 },
09-08 21:47:46.137 29218 29267 I ReactNativeJS:      endDetails: 
09-08 21:47:46.137 29218 29267 I ReactNativeJS:       { name: 'BAKIRCILAR NAAT',
09-08 21:47:46.137 29218 29267 I ReactNativeJS:         address: 'Mahmutbey, Badat Cd. NO:15/A, 54300 Hendek/Sakarya, Trkiye',
09-08 21:47:46.137 29218 29267 I ReactNativeJS:         latitude: 40.7966307,
09-08 21:47:46.137 29218 29267 I ReactNativeJS:         longitude: 30.7511629 },
09-08 21:47:46.137 29218 29267 I ReactNativeJS:      stops: 
09-08 21:47:46.137 29218 29267 I ReactNativeJS:       [ { isExcluded: true,
09-08 21:47:46.137 29218 29267 I ReactNativeJS:           exclusionReason: 'Time window constraint - excluded during deviation optimization',
09-08 21:47:46.137 29218 29267 I ReactNativeJS:           id: 839,
09-08 21:47:46.137 29218 29267 I ReactNativeJS:           name: 'Teknosa Lojistik Merkezi',
09-08 21:47:46.137 29218 29267 I ReactNativeJS:           address: 'Bar, 1804. Sk., 41400 Gebze/Kocaeli, Trkiye',
09-08 21:47:46.137 29218 29267 I ReactNativeJS:           latitude: 40.798236,
09-08 21:47:46.137 29218 29267 I ReactNativeJS:           longitude: 29.4655488,
09-08 21:47:46.137 29218 29267 I ReactNativeJS:           contactFullName: 'Teknosa Lojistik Merkezi',
09-08 21:47:46.137 29218 29267 I ReactNativeJS:           contactPhone: '0850 222 5599',
09-08 21:47:46.137 29218 29267 I ReactNativeJS:           contactEmail: '',
09-08 21:47:46.137 29218 29267 I ReactNativeJS:           type: 'Delivery',
09-08 21:47:46.137 29218 29267 I ReactNativeJS:           orderType: 'Auto',
09-08 21:47:46.137 29218 29267 I ReactNativeJS:           order: 0,
09-08 21:47:46.137 29218 29267 I ReactNativeJS:           proofOfDeliveryRequired: false,
09-08 21:47:46.137 29218 29267 I ReactNativeJS:           signatureRequired: false,
09-08 21:47:46.137 29218 29267 I ReactNativeJS:           photoRequired: false,
09-08 21:47:46.137 29218 29267 I ReactNativeJS:           serviceTime: '00:15:00',
09-08 21:47:46.137 29218 29267 I ReactNativeJS:           status: 'pending',
09-08 21:47:46.137 29218 29267 I ReactNativeJS:           customerId: 15,
09-08 21:47:46.137 29218 29267 I ReactNativeJS:           customer: 
09-08 21:47:46.137 29218 29267 I ReactNativeJS:            { id: 15,
09-08 21:47:46.137 29218 29267 I ReactNativeJS:              workspaceId: 0,
09-08 21:47:46.137 29218 29267 I ReactNativeJS:              code: 'MUS013',
09-08 21:47:46.137 29218 29267 I ReactNativeJS:              name: 'Teknosa Lojistik Merkezi',
09-08 21:47:46.137 29218 29267 I ReactNativeJS:              address: 'Bar, 1804. Sk., 41400 Gebze/Kocaeli, Trkiye',
09-08 21:47:46.137 29218 29267 I ReactNativeJS:              phone: '0850 222 5599',
09-08 21:47:46.137 29218 29267 I ReactNativeJS:              email: '',
09-08 21:47:46.137 29218 29267 I ReactNativeJS:              whatsAppOptIn: [TOO BIG formatValueCalls 201 exceeded limit of 200],
09-08 21:47:46.137 29218 29267 I ReactNativeJS:              whatsAppVerified: [TOO BIG formatValueCalls 202 exceeded limit of 200],
09-08 21:47:46.137 29218 29267 I ReactNativeJS:              latitude: [TOO BIG formatValueCalls 203 exceeded limit of 200],
09-08 21:47:46.137 29218 29267 I ReactNativeJS:              longitude: [TOO BIG formatValueCalls 204 exceeded limit of 200],
09-08 21:47:46.137 29218 29267 I ReactNativeJS:              priority: [TOO BIG formatValueCalls 205 exceeded limit of 200],
09-08 21:47:46.137 29218 29267 I ReactNativeJS:              estimatedServiceTime: [TOO BIG formatValueCalls 206 exceeded limit of 200],
09-08 21:47:46.137 29218 29267 I ReactNativeJS:              createdAt: [TOO BIG formatValueCalls 207 exceeded limit of 200],
09-08 21:47:46.138 29218 29267 I ReactNativeJS:              updatedAt: [TOO BIG formatValueCalls 208 exceeded limit of 200] },
09-08 21:47:46.138 29218 29267 I ReactNativeJS:           estimatedArrivalTime: [TOO BIG formatValueCalls 209 exceeded limit of 200],
09-08 21:47:46.138 29218 29267 I ReactNativeJS:           estimatedDepartureTime: [TOO BIG formatValueCalls 210 exceeded limit of 200] },
09-08 21:47:46.138 29218 29267 I ReactNativeJS:         [TOO BIG formatValueCalls 211 exceeded limit of 200] ],
09-08 21:47:46.138 29218 29267 I ReactNativeJS:      driver: [TOO BIG formatValueCalls 212 exceeded limit of 200],
09-08 21:47:46.138 29218 29267 I ReactNativeJS:      vehicle: [TOO BIG formatValueCalls 213 exceeded limit of 200],
09-08 21:47:46.138 29218 29267 I ReactNativeJS:      depot: [TOO BIG formatValueCalls 214 exceeded limit of 200] },
09-08 21:47:46.138 29218 29267 I ReactNativeJS:   totalDistance: [TOO BIG formatValueCalls 215 exceeded limit of 200],
09-08 21:47:46.138 29218 29267 I ReactNativeJS:   totalDuration: [TOO BIG formatValueCalls 216 exceeded limit of 200],
09-08 21:47:46.138 29218 29267 I ReactNativeJS:   status: [TOO BIG formatValueCalls 217 exceeded limit of 200],
09-08 21:47:46.138 29218 29267 I ReactNativeJS:   currentStopIndex: [TOO BIG formatValueCalls 218 exceeded limit of 200] }
09-08 21:47:46.416 21854 21854 D TaplEvents: TIS / TouchInteractionService.onInputEvent: MotionEvent { action=ACTION_DOWN, actionButton=0, id[0]=0, x[0]=446.95703, y[0]=1913.8916, toolType[0]=TOOL_TYPE_FINGER, buttonState=0, classification=NONE, metaState=0, flags=0x0, edgeFlags=0x0, pointerCount=1, historySize=0, eventTime=234818687, downTime=234818687, deviceId=4, source=0x5002, displayId=0, eventId=295643942 }
09-08 21:47:46.534 29218 29238 D EGL_emulation: app_time_stats: avg=17.36ms min=10.60ms max=33.40ms count=58
09-08 21:47:46.546 21410 21494 D ActivityManager: freezing 22318 com.google.process.gservices
09-08 21:47:46.662 21854 21854 D TaplEvents: TIS / TouchInteractionService.onInputEvent: MotionEvent { action=ACTION_UP, actionButton=0, id[0]=0, x[0]=596.9531, y[0]=841.91895, toolType[0]=TOOL_TYPE_FINGER, buttonState=0, classification=NONE, metaState=0, flags=0x0, edgeFlags=0x0, pointerCount=1, historySize=0, eventTime=234818933, downTime=234818687, deviceId=4, source=0x5002, displayId=0, eventId=332988196 }
09-08 21:47:46.724 21410 21494 D ActivityManager: freezing 28635 com.android.chrome
09-08 21:47:46.851 21410 21494 D ActivityManager: freezing 26488 com.google.android.youtube
09-08 21:47:46.852 21410 21494 D ActivityManager: freezing 22400 com.google.android.gms
09-08 21:47:46.983 21854 21854 D TaplEvents: TIS / TouchInteractionService.onInputEvent: MotionEvent { action=ACTION_DOWN, actionButton=0, id[0]=0, x[0]=414.98633, y[0]=1949.9268, toolType[0]=TOOL_TYPE_FINGER, buttonState=0, classification=NONE, metaState=0, flags=0x0, edgeFlags=0x0, pointerCount=1, historySize=0, eventTime=234819254, downTime=234819254, deviceId=4, source=0x5002, displayId=0, eventId=977036883 }
09-08 21:47:47.199 21854 21854 D TaplEvents: TIS / TouchInteractionService.onInputEvent: MotionEvent { action=ACTION_UP, actionButton=0, id[0]=0, x[0]=511.95215, y[0]=1127.9297, toolType[0]=TOOL_TYPE_FINGER, buttonState=0, classification=NONE, metaState=0, flags=0x0, edgeFlags=0x0, pointerCount=1, historySize=0, eventTime=234819470, downTime=234819254, deviceId=4, source=0x5002, displayId=0, eventId=231817307 }
09-08 21:47:47.596 29218 29238 D EGL_emulation: app_time_stats: avg=20.69ms min=10.75ms max=153.59ms count=51
