09-08 21:47:39.455 21410 22642 D CompatibilityChangeReporter: Compat change id reported: 263959004; UID 10204; state: DISABLED
09-08 21:47:39.455 21410 22642 D CompatibilityChangeReporter: Compat change id reported: 264304459; UID 10204; state: DISABLED
09-08 21:47:39.456 21410 22642 D CompatibilityChangeReporter: Compat change id reported: 264301586; UID 10204; state: DISABLED
09-08 21:47:39.456 21410 22642 D CompatibilityChangeReporter: Compat change id reported: 254631730; UID 10204; state: DISABLED
09-08 21:47:39.456 21410 22642 D CompatibilityChangeReporter: Compat change id reported: 273509367; UID 10204; state: DISABLED
09-08 21:47:39.456 21410 22642 D CompatibilityChangeReporter: Compat change id reported: 263259275; UID 10204; state: DISABLED
09-08 21:47:39.456 21410 22642 D CompatibilityChangeReporter: Compat change id reported: 174042980; UID 10204; state: DISABLED
09-08 21:47:39.457 21410 22642 D CompatibilityChangeReporter: Compat change id reported: 174042936; UID 10204; state: DISABLED
09-08 21:47:39.457 21410 22642 D CompatibilityChangeReporter: Compat change id reported: 181136395; UID 10204; state: DISABLED
09-08 21:47:39.457 21410 22642 D CompatibilityChangeReporter: Compat change id reported: 194480991; UID 10204; state: ENABLED
09-08 21:47:39.458 21410 22642 D CompatibilityChangeReporter: Compat change id reported: 184838306; UID 10204; state: DISABLED
09-08 21:47:39.458 21410 22642 D CompatibilityChangeReporter: Compat change id reported: 185004937; UID 10204; state: DISABLED
09-08 21:47:39.458 21410 22642 D CompatibilityChangeReporter: Compat change id reported: 197654537; UID 10204; state: ENABLED
09-08 21:47:39.459 21410 22642 V SplashScreenExceptionList: SplashScreen checking exception for package com.yolpilot.driver (target sdk:34) -> false
09-08 21:47:39.460 21410 22642 D CompatibilityChangeReporter: Compat change id reported: 205907456; UID 10204; state: ENABLED
09-08 21:47:39.462 21410 22642 E Transition: Trying to add a ready-group twice: Display{#0 state=ON size=1080x2400 ROTATION_0}
09-08 21:47:39.463 21410 22642 D CompatibilityChangeReporter: Compat change id reported: 194833441; UID 10204; state: ENABLED
09-08 21:47:39.463 21410 22642 I ActivityTaskManager: START u0 {act=android.intent.action.MAIN cat=[android.intent.category.LAUNCHER] flg=0x10100000 cmp=com.yolpilot.driver/.MainActivity} with LAUNCH_SINGLE_TASK from uid 2000 (realCallingUid=10168) (BAL_ALLOW_PENDING_INTENT) result code=0
09-08 21:47:39.463 21610 21638 V WindowManagerShell: Transition requested: android.os.BinderProxy@6c4d22a TransitionRequestInfo { type = OPEN, triggerTask = TaskInfo{userId=0 taskId=239 displayId=0 isRunning=true baseIntent=Intent { act=android.intent.action.MAIN cat=[android.intent.category.LAUNCHER] flg=0x10100000 cmp=com.yolpilot.driver/.MainActivity } baseActivity=ComponentInfo{com.yolpilot.driver/com.yolpilot.driver.MainActivity} topActivity=ComponentInfo{com.yolpilot.driver/com.yolpilot.driver.MainActivity} origActivity=null realActivity=ComponentInfo{com.yolpilot.driver/com.yolpilot.driver.MainActivity} numActivities=1 lastActiveTime=234764351 supportsMultiWindow=true resizeMode=1 isResizeable=true minWidth=-1 minHeight=-1 defaultMinSize=220 token=WCT{android.window.IWindowContainerToken$Stub$Proxy@52781b} topActivityType=1 pictureInPictureParams=null shouldDockBigOverlays=false launchIntoPipHostTaskId=-1 lastParentTaskIdBeforePip=-1 displayCutoutSafeInsets=Rect(0, 128 - 0, 0) topActivityInfo=ActivityInfo{3978db8 com.yolpilot.driver.MainActivity} launchCookies=[] positionInParent=Point(0, 0) parentTaskId=-1 isFocused=false isVisible=false isVisibleRequested=false isSleeping=false topActivityInSizeCompat=false topActivityEligibleForLetterboxEducation= false topActivityLetterboxed= false isFromDoubleTap= false topActivityLetterboxVerticalPosition= -1 topActivityLetterboxHorizontalPosition= -1 topActivityLetterboxWidth=-1 topActivityLetterboxHeight=-1 locusId=null displayAreaFeatureId=1 cameraCompatControlState=hidden}, remoteTransition = null, displayChange = null }
09-08 21:47:39.464 21410 21474 D CompatibilityChangeReporter: Compat change id reported: 168419799; UID 10204; state: DISABLED
09-08 21:47:39.465 21410 21474 D CompatibilityChangeReporter: Compat change id reported: 273564678; UID 10204; state: DISABLED
09-08 21:47:39.465 21610 21646 D SplashScreenView: Build android.window.SplashScreenView{6b5e6f6 V.E...... ......ID 0,0-0,0}
09-08 21:47:39.465 21610 21646 D SplashScreenView: Icon: view: android.widget.ImageView{167af7 V.ED..... ......I. 0,0-0,0 #10204f0 android:id/splashscreen_icon_view} drawable: com.android.wm.shell.startingsurface.SplashscreenIconDrawableFactory$ImmobileIconDrawable@513cd64 size: 420
09-08 21:47:39.465 21610 21646 D SplashScreenView: Branding: view: android.view.View{15b1bcd G.ED..... ......I. 0,0-0,0 #10204ef android:id/splashscreen_branding_view} drawable: null size w: 0 h: 0
09-08 21:47:39.466 21410 21431 D CompatibilityChangeReporter: Compat change id reported: 135634846; UID 10204; state: DISABLED
09-08 21:47:39.466 21410 21444 D CompatibilityChangeReporter: Compat change id reported: 143937733; UID 10204; state: ENABLED
09-08 21:47:39.470 21410 21482 D CompatibilityChangeReporter: Compat change id reported: 265195908; UID 10204; state: ENABLED
09-08 21:47:39.471 21341 21341 D Zygote  : Forked child process 29218
09-08 21:47:39.471 21410 21444 I ActivityManager: Start proc 29218:com.yolpilot.driver/u0a204 for next-top-activity {com.yolpilot.driver/com.yolpilot.driver.MainActivity}
09-08 21:47:39.477 21410 23029 D CoreBackPreview: Window{a5b59d8 u0 Splash Screen com.yolpilot.driver}: Setting back callback OnBackInvokedCallbackInfo{mCallback=android.window.IOnBackInvokedCallback$Stub$Proxy@3183b84, mPriority=0, mIsAnimationCallback=false}
09-08 21:47:39.492 21610 21665 E OpenGLRenderer: Unable to match the desired swap behavior.
09-08 21:47:39.515 29218 29218 I yolpilot.driver: Late-enabling -Xcheck:jni
09-08 21:47:39.528 29218 29218 I yolpilot.driver: Using CollectorTypeCC GC.
09-08 21:47:39.528 29218 29218 W yolpilot.driver: Unexpected CPU variant for x86: x86_64.
09-08 21:47:39.528 29218 29218 W yolpilot.driver: Known variants: atom, sandybridge, silvermont, goldmont, goldmont-plus, tremont, kabylake, default
09-08 21:47:39.553   441   455 I adbd    : jdwp connection from 29218
09-08 21:47:39.564 21410 21428 V WindowManager: Sent Transition #38 createdAt=09-08 21:47:39.457 via request=TransitionRequestInfo { type = OPEN, triggerTask = TaskInfo{userId=0 taskId=239 displayId=0 isRunning=true baseIntent=Intent { act=android.intent.action.MAIN cat=[android.intent.category.LAUNCHER] flg=0x10100000 cmp=com.yolpilot.driver/.MainActivity } baseActivity=ComponentInfo{com.yolpilot.driver/com.yolpilot.driver.MainActivity} topActivity=ComponentInfo{com.yolpilot.driver/com.yolpilot.driver.MainActivity} origActivity=null realActivity=ComponentInfo{com.yolpilot.driver/com.yolpilot.driver.MainActivity} numActivities=1 lastActiveTime=234764351 supportsMultiWindow=true resizeMode=1 isResizeable=true minWidth=-1 minHeight=-1 defaultMinSize=220 token=WCT{RemoteToken{2d1db78 Task{50c826e #239 type=standard A=10204:com.yolpilot.driver}}} topActivityType=1 pictureInPictureParams=null shouldDockBigOverlays=false launchIntoPipHostTaskId=-1 lastParentTaskIdBeforePip=-1 displayCutoutSafeInsets=Rect(0, 128 - 0, 0) topActivityInfo=ActivityInfo{531e569 com.yolpilot.driver.MainActivity} launchCookies=[] positionInParent=Point(0, 0) parentTaskId=-1 isFocused=false isVisible=false isVisibleRequested=false isSleeping=false topActivityInSizeCompat=false topActivityEligibleForLetterboxEducation= false topActivityLetterboxed= false isFromDoubleTap= false topActivityLetterboxVerticalPosition= -1 topActivityLetterboxHorizontalPosition= -1 topActivityLetterboxWidth=-1 topActivityLetterboxHeight=-1 locusId=null displayAreaFeatureId=1 cameraCompatControlState=hidden}, remoteTransition = null, displayChange = null }
09-08 21:47:39.564 21410 21428 V WindowManager:     startWCT=WindowContainerTransaction { changes = {} hops = [] errorCallbackToken=null taskFragmentOrganizer=null }
09-08 21:47:39.564 29218 29218 D CompatibilityChangeReporter: Compat change id reported: 171979766; UID 10204; state: ENABLED
09-08 21:47:39.564 21410 21428 V WindowManager:     info={id=38 t=OPEN f=0x0 trk=0 r=[0@Point(0, 0)] c=[{WCT{RemoteToken{2d1db78 Task{50c826e #239 type=standard A=10204:com.yolpilot.driver}}} m=TO_FRONT f=MOVE_TO_TOP leash=Surface(name=Task=239)/@0x24f2c33 sb=Rect(0, 0 - 1080, 2400) eb=Rect(0, 0 - 1080, 2400) d=0},{WCT{RemoteToken{b37107e Task{efe9156 #1 type=home}}} m=TO_BACK f=SHOW_WALLPAPER leash=Surface(name=Task=1)/@0x99fdea0 sb=Rect(0, 0 - 1080, 2400) eb=Rect(0, 0 - 1080, 2400) d=0}]}
09-08 21:47:39.564 21610 21638 V WindowManagerShell: onTransitionReady android.os.BinderProxy@6c4d22a: {id=38 t=OPEN f=0x0 trk=0 r=[0@Point(0, 0)] c=[{WCT{android.window.IWindowContainerToken$Stub$Proxy@3e5d4e8} m=TO_FRONT f=MOVE_TO_TOP leash=Surface(name=Task=239)/@0xa0cf785 sb=Rect(0, 0 - 1080, 2400) eb=Rect(0, 0 - 1080, 2400) d=0},{WCT{android.window.IWindowContainerToken$Stub$Proxy@32a8701} m=TO_BACK f=SHOW_WALLPAPER leash=Surface(name=Task=1)/@0xce19da sb=Rect(0, 0 - 1080, 2400) eb=Rect(0, 0 - 1080, 2400) d=0}]}
09-08 21:47:39.564 29218 29218 D CompatibilityChangeReporter: Compat change id reported: 242716250; UID 10204; state: ENABLED
09-08 21:47:39.564 21610 21638 V WindowManagerShell: Transition (#38)android.os.BinderProxy@6c4d22a@0 ready while (#37)android.os.BinderProxy@96542a5@0 is still animating. Notify the animating transition in case they can be merged
09-08 21:47:39.564 21610 21638 V ShellRecents: [81094812] RecentsController.merge
09-08 21:47:39.565 21610 21638 V ShellRecents:   opening new leaf taskId=239
09-08 21:47:39.565 21610 21638 V ShellRecents: [81094812] RecentsController.merge: calling onTasksAppeared
09-08 21:47:39.565 21610 21638 V WindowManagerShell: Transition was merged: (#38)android.os.BinderProxy@6c4d22a@0 into (#37)android.os.BinderProxy@96542a5@0
09-08 21:47:39.567 21410 22642 D CompatibilityChangeReporter: Compat change id reported: 170503758; UID 10204; state: ENABLED
09-08 21:47:39.569 21410 23029 W BatteryExternalStatsWorker: error reading Bluetooth stats: 11
09-08 21:47:39.570 21410 22642 D TelephonyManager: requestModemActivityInfo: Sending result to app: ModemActivityInfo{ mTimestamp=234811842 mSleepTimeMs=0 mIdleTimeMs=234811830 mActivityStatsTechSpecificInfo=[{mRat=UNKNOWN,mFrequencyRange=UNKNOWN,mTxTimeMs[]=[0, 0, 0, 0, 0],mRxTimeMs=0}]}
09-08 21:47:39.570 29218 29218 D nativeloader: Configuring clns-6 for other apk /system/framework/org.apache.http.legacy.jar. target_sdk_version=34, uses_libraries=ALL, library_path=/data/app/~~YyDg8r9nodNAa6jMoiPsQw==/com.yolpilot.driver-GDUVFl9sKSZNto7tJlA64w==/lib/x86_64:/data/app/~~YyDg8r9nodNAa6jMoiPsQw==/com.yolpilot.driver-GDUVFl9sKSZNto7tJlA64w==/base.apk!/lib/x86_64, permitted_path=/data:/mnt/expand:/data/user/0/com.yolpilot.driver
09-08 21:47:39.571 29218 29218 W ziparchive: Unable to open '/data/app/~~YyDg8r9nodNAa6jMoiPsQw==/com.yolpilot.driver-GDUVFl9sKSZNto7tJlA64w==/base.dm': No such file or directory
09-08 21:47:39.571 29218 29218 W ziparchive: Unable to open '/data/app/~~YyDg8r9nodNAa6jMoiPsQw==/com.yolpilot.driver-GDUVFl9sKSZNto7tJlA64w==/base.dm': No such file or directory
09-08 21:47:39.577 21410 23029 I AppsFilter: interaction: PackageSetting{91c22af com.yolpilot.driver/10204} -> PackageSetting{b3236e1 com.android.cts.priv.ctsshim/10180} BLOCKED
09-08 21:47:39.577 21410 23029 I AppsFilter: interaction: PackageSetting{91c22af com.yolpilot.driver/10204} -> PackageSetting{4201c06 com.google.android.youtube/10138} BLOCKED
09-08 21:47:39.578 21410 23029 I AppsFilter: interaction: PackageSetting{91c22af com.yolpilot.driver/10204} -> PackageSetting{cd9f2c7 com.android.internal.display.cutout.emulation.corner/10022} BLOCKED
09-08 21:47:39.578 21410 23029 I AppsFilter: interaction: PackageSetting{91c22af com.yolpilot.driver/10204} -> PackageSetting{daf30f4 com.android.internal.display.cutout.emulation.double/10048} BLOCKED
09-08 21:47:39.578 21410 23029 I AppsFilter: interaction: PackageSetting{91c22af com.yolpilot.driver/10204} -> PackageSetting{53a601d com.google.android.onetimeinitializer/10126} BLOCKED
09-08 21:47:39.578 21610 21638 V ShellRecents: [81094812] RecentsController.finishInner: toHome=false userLeave=false willFinishToHome=false state=1
09-08 21:47:39.578 21610 21638 V ShellRecents:   normal finish
09-08 21:47:39.578 21410 23029 I AppsFilter: interaction: PackageSetting{91c22af com.yolpilot.driver/10204} -> PackageSetting{691f292 com.google.android.ext.shared/10100} BLOCKED
09-08 21:47:39.578 21410 23029 I AppsFilter: interaction: PackageSetting{91c22af com.yolpilot.driver/10204} -> PackageSetting{2f8f463 com.android.internal.systemui.navbar.gestural_wide_back/10004} BLOCKED
09-08 21:47:39.578 21610 21638 V ShellRecents: [81094812] RecentsController.cleanup
09-08 21:47:39.579 21410 23029 I AppsFilter: interaction: PackageSetting{91c22af com.yolpilot.driver/10204} -> PackageSetting{6086860 com.android.virtualmachine.res/10179} BLOCKED
09-08 21:47:39.579 21610 21638 V WindowManagerShell: Transition animation finished (aborted=false), notifying core (#37)android.os.BinderProxy@96542a5@0
09-08 21:47:39.579 21410 23029 I AppsFilter: interaction: PackageSetting{91c22af com.yolpilot.driver/10204} -> PackageSetting{ba1e119 com.google.android.federatedcompute/10183} BLOCKED
09-08 21:47:39.579 21410 23029 I AppsFilter: interaction: PackageSetting{91c22af com.yolpilot.driver/10204} -> PackageSetting{8d8a5de com.android.managedprovisioning.auto_generated_rro_product__/10021} BLOCKED
09-08 21:47:39.579 21410 23029 I AppsFilter: interaction: PackageSetting{91c22af com.yolpilot.driver/10204} -> PackageSetting{e7c73bf com.android.carrierconfig.auto_generated_rro_vendor__/10075} BLOCKED
09-08 21:47:39.579 21410 23029 I AppsFilter: interaction: PackageSetting{91c22af com.yolpilot.driver/10204} -> PackageSetting{afbaa8c com.android.systemui.emulation.pixel_3_xl/10031} BLOCKED
09-08 21:47:39.579 21410 23029 I AppsFilter: interaction: PackageSetting{91c22af com.yolpilot.driver/10204} -> PackageSetting{f6675d5 com.android.systemui.emulation.pixel_4_xl/10059} BLOCKED
09-08 21:47:39.579 21410 23029 I AppsFilter: interaction: PackageSetting{91c22af com.yolpilot.driver/10204} -> PackageSetting{e4541ea com.android.systemui.emulation.pixel_fold/10027} BLOCKED
09-08 21:47:39.579 21410 23029 I AppsFilter: interaction: PackageSetting{91c22af com.yolpilot.driver/10204} -> PackageSetting{28e8cdb com.android.simappdialog.auto_generated_rro_product__/10029} BLOCKED
09-08 21:47:39.579 21410 23029 I AppsFilter: interaction: PackageSetting{91c22af com.yolpilot.driver/10204} -> PackageSetting{1fee378 com.android.htmlviewer/10115} BLOCKED
09-08 21:47:39.581 21410 23029 I AppsFilter: interaction: PackageSetting{91c22af com.yolpilot.driver/10204} -> PackageSetting{9a59a51 com.google.android.health.connect.backuprestore/10190} BLOCKED
09-08 21:47:39.581 21410 23029 I AppsFilter: interaction: PackageSetting{91c22af com.yolpilot.driver/10204} -> PackageSetting{c2d92b6 com.android.systemui.auto_generated_rro_product__/10028} BLOCKED
09-08 21:47:39.581 21410 23029 I AppsFilter: interaction: PackageSetting{91c22af com.yolpilot.driver/10204} -> PackageSetting{df1bb7 com.google.android.apps.messaging/10130} BLOCKED
09-08 21:47:39.582 21410 21428 V WindowManager: Finish Transition #37: created at 09-08 21:47:38.843 collect-started=0.371ms started=0.424ms ready=3.465ms sent=86.293ms finished=735.75ms
09-08 21:47:39.582 21410 21450 E system_server: Cannot read thread CPU times for PID 21410
09-08 21:47:39.582 21410 23029 I AppsFilter: interaction: PackageSetting{91c22af com.yolpilot.driver/10204} -> PackageSetting{ffabf24 com.google.android.soundpicker/10137} BLOCKED
09-08 21:47:39.582 21410 23029 I AppsFilter: interaction: PackageSetting{91c22af com.yolpilot.driver/10204} -> PackageSetting{dd88a8d com.google.android.marvin.talkbackoverlay/10078} BLOCKED
09-08 21:47:39.582 21410 23029 I AppsFilter: interaction: PackageSetting{91c22af com.yolpilot.driver/10204} -> PackageSetting{5782442 com.google.android.configupdater/10129} BLOCKED
09-08 21:47:39.583 21410 23029 I AppsFilter: interaction: PackageSetting{91c22af com.yolpilot.driver/10204} -> PackageSetting{c3fbc53 com.android.internal.emulation.pixel_3a_xl/10044} BLOCKED
09-08 21:47:39.583 21410 23029 I AppsFilter: interaction: PackageSetting{91c22af com.yolpilot.driver/10204} -> PackageSetting{db6a990 com.android.internal.emulation.pixel_6_pro/10015} BLOCKED
09-08 21:47:39.583 21410 23029 I AppsFilter: interaction: PackageSetting{91c22af com.yolpilot.driver/10204} -> PackageSetting{3d04289 com.android.internal.emulation.pixel_7_pro/10001} BLOCKED
09-08 21:47:39.583 21410 23029 I AppsFilter: interaction: PackageSetting{91c22af com.yolpilot.driver/10204} -> PackageSetting{2e8428e com.android.internal.emulation.pixel_8_pro/10058} BLOCKED
09-08 21:47:39.583 21410 23029 I AppsFilter: interaction: PackageSetting{91c22af com.yolpilot.driver/10204} -> PackageSetting{8ffcaaf com.android.internal.emulation.pixel_3a/10053} BLOCKED
09-08 21:47:39.583 21410 23029 I AppsFilter: interaction: PackageSetting{91c22af com.yolpilot.driver/10204} -> PackageSetting{704cebc com.android.internal.emulation.pixel_4a/10008} BLOCKED
09-08 21:47:39.583 21410 23029 I AppsFilter: interaction: PackageSetting{91c22af com.yolpilot.driver/10204} -> PackageSetting{5717e45 com.android.internal.emulation.pixel_6a/10020} BLOCKED
09-08 21:47:39.583 21410 23029 I AppsFilter: interaction: PackageSetting{91c22af com.yolpilot.driver/10204} -> PackageSetting{429f99a com.android.internal.emulation.pixel_7a/10030} BLOCKED
09-08 21:47:39.583 21410 23029 I AppsFilter: interaction: PackageSetting{91c22af com.yolpilot.driver/10204} -> PackageSetting{70862cb com.google.android.overlay.googlewebview/10049} BLOCKED
09-08 21:47:39.583 21410 23029 I AppsFilter: interaction: PackageSetting{91c22af com.yolpilot.driver/10204} -> PackageSetting{ae1aa8 com.google.android.hotspot2.osulogin/10187} BLOCKED
09-08 21:47:39.583 21410 23029 I AppsFilter: interaction: PackageSetting{91c22af com.yolpilot.driver/10204} -> PackageSetting{c30b9c1 com.android.simappdialog/10112} BLOCKED
09-08 21:47:39.584 21410 23029 I AppsFilter: interaction: PackageSetting{91c22af com.yolpilot.driver/10204} -> PackageSetting{59e1566 com.android.internal.display.cutout.emulation.hole/10073} BLOCKED
09-08 21:47:39.584 21410 23029 I AppsFilter: interaction: PackageSetting{91c22af com.yolpilot.driver/10204} -> PackageSetting{1b860a7 com.android.internal.display.cutout.emulation.tall/10062} BLOCKED
09-08 21:47:39.584 21410 23029 I AppsFilter: interaction: PackageSetting{91c22af com.yolpilot.driver/10204} -> PackageSetting{11e3954 com.android.internal.systemui.navbar.threebutton/10068} BLOCKED
09-08 21:47:39.584 21410 23029 I AppsFilter: interaction: PackageSetting{91c22af com.yolpilot.driver/10204} -> PackageSetting{a4e30fd com.android.camera2/10144} BLOCKED
09-08 21:47:39.584 21410 23029 I AppsFilter: interaction: PackageSetting{91c22af com.yolpilot.driver/10204} -> PackageSetting{6e621f2 com.android.systemui.auto_generated_rro_vendor__/10077} BLOCKED
09-08 21:47:39.584 21410 23029 I AppsFilter: interaction: PackageSetting{91c22af com.yolpilot.driver/10204} -> PackageSetting{1806043 com.google.android.deskclock/10152} BLOCKED
09-08 21:47:39.584 21410 23029 I AppsFilter: interaction: PackageSetting{91c22af com.yolpilot.driver/10204} -> PackageSetting{7cf96c0 com.android.internal.systemui.navbar.twobutton/10017} BLOCKED
09-08 21:47:39.584 21410 23029 I AppsFilter: interaction: PackageSetting{91c22af com.yolpilot.driver/10204} -> PackageSetting{bd1dff9 com.google.android.as/10125} BLOCKED
09-08 21:47:39.584 21410 23029 I AppsFilter: interaction: PackageSetting{91c22af com.yolpilot.driver/10204} -> PackageSetting{e306b3e com.google.android.gm/10145} BLOCKED
09-08 21:47:39.585 21410 23029 I AppsFilter: interaction: PackageSetting{91c22af com.yolpilot.driver/10204} -> PackageSetting{b3ebd9f com.android.internal.systemui.navbar.gestural_extra_wide_back/10042} BLOCKED
09-08 21:47:39.585 21410 23029 I AppsFilter: interaction: PackageSetting{91c22af com.yolpilot.driver/10204} -> PackageSetting{f775eec com.android.systemui.emulation.pixel_3/10012} BLOCKED
09-08 21:47:39.585 21410 23029 I AppsFilter: interaction: PackageSetting{91c22af com.yolpilot.driver/10204} -> PackageSetting{b4782b5 com.android.systemui.emulation.pixel_4/10037} BLOCKED
09-08 21:47:39.585 21410 23029 I AppsFilter: interaction: PackageSetting{91c22af com.yolpilot.driver/10204} -> PackageSetting{443fd4a com.android.systemui.emulation.pixel_5/10071} BLOCKED
09-08 21:47:39.585 21410 23029 I AppsFilter: interaction: PackageSetting{91c22af com.yolpilot.driver/10204} -> PackageSetting{95b94bb com.android.systemui.emulation.pixel_6/10074} BLOCKED
09-08 21:47:39.585 21410 23029 I AppsFilter: interaction: PackageSetting{91c22af com.yolpilot.driver/10204} -> PackageSetting{6f17dd8 com.android.systemui.emulation.pixel_7/10072} BLOCKED
09-08 21:47:39.585 21410 23029 I AppsFilter: interaction: PackageSetting{91c22af com.yolpilot.driver/10204} -> PackageSetting{63a9531 com.android.systemui.emulation.pixel_8/10070} BLOCKED
09-08 21:47:39.585 21410 23029 I AppsFilter: interaction: PackageSetting{91c22af com.yolpilot.driver/10204} -> PackageSetting{54ca416 com.android.nfc.auto_generated_rro_product__/10024} BLOCKED
09-08 21:47:39.585 21410 23029 I AppsFilter: interaction: PackageSetting{91c22af com.yolpilot.driver/10204} -> PackageSetting{aa4c197 com.android.printspooler/10102} BLOCKED
09-08 21:47:39.586 21410 23029 I AppsFilter: interaction: PackageSetting{91c22af com.yolpilot.driver/10204} -> PackageSetting{cec9f84 com.android.emergency.auto_generated_rro_product__/10045} BLOCKED
09-08 21:47:39.586 21410 23029 I AppsFilter: interaction: PackageSetting{91c22af com.yolpilot.driver/10204} -> PackageSetting{d72536d com.google.android.connectivity.resources.goldfish.overlay/10079} BLOCKED
09-08 21:47:39.586 21410 23029 I AppsFilter: interaction: PackageSetting{91c22af com.yolpilot.driver/10204} -> PackageSetting{266eba2 com.rotaappmobile/10195} BLOCKED
09-08 21:47:39.586 21410 23029 I AppsFilter: interaction: PackageSetting{91c22af com.yolpilot.driver/10204} -> PackageSetting{2e9e033 com.android.dreams.basic/10103} BLOCKED
09-08 21:47:39.586 21410 23029 I AppsFilter: interaction: PackageSetting{91c22af com.yolpilot.driver/10204} -> PackageSetting{a562ff0 com.google.android.networkstack.tethering.emulator/10019} BLOCKED
09-08 21:47:39.586 21410 23029 I AppsFilter: interaction: PackageSetting{91c22af com.yolpilot.driver/10204} -> PackageSetting{cedb969 com.android.providers.settings.auto_generated_rro_product__/10000} BLOCKED
09-08 21:47:39.586 21410 23029 I AppsFilter: interaction: PackageSetting{91c22af com.yolpilot.driver/10204} -> PackageSetting{fec1fee com.google.android.as.oss/10120} BLOCKED
09-08 21:47:39.586 21410 23029 I AppsFilter: interaction: PackageSetting{91c22af com.yolpilot.driver/10204} -> PackageSetting{9584c8f com.android.traceur.auto_generated_rro_product__/10002} BLOCKED
09-08 21:47:39.586 21410 23029 I AppsFilter: interaction: PackageSetting{91c22af com.yolpilot.driver/10204} -> PackageSetting{7865b1c com.google.android.devicelockcontroller/10172} BLOCKED
09-08 21:47:39.586 21410 23029 I AppsFilter: interaction: PackageSetting{91c22af com.yolpilot.driver/10204} -> PackageSetting{79f8325 com.google.android.dialer/10128} BLOCKED
09-08 21:47:39.586 21410 23029 I AppsFilter: interaction: PackageSetting{91c22af com.yolpilot.driver/10204} -> PackageSetting{c7e4cfa com.android.internal.emulation.pixel_3/10046} BLOCKED
09-08 21:47:39.586 21410 23029 I AppsFilter: interaction: PackageSetting{91c22af com.yolpilot.driver/10204} -> PackageSetting{9722ab com.android.internal.emulation.pixel_4/10060} BLOCKED
09-08 21:47:39.586 21410 23029 I AppsFilter: interaction: PackageSetting{91c22af com.yolpilot.driver/10204} -> PackageSetting{82c0d08 com.android.internal.emulation.pixel_5/10009} BLOCKED
09-08 21:47:39.587 21410 23029 I AppsFilter: interaction: PackageSetting{91c22af com.yolpilot.driver/10204} -> PackageSetting{2ea2ca1 com.android.internal.emulation.pixel_6/10038} BLOCKED
09-08 21:47:39.587 21410 23029 I AppsFilter: interaction: PackageSetting{91c22af com.yolpilot.driver/10204} -> PackageSetting{cd43ec6 com.android.internal.emulation.pixel_7/10067} BLOCKED
09-08 21:47:39.587 21410 23029 I AppsFilter: interaction: PackageSetting{91c22af com.yolpilot.driver/10204} -> PackageSetting{4a33e87 com.android.internal.emulation.pixel_8/10041} BLOCKED
09-08 21:47:39.587 21410 23029 I AppsFilter: interaction: PackageSetting{91c22af com.yolpilot.driver/10204} -> PackageSetting{9f8f1b4 com.google.android.captiveportallogin/10113} BLOCKED
09-08 21:47:39.587 21410 23029 I AppsFilter: interaction: PackageSetting{91c22af com.yolpilot.driver/10204} -> PackageSetting{ddbf1dd com.android.musicfx/10088} BLOCKED
09-08 21:47:39.587 21410 23029 I AppsFilter: interaction: PackageSetting{91c22af com.yolpilot.driver/10204} -> PackageSetting{8458152 com.google.android.modulemetadata/10146} BLOCKED
09-08 21:47:39.587 21410 23029 I AppsFilter: interaction: PackageSetting{91c22af com.yolpilot.driver/10204} -> PackageSetting{a6b3c23 com.google.android.markup/10135} BLOCKED
09-08 21:47:39.587 21410 23029 I AppsFilter: interaction: PackageSetting{91c22af com.yolpilot.driver/10204} -> PackageSetting{20d7520 com.android.providers.settings.auto_generated_rro_vendor__/10080} BLOCKED
09-08 21:47:39.587 21410 23029 I AppsFilter: interaction: PackageSetting{91c22af com.yolpilot.driver/10204} -> PackageSetting{216609e com.google.android.rkpdapp/10173} BLOCKED
09-08 21:47:39.587 21410 23029 I AppsFilter: interaction: PackageSetting{91c22af com.yolpilot.driver/10204} -> PackageSetting{d2b777f com.google.android.contacts/10153} BLOCKED
09-08 21:47:39.587 21410 23029 I AppsFilter: interaction: PackageSetting{91c22af com.yolpilot.driver/10204} -> PackageSetting{524c34c com.android.server.telecom.auto_generated_rro_product__/10034} BLOCKED
09-08 21:47:39.588 21410 23029 I AppsFilter: interaction: PackageSetting{91c22af com.yolpilot.driver/10204} -> PackageSetting{cf07f95 com.google.android.overlay.googleconfig/10055} BLOCKED
09-08 21:47:39.588 21410 23029 I AppsFilter: interaction: PackageSetting{91c22af com.yolpilot.driver/10204} -> PackageSetting{b83e8aa com.android.bips.auto_generated_rro_product__/10035} BLOCKED
09-08 21:47:39.588 21410 23029 I AppsFilter: interaction: PackageSetting{91c22af com.yolpilot.driver/10204} -> PackageSetting{58a0c9b com.google.android.apps.customization.pixel/10143} BLOCKED
09-08 21:47:39.588 21410 23029 I AppsFilter: interaction: PackageSetting{91c22af com.yolpilot.driver/10204} -> PackageSetting{680c838 com.google.android.tag/10083} BLOCKED
09-08 21:47:39.588 21410 23029 I AppsFilter: interaction: PackageSetting{91c22af com.yolpilot.driver/10204} -> PackageSetting{5268011 com.google.android.overlay.permissioncontroller/10026} BLOCKED
09-08 21:47:39.588 21410 23029 I AppsFilter: interaction: PackageSetting{91c22af com.yolpilot.driver/10204} -> PackageSetting{a8fe576 com.google.android.partnersetup/10124} BLOCKED
09-08 21:47:39.588 21410 23029 I AppsFilter: interaction: PackageSetting{91c22af com.yolpilot.driver/10204} -> PackageSetting{672d777 com.google.android.apps.wallpaper.nexus/10141} BLOCKED
09-08 21:47:39.588 21410 23029 I AppsFilter: interaction: PackageSetting{91c22af com.yolpilot.driver/10204} -> PackageSetting{9962fe4 com.google.android.apps.nexuslauncher/10168} BLOCKED
09-08 21:47:39.588 21410 23029 I AppsFilter: interaction: PackageSetting{91c22af com.yolpilot.driver/10204} -> PackageSetting{5e20c4d com.google.android.nearby.halfsheet/10178} BLOCKED
09-08 21:47:39.589 21410 23029 I AppsFilter: interaction: PackageSetting{91c22af com.yolpilot.driver/10204} -> PackageSetting{18ce302 com.android.theme.font.notoserifsource/10066} BLOCKED
09-08 21:47:39.589 21410 23029 I AppsFilter: interaction: PackageSetting{91c22af com.yolpilot.driver/10204} -> PackageSetting{bb37413 com.google.android.safetycenter.resources/10170} BLOCKED
09-08 21:47:39.589 21410 23029 I AppsFilter: interaction: PackageSetting{91c22af com.yolpilot.driver/10204} -> PackageSetting{2786650 com.android.internal.display.cutout.emulation.waterfall/10040} BLOCKED
09-08 21:47:39.589 21410 23029 I AppsFilter: interaction: PackageSetting{91c22af com.yolpilot.driver/10204} -> PackageSetting{e502049 com.android.internal.systemui.navbar.transparent/10033} BLOCKED
09-08 21:47:39.589 21410 23029 I AppsFilter: interaction: PackageSetting{91c22af com.yolpilot.driver/10204} -> PackageSetting{36a2d4e com.google.android.connectivity.resources/10177} BLOCKED
09-08 21:47:39.589 21410 23029 I AppsFilter: interaction: PackageSetting{91c22af com.yolpilot.driver/10204} -> PackageSetting{6573e6f com.android.providers.contacts.auto_generated_rro_product__/10016} BLOCKED
09-08 21:47:39.589 21410 23029 I AppsFilter: interaction: PackageSetting{91c22af com.yolpilot.driver/10204} -> PackageSetting{105977c com.google.android.feedback/10162} BLOCKED
09-08 21:47:39.589 21410 23029 I AppsFilter: interaction: PackageSetting{91c22af com.yolpilot.driver/10204} -> PackageSetting{9717805 com.google.android.printservice.recommendation/10110} BLOCKED
09-08 21:47:39.589 21410 23029 I AppsFilter: interaction: PackageSetting{91c22af com.yolpilot.driver/10204} -> PackageSetting{bfd05a com.google.android.apps.photos/10140} BLOCKED
09-08 21:47:39.589 21410 23029 I AppsFilter: interaction: PackageSetting{91c22af com.yolpilot.driver/10204} -> PackageSetting{2c3528b com.google.android.documentsui/10099} BLOCKED
09-08 21:47:39.596 21610 21638 V WindowManagerShell: Track 0 became idle
09-08 21:47:39.597 21610 21638 V WindowManagerShell: All active transition animations finished
09-08 21:47:39.600 21410 23029 I AppsFilter: interaction: PackageSetting{91c22af com.yolpilot.driver/10204} -> PackageSetting{2d2af68 com.android.systemui.emulation.pixel_3a_xl/10018} BLOCKED
09-08 21:47:39.603 21410 23029 I AppsFilter: interaction: PackageSetting{91c22af com.yolpilot.driver/10204} -> PackageSetting{7968f81 com.android.systemui.emulation.pixel_6_pro/10063} BLOCKED
09-08 21:47:39.603 21410 23029 I AppsFilter: interaction: PackageSetting{91c22af com.yolpilot.driver/10204} -> PackageSetting{99a9826 com.android.systemui.emulation.pixel_7_pro/10054} BLOCKED
09-08 21:47:39.604 21410 23029 I AppsFilter: interaction: PackageSetting{91c22af com.yolpilot.driver/10204} -> PackageSetting{4928c67 com.android.systemui.emulation.pixel_8_pro/10005} BLOCKED
09-08 21:47:39.604 21410 23029 I AppsFilter: interaction: PackageSetting{91c22af com.yolpilot.driver/10204} -> PackageSetting{7d75a14 com.google.mainline.telemetry/10151} BLOCKED
09-08 21:47:39.604 21410 23029 I AppsFilter: interaction: PackageSetting{91c22af com.yolpilot.driver/10204} -> PackageSetting{39ba2bd com.android.carrierconfig.auto_generated_rro_product__/10064} BLOCKED
09-08 21:47:39.605 21410 23029 I AppsFilter: interaction: PackageSetting{91c22af com.yolpilot.driver/10204} -> PackageSetting{810b2 com.android.providers.partnerbookmarks/10101} BLOCKED
09-08 21:47:39.605 21410 23029 I AppsFilter: interaction: PackageSetting{91c22af com.yolpilot.driver/10204} -> PackageSetting{4318803 com.android.wallpaper.livepicker/10090} BLOCKED
09-08 21:47:39.606 21410 23029 I AppsFilter: interaction: PackageSetting{91c22af com.yolpilot.driver/10204} -> PackageSetting{5da0380 com.android.providers.telephony.auto_generated_rro_product__/10065} BLOCKED
09-08 21:47:39.606 21410 23029 I AppsFilter: interaction: PackageSetting{91c22af com.yolpilot.driver/10204} -> PackageSetting{fe4adb9 com.android.phone.auto_generated_rro_vendor__/10081} BLOCKED
09-08 21:47:39.606 21410 23029 I AppsFilter: interaction: PackageSetting{91c22af com.yolpilot.driver/10204} -> PackageSetting{76285fe com.google.mainline.adservices/10136} BLOCKED
09-08 21:47:39.608 21410 21428 V WindowManager: Finish Transition #38: created at 09-08 21:47:39.457 collect-started=0.032ms request-sent=5.195ms started=8.058ms ready=103.926ms sent=106.051ms finished=138.001ms
09-08 21:47:39.608 21410 23029 I AppsFilter: interaction: PackageSetting{91c22af com.yolpilot.driver/10204} -> PackageSetting{a3aa15f com.android.imsserviceentitlement/10117} BLOCKED
09-08 21:47:39.608 21410 23029 I AppsFilter: interaction: PackageSetting{91c22af com.yolpilot.driver/10204} -> PackageSetting{69bd7ac com.google.android.healthconnect.controller/10189} BLOCKED
09-08 21:47:39.609 21410 23029 I AppsFilter: interaction: PackageSetting{91c22af com.yolpilot.driver/10204} -> PackageSetting{7196c75 com.android.internal.emulation.pixel_2_xl/10013} BLOCKED
09-08 21:47:39.609 21410 23029 I AppsFilter: interaction: PackageSetting{91c22af com.yolpilot.driver/10204} -> PackageSetting{c5d040a com.android.internal.emulation.pixel_3_xl/10056} BLOCKED
09-08 21:47:39.609 21410 23029 I AppsFilter: interaction: PackageSetting{91c22af com.yolpilot.driver/10204} -> PackageSetting{491f47b com.android.internal.emulation.pixel_4_xl/10047} BLOCKED
09-08 21:47:39.610 21410 23029 I AppsFilter: interaction: PackageSetting{91c22af com.yolpilot.driver/10204} -> PackageSetting{cc4c298 com.android.internal.emulation.pixel_fold/10003} BLOCKED
09-08 21:47:39.610 21410 23029 I AppsFilter: interaction: PackageSetting{91c22af com.yolpilot.driver/10204} -> PackageSetting{ca15af1 com.android.bookmarkprovider/10114} BLOCKED
09-08 21:47:39.610 21410 23029 I AppsFilter: interaction: PackageSetting{91c22af com.yolpilot.driver/10204} -> PackageSetting{1cf56d6 com.google.android.overlay.pixelconfigcommon/10011} BLOCKED
09-08 21:47:39.610 21410 23029 I AppsFilter: interaction: PackageSetting{91c22af com.yolpilot.driver/10204} -> PackageSetting{1415d57 com.android.systemui.accessibility.accessibilitymenu.auto_generated_rro_product__/10050} BLOCKED
09-08 21:47:39.610 21410 23029 I AppsFilter: interaction: PackageSetting{91c22af com.yolpilot.driver/10204} -> PackageSetting{d354cb0 com.android.systemui.emulation.pixel_3a/10010} BLOCKED
09-08 21:47:39.610 21410 23029 I AppsFilter: interaction: PackageSetting{91c22af com.yolpilot.driver/10204} -> PackageSetting{d2f7729 com.android.systemui.emulation.pixel_4a/10006} BLOCKED
09-08 21:47:39.610 21410 23029 I AppsFilter: interaction: PackageSetting{91c22af com.yolpilot.driver/10204} -> PackageSetting{63a6aae com.android.systemui.emulation.pixel_6a/10039} BLOCKED
09-08 21:47:39.611 21410 23029 I AppsFilter: interaction: PackageSetting{91c22af com.yolpilot.driver/10204} -> PackageSetting{3f4a04f com.android.systemui.emulation.pixel_7a/10014} BLOCKED
09-08 21:47:39.611 21410 23029 I AppsFilter: interaction: PackageSetting{91c22af com.yolpilot.driver/10204} -> PackageSetting{b9f5ce5 com.google.android.settings.intelligence/10118} BLOCKED
09-08 21:47:39.611 21410 23029 I AppsFilter: interaction: PackageSetting{91c22af com.yolpilot.driver/10204} -> PackageSetting{f2e0709 com.google.android.projection.gearhead/10123} BLOCKED
09-08 21:47:39.611 21410 23029 I AppsFilter: interaction: PackageSetting{91c22af com.yolpilot.driver/10204} -> PackageSetting{f4683ba com.google.android.uwb.resources/10182} BLOCKED
09-08 21:47:39.611 21410 23029 I AppsFilter: interaction: PackageSetting{91c22af com.yolpilot.driver/10204} -> PackageSetting{6b3ed0e com.android.cts.ctsshim/10181} BLOCKED
09-08 21:47:39.611 21410 23029 I AppsFilter: interaction: PackageSetting{91c22af com.yolpilot.driver/10204} -> PackageSetting{904f26b com.google.android.wifi.resources/10186} BLOCKED
09-08 21:47:39.611 21410 23029 I AppsFilter: interaction: PackageSetting{91c22af com.yolpilot.driver/10204} -> PackageSetting{2ba01c8 com.google.android.wifi.dialog/10188} BLOCKED
09-08 21:47:39.612 21410 23029 I AppsFilter: interaction: PackageSetting{91c22af com.yolpilot.driver/10204} -> PackageSetting{e6de261 com.google.android.apps.wallpaper/10161} BLOCKED
09-08 21:47:39.612 21410 23029 I AppsFilter: interaction: PackageSetting{91c22af com.yolpilot.driver/10204} -> PackageSetting{7c92186 com.google.android.odad/10121} BLOCKED
09-08 21:47:39.612 21410 23029 I AppsFilter: interaction: PackageSetting{91c22af com.yolpilot.driver/10204} -> PackageSetting{c7e4a47 com.android.settings.auto_generated_rro_product__/10025} BLOCKED
09-08 21:47:39.612 21410 23029 I AppsFilter: interaction: PackageSetting{91c22af com.yolpilot.driver/10204} -> PackageSetting{6517274 com.android.internal.systemui.navbar.gestural/10051} BLOCKED
09-08 21:47:39.612 21410 23029 I AppsFilter: interaction: PackageSetting{91c22af com.yolpilot.driver/10204} -> PackageSetting{b45439d com.google.android.apps.youtube.music/10156} BLOCKED
09-08 21:47:39.612 21410 23029 I AppsFilter: interaction: PackageSetting{91c22af com.yolpilot.driver/10204} -> PackageSetting{f85d012 com.android.bluetoothmidiservice/10108} BLOCKED
09-08 21:47:39.613 21410 23029 I AppsFilter: interaction: PackageSetting{91c22af com.yolpilot.driver/10204} -> PackageSetting{14b43e3 com.android.storagemanager.auto_generated_rro_product__/10023} BLOCKED
09-08 21:47:39.613 21410 23029 I AppsFilter: interaction: PackageSetting{91c22af com.yolpilot.driver/10204} -> PackageSetting{4d41e0 com.google.android.cellbroadcastreceiver/10191} BLOCKED
09-08 21:47:39.613 21410 23029 I AppsFilter: interaction: PackageSetting{91c22af com.yolpilot.driver/10204} -> PackageSetting{e377c99 com.android.phone.auto_generated_rro_product__/10061} BLOCKED
09-08 21:47:39.613 21410 23029 I AppsFilter: interaction: PackageSetting{91c22af com.yolpilot.driver/10204} -> PackageSetting{cecdb5e android.auto_generated_rro_product__/10069} BLOCKED
09-08 21:47:39.613 21410 23029 I AppsFilter: interaction: PackageSetting{91c22af com.yolpilot.driver/10204} -> PackageSetting{c3365ef com.android.internal.systemui.navbar.gestural_narrow_back/10052} BLOCKED
09-08 21:47:39.613 21410 23029 I AppsFilter: interaction: PackageSetting{91c22af com.yolpilot.driver/10204} -> PackageSetting{cb68fc com.google.android.inputmethod.latin/10147} BLOCKED
09-08 21:47:39.613 21410 23029 I AppsFilter: interaction: PackageSetting{91c22af com.yolpilot.driver/10204} -> PackageSetting{f80ab85 android.auto_generated_rro_vendor__/10076} BLOCKED
09-08 21:47:39.614 21410 23029 I AppsFilter: interaction: PackageSetting{91c22af com.yolpilot.driver/10204} -> PackageSetting{be9bdda com.google.android.apps.restore/10119} BLOCKED
09-08 21:47:39.614 21410 21431 V WindowManager: Unknown focus tokens, dropping reportFocusChanged
09-08 21:47:39.618 21345 21378 I netd    : tetherGetStats() -> {[]} <0.67ms>
09-08 21:47:39.627 21854 21921 I ImeTracker: com.google.android.apps.nexuslauncher:4fff64c1: onRequestHide at ORIGIN_CLIENT_HIDE_SOFT_INPUT reason HIDE_SOFT_INPUT
09-08 21:47:39.628 21854 21921 I ImeTracker: com.google.android.apps.nexuslauncher:4fff64c1: onFailed at PHASE_CLIENT_VIEW_SERVED
09-08 21:47:39.633 21854 21921 I ImeTracker: com.google.android.apps.nexuslauncher:335c0cac: onRequestHide at ORIGIN_CLIENT_HIDE_SOFT_INPUT reason HIDE_SOFT_INPUT
09-08 21:47:39.633 21854 21921 I ImeTracker: com.google.android.apps.nexuslauncher:335c0cac: onFailed at PHASE_CLIENT_VIEW_SERVED
09-08 21:47:39.636 21854 22813 D OneSearchSuggestProvider: Shut down the binder channel
09-08 21:47:39.671 21854 21854 W FrameTracker: Missed App frame:UNKNOWN: 12, 174384160, 18277388, CUJ=J<LAUNCHER_QUICK_SWITCH>
09-08 21:47:39.671 21854 21854 W FrameTracker: Missed SF frame:UNKNOWN: 12, 174384160, 18277388, CUJ=J<LAUNCHER_QUICK_SWITCH>
09-08 21:47:39.671 21854 21854 W FrameTracker: Missed App frame:UNKNOWN: 24, 174384182, 0, CUJ=J<LAUNCHER_QUICK_SWITCH>
09-08 21:47:39.671 21854 21854 W FrameTracker: Missed SF frame:UNKNOWN: 24, 174384182, 0, CUJ=J<LAUNCHER_QUICK_SWITCH>
09-08 21:47:39.671 21854 21854 W FrameTracker: Missing HWUI jank callback for vsyncId: 174384182, CUJ=J<LAUNCHER_QUICK_SWITCH>
09-08 21:47:39.671 21854 21854 W FrameTracker: Missed SF frame:UNKNOWN: 80, 174384204, 0, CUJ=J<LAUNCHER_QUICK_SWITCH>
09-08 21:47:39.671 21854 21854 W FrameTracker: Missing HWUI jank callback for vsyncId: 174384204, CUJ=J<LAUNCHER_QUICK_SWITCH>
09-08 21:47:39.672 21854 21854 W FrameTracker: Missed SF frame:UNKNOWN: 80, 174384219, 23887190, CUJ=J<LAUNCHER_QUICK_SWITCH>
09-08 21:47:39.672 21854 21854 W FrameTracker: Missed SF frame:UNKNOWN: 80, 174384234, 22908524, CUJ=J<LAUNCHER_QUICK_SWITCH>
09-08 21:47:39.672 21854 21854 W FrameTracker: Missed SF frame:UNKNOWN: 80, 174384249, 23511758, CUJ=J<LAUNCHER_QUICK_SWITCH>
09-08 21:47:39.672 21854 21854 W FrameTracker: Missed SF frame:UNKNOWN: 80, 174384264, 23222792, CUJ=J<LAUNCHER_QUICK_SWITCH>
09-08 21:47:39.672 21854 21854 W FrameTracker: Missed SF frame:UNKNOWN: 80, 174384279, 22138626, CUJ=J<LAUNCHER_QUICK_SWITCH>
09-08 21:47:39.672 21854 21854 W FrameTracker: Missed SF frame:UNKNOWN: 80, 174384294, 22451960, CUJ=J<LAUNCHER_QUICK_SWITCH>
09-08 21:47:39.672 21854 21854 W FrameTracker: Missed SF frame:UNKNOWN: 80, 174384309, 26880394, CUJ=J<LAUNCHER_QUICK_SWITCH>
09-08 21:47:39.672 21854 21854 W FrameTracker: Missed SF frame:UNKNOWN: 80, 174384317, 23197628, CUJ=J<LAUNCHER_QUICK_SWITCH>
09-08 21:47:39.672 21854 21854 W FrameTracker: Missed SF frame:UNKNOWN: 80, 174384325, 23320862, CUJ=J<LAUNCHER_QUICK_SWITCH>
09-08 21:47:39.672 21854 21854 W FrameTracker: Missed SF frame:UNKNOWN: 80, 174384333, 26847596, CUJ=J<LAUNCHER_QUICK_SWITCH>
09-08 21:47:39.672 21854 21854 W FrameTracker: Missed SF frame:UNKNOWN: 80, 174384341, 22597930, CUJ=J<LAUNCHER_QUICK_SWITCH>
09-08 21:47:39.672 21854 21854 W FrameTracker: Missed SF frame:UNKNOWN: 80, 174384349, 20871764, CUJ=J<LAUNCHER_QUICK_SWITCH>
09-08 21:47:39.672 21854 21854 W FrameTracker: Missed SF frame:UNKNOWN: 80, 174384357, 21824698, CUJ=J<LAUNCHER_QUICK_SWITCH>
09-08 21:47:39.672 21854 21854 W FrameTracker: Missed SF frame:UNKNOWN: 80, 174384365, 24851432, CUJ=J<LAUNCHER_QUICK_SWITCH>
09-08 21:47:39.672 21854 21854 W FrameTracker: Missed SF frame:UNKNOWN: 80, 174384373, 21315366, CUJ=J<LAUNCHER_QUICK_SWITCH>
09-08 21:47:39.672 21854 21854 W FrameTracker: Missed SF frame:UNKNOWN: 80, 174384381, 21624500, CUJ=J<LAUNCHER_QUICK_SWITCH>
09-08 21:47:39.672 21854 21854 W FrameTracker: Missed SF frame:UNKNOWN: 80, 174384389, 21917234, CUJ=J<LAUNCHER_QUICK_SWITCH>
09-08 21:47:39.672 21854 21854 W FrameTracker: Missed SF frame:UNKNOWN: 80, 174384405, 31594202, CUJ=J<LAUNCHER_QUICK_SWITCH>
09-08 21:47:39.672 21854 21854 W FrameTracker: Missed SF frame:UNKNOWN: 80, 174384413, 22262736, CUJ=J<LAUNCHER_QUICK_SWITCH>
09-08 21:47:39.673 21854 21854 W FrameTracker: Missing SF jank callback for vsyncId: 174384421, CUJ=J<LAUNCHER_QUICK_SWITCH>
09-08 21:47:39.673 21854 21854 W FrameTracker: Missing SF jank callback for vsyncId: 174384506, CUJ=J<LAUNCHER_QUICK_SWITCH>
09-08 21:47:39.722 29218 29218 D nativeloader: Configuring clns-7 for other apk /data/app/~~YyDg8r9nodNAa6jMoiPsQw==/com.yolpilot.driver-GDUVFl9sKSZNto7tJlA64w==/base.apk. target_sdk_version=34, uses_libraries=, library_path=/data/app/~~YyDg8r9nodNAa6jMoiPsQw==/com.yolpilot.driver-GDUVFl9sKSZNto7tJlA64w==/lib/x86_64:/data/app/~~YyDg8r9nodNAa6jMoiPsQw==/com.yolpilot.driver-GDUVFl9sKSZNto7tJlA64w==/base.apk!/lib/x86_64, permitted_path=/data:/mnt/expand:/data/user/0/com.yolpilot.driver
09-08 21:47:39.727 29218 29218 V GraphicsEnvironment: Currently set values for:
09-08 21:47:39.727 29218 29218 V GraphicsEnvironment:   angle_gl_driver_selection_pkgs=[]
09-08 21:47:39.728 29218 29218 V GraphicsEnvironment:   angle_gl_driver_selection_values=[]
09-08 21:47:39.728 29218 29218 V GraphicsEnvironment: ANGLE GameManagerService for com.yolpilot.driver: false
09-08 21:47:39.728 29218 29218 V GraphicsEnvironment: com.yolpilot.driver is not listed in per-application setting
09-08 21:47:39.728 29218 29218 V GraphicsEnvironment: Neither updatable production driver nor prerelease driver is supported.
09-08 21:47:39.767 29218 29218 W SoLoader: Initializing SoLoader: 0
09-08 21:47:39.769 29218 29218 W SoLoader: Recording new base apk path: /data/app/~~YyDg8r9nodNAa6jMoiPsQw==/com.yolpilot.driver-GDUVFl9sKSZNto7tJlA64w==/base.apk
09-08 21:47:39.769 29218 29218 W SoLoader: Previously recorded 0 base apk paths.
09-08 21:47:39.771 29218 29218 I SoLoader: Preparing SO source: DirectorySoSource[root = /vendor/lib64 flags = 2]
09-08 21:47:39.771 29218 29218 I SoLoader: Preparing SO source: DirectorySoSource[root = /system/lib64 flags = 2]
09-08 21:47:39.771 29218 29218 I SoLoader: Preparing SO source: DirectApkSoSource[root = [/data/app/~~YyDg8r9nodNAa6jMoiPsQw==/com.yolpilot.driver-GDUVFl9sKSZNto7tJlA64w==/base.apk!/lib/x86_64]]
09-08 21:47:39.810 29218 29218 I SoLoader: Preparing SO source: ApplicationSoSource[DirectorySoSource[root = /data/app/~~YyDg8r9nodNAa6jMoiPsQw==/com.yolpilot.driver-GDUVFl9sKSZNto7tJlA64w==/lib/x86_64 flags = 0]]
09-08 21:47:39.810 29218 29218 I SoLoader: init finish: 4 SO sources prepared
09-08 21:47:39.810 29218 29218 W SoLoader: SoLoader initialized: 8
09-08 21:47:39.813 29218 29218 W SoLoader: Running a recovery step for librnscreens.so due to com.facebook.soloader.SoLoaderDSONotFoundError: couldn't find DSO to load: librnscreens.so
09-08 21:47:39.813 29218 29218 W SoLoader: 	existing SO sources: 
09-08 21:47:39.813 29218 29218 W SoLoader: 		SoSource 0: ApplicationSoSource[DirectorySoSource[root = /data/app/~~YyDg8r9nodNAa6jMoiPsQw==/com.yolpilot.driver-GDUVFl9sKSZNto7tJlA64w==/lib/x86_64 flags = 0]]
09-08 21:47:39.813 29218 29218 W SoLoader: 		SoSource 1: DirectApkSoSource[root = [/data/app/~~YyDg8r9nodNAa6jMoiPsQw==/com.yolpilot.driver-GDUVFl9sKSZNto7tJlA64w==/base.apk!/lib/x86_64]]
09-08 21:47:39.813 29218 29218 W SoLoader: 		SoSource 2: DirectorySoSource[root = /system/lib64 flags = 2]
09-08 21:47:39.813 29218 29218 W SoLoader: 		SoSource 3: DirectorySoSource[root = /vendor/lib64 flags = 2]
09-08 21:47:39.813 29218 29218 W SoLoader: 	Native lib dir: /data/app/~~YyDg8r9nodNAa6jMoiPsQw==/com.yolpilot.driver-GDUVFl9sKSZNto7tJlA64w==/lib/x86_64
09-08 21:47:39.814 29218 29218 W soloader.recovery.CheckBaseApkExists: Base apk exists: /data/app/~~YyDg8r9nodNAa6jMoiPsQw==/com.yolpilot.driver-GDUVFl9sKSZNto7tJlA64w==/base.apk
09-08 21:47:39.814 29218 29218 W SoLoader: Running a recovery step for librnscreens.so due to com.facebook.soloader.SoLoaderDSONotFoundError: couldn't find DSO to load: librnscreens.so
09-08 21:47:39.814 29218 29218 W SoLoader: 	existing SO sources: 
09-08 21:47:39.814 29218 29218 W SoLoader: 		SoSource 0: ApplicationSoSource[DirectorySoSource[root = /data/app/~~YyDg8r9nodNAa6jMoiPsQw==/com.yolpilot.driver-GDUVFl9sKSZNto7tJlA64w==/lib/x86_64 flags = 0]]
09-08 21:47:39.814 29218 29218 W SoLoader: 		SoSource 1: DirectApkSoSource[root = [/data/app/~~YyDg8r9nodNAa6jMoiPsQw==/com.yolpilot.driver-GDUVFl9sKSZNto7tJlA64w==/base.apk!/lib/x86_64]]
09-08 21:47:39.814 29218 29218 W SoLoader: 		SoSource 2: DirectorySoSource[root = /system/lib64 flags = 2]
09-08 21:47:39.814 29218 29218 W SoLoader: 		SoSource 3: DirectorySoSource[root = /vendor/lib64 flags = 2]
09-08 21:47:39.814 29218 29218 W SoLoader: 	Native lib dir: /data/app/~~YyDg8r9nodNAa6jMoiPsQw==/com.yolpilot.driver-GDUVFl9sKSZNto7tJlA64w==/lib/x86_64
09-08 21:47:39.815 29218 29218 E SoLoader: Checking /data/app missing libraries.
09-08 21:47:39.815 29218 29218 E SoLoader: Successfully recovered from /data/app disk failure.
09-08 21:47:39.816 29218 29218 W SoLoader: Running a recovery step for librnscreens.so due to com.facebook.soloader.SoLoaderDSONotFoundError: couldn't find DSO to load: librnscreens.so
09-08 21:47:39.816 29218 29218 W SoLoader: 	existing SO sources: 
09-08 21:47:39.816 29218 29218 W SoLoader: 		SoSource 0: ApplicationSoSource[DirectorySoSource[root = /data/app/~~YyDg8r9nodNAa6jMoiPsQw==/com.yolpilot.driver-GDUVFl9sKSZNto7tJlA64w==/lib/x86_64 flags = 0]]
09-08 21:47:39.816 29218 29218 W SoLoader: 		SoSource 1: DirectApkSoSource[root = [/data/app/~~YyDg8r9nodNAa6jMoiPsQw==/com.yolpilot.driver-GDUVFl9sKSZNto7tJlA64w==/base.apk!/lib/x86_64]]
09-08 21:47:39.816 29218 29218 W SoLoader: 		SoSource 2: DirectorySoSource[root = /system/lib64 flags = 3]
09-08 21:47:39.816 29218 29218 W SoLoader: 		SoSource 3: DirectorySoSource[root = /vendor/lib64 flags = 3]
09-08 21:47:39.816 29218 29218 W SoLoader: 	Native lib dir: /data/app/~~YyDg8r9nodNAa6jMoiPsQw==/com.yolpilot.driver-GDUVFl9sKSZNto7tJlA64w==/lib/x86_64
09-08 21:47:39.816 29218 29218 E SoLoader: Checking /data/data missing libraries.
09-08 21:47:39.816 29218 29218 E SoLoader: No libraries missing from unpacking so paths while recovering /data/data failure
09-08 21:47:39.817 29218 29218 W SoLoader: Running a recovery step for librnscreens.so due to com.facebook.soloader.SoLoaderDSONotFoundError: couldn't find DSO to load: librnscreens.so
09-08 21:47:39.817 29218 29218 W SoLoader: 	existing SO sources: 
09-08 21:47:39.817 29218 29218 W SoLoader: 		SoSource 0: ApplicationSoSource[DirectorySoSource[root = /data/app/~~YyDg8r9nodNAa6jMoiPsQw==/com.yolpilot.driver-GDUVFl9sKSZNto7tJlA64w==/lib/x86_64 flags = 0]]
09-08 21:47:39.817 29218 29218 W SoLoader: 		SoSource 1: DirectApkSoSource[root = [/data/app/~~YyDg8r9nodNAa6jMoiPsQw==/com.yolpilot.driver-GDUVFl9sKSZNto7tJlA64w==/base.apk!/lib/x86_64]]
09-08 21:47:39.817 29218 29218 W SoLoader: 		SoSource 2: DirectorySoSource[root = /system/lib64 flags = 3]
09-08 21:47:39.817 29218 29218 W SoLoader: 		SoSource 3: DirectorySoSource[root = /vendor/lib64 flags = 3]
09-08 21:47:39.817 29218 29218 W SoLoader: 	Native lib dir: /data/app/~~YyDg8r9nodNAa6jMoiPsQw==/com.yolpilot.driver-GDUVFl9sKSZNto7tJlA64w==/lib/x86_64
09-08 21:47:39.817 29218 29218 W SoLoader: Failed to recover
09-08 21:47:39.818 29218 29218 W System.err: com.facebook.soloader.SoLoaderDSONotFoundError: couldn't find DSO to load: librnscreens.so
