09-08 21:47:47.666 21854 21854 D TaplEvents: TIS / TouchInteractionService.onInputEvent: MotionEvent { action=ACTION_DOWN, actionButton=0, id[0]=0, x[0]=283.9746, y[0]=1868.9209, toolType[0]=TOOL_TYPE_FINGER, buttonState=0, classification=NONE, metaState=0, flags=0x0, edgeFlags=0x0, pointerCount=1, historySize=0, eventTime=234819938, downTime=234819938, deviceId=4, source=0x5002, displayId=0, eventId=867464688 }
09-08 21:47:47.740 21854 21854 D TaplEvents: TIS / TouchInteractionService.onInputEvent: MotionEvent { action=ACTION_UP, actionButton=0, id[0]=0, x[0]=283.9746, y[0]=1868.9209, toolType[0]=TOOL_TYPE_FINGER, buttonState=0, classification=NONE, metaState=0, flags=0x0, edgeFlags=0x0, pointerCount=1, historySize=0, eventTime=234820011, downTime=234819938, deviceId=4, source=0x5002, displayId=0, eventId=931870660 }
09-08 21:47:47.784 21342 21355 D audioserver: FGS Logger Transaction failed
09-08 21:47:47.784 21342 21355 D audioserver: -129
09-08 21:47:47.797 21342 21391 D AudioFlinger: mixer(0x74a6f5c28930) throttle end: throttle time(36)
09-08 21:47:47.838 29218 29268 W unknown:ReactNative: Attempt to set local data for view with unknown tag: -1
09-08 21:47:47.838 29218 29268 W unknown:ReactNative: Attempt to set local data for view with unknown tag: -1
09-08 21:47:47.839 29218 29268 W unknown:ReactNative: Attempt to set local data for view with unknown tag: -1
09-08 21:47:47.869 29218 29268 W unknown:ReactNative: Attempt to set local data for view with unknown tag: -1
09-08 21:47:47.869 29218 29268 W unknown:ReactNative: Attempt to set local data for view with unknown tag: -1
09-08 21:47:47.869 29218 29268 W unknown:ReactNative: Attempt to set local data for view with unknown tag: -1
09-08 21:47:47.926 29218 29218 D AutofillManager: view not autofillable - has multiline input type
09-08 21:47:47.926 29218 29218 D AutofillManager: view not autofillable - has multiline input type
09-08 21:47:47.930 29218 29218 D AutofillManager: view not autofillable - has multiline input type
09-08 21:47:47.934 29218 29218 D AutofillManager: view not autofillable - has multiline input type
09-08 21:47:48.001 21342 21391 D audioserver: FGS Logger Transaction failed
09-08 21:47:48.001 21342 21391 D audioserver: -129
09-08 21:47:48.661 21854 21854 D TaplEvents: TIS / TouchInteractionService.onInputEvent: MotionEvent { action=ACTION_DOWN, actionButton=0, id[0]=0, x[0]=527.9697, y[0]=767.94434, toolType[0]=TOOL_TYPE_FINGER, buttonState=0, classification=NONE, metaState=0, flags=0x0, edgeFlags=0x0, pointerCount=1, historySize=0, eventTime=234820932, downTime=234820932, deviceId=4, source=0x5002, displayId=0, eventId=200353746 }
09-08 21:47:48.696 29218 29238 D EGL_emulation: app_time_stats: avg=16.06ms min=1.52ms max=283.08ms count=48
09-08 21:47:48.744 21854 21854 D TaplEvents: TIS / TouchInteractionService.onInputEvent: MotionEvent { action=ACTION_UP, actionButton=0, id[0]=0, x[0]=527.9697, y[0]=767.94434, toolType[0]=TOOL_TYPE_FINGER, buttonState=0, classification=NONE, metaState=0, flags=0x0, edgeFlags=0x0, pointerCount=1, historySize=0, eventTime=234821015, downTime=234820932, deviceId=4, source=0x5002, displayId=0, eventId=1007708742 }
09-08 21:47:48.747 29218 29267 I ReactNativeJS: Modal alyor...
09-08 21:47:48.747 29218 29267 I ReactNativeJS: getCurrentLocation balad
09-08 21:47:48.782 21342 21355 D audioserver: FGS Logger Transaction failed
09-08 21:47:48.782 21342 21355 D audioserver: -129
09-08 21:47:48.799 29218 29267 I ReactNativeJS: 'zin durumu:', true
09-08 21:47:48.799 29218 29267 I ReactNativeJS: Geolocation.getCurrentPosition arlyor
09-08 21:47:48.837 29218 29268 E unknown:ReactNative: Exception in native call
09-08 21:47:48.837 29218 29268 E unknown:ReactNative: java.lang.RuntimeException: Could not invoke RNFusedLocation.getCurrentPosition
09-08 21:47:48.837 29218 29268 E unknown:ReactNative: 	at com.facebook.react.bridge.JavaMethodWrapper.invoke(JavaMethodWrapper.kt:228)
09-08 21:47:48.837 29218 29268 E unknown:ReactNative: 	at com.facebook.react.bridge.JavaModuleWrapper.invoke(JavaModuleWrapper.kt:134)
09-08 21:47:48.837 29218 29268 E unknown:ReactNative: 	at com.facebook.jni.NativeRunnable.run(Native Method)
09-08 21:47:48.837 29218 29268 E unknown:ReactNative: 	at android.os.Handler.handleCallback(Handler.java:958)
09-08 21:47:48.837 29218 29268 E unknown:ReactNative: 	at android.os.Handler.dispatchMessage(Handler.java:99)
09-08 21:47:48.837 29218 29268 E unknown:ReactNative: 	at com.facebook.react.bridge.queue.MessageQueueThreadHandler.dispatchMessage(MessageQueueThreadHandler.kt:21)
09-08 21:47:48.837 29218 29268 E unknown:ReactNative: 	at android.os.Looper.loopOnce(Looper.java:205)
09-08 21:47:48.837 29218 29268 E unknown:ReactNative: 	at android.os.Looper.loop(Looper.java:294)
09-08 21:47:48.837 29218 29268 E unknown:ReactNative: 	at com.facebook.react.bridge.queue.MessageQueueThreadImpl$Companion.startNewBackgroundThread$lambda$1(MessageQueueThreadImpl.kt:175)
09-08 21:47:48.837 29218 29268 E unknown:ReactNative: 	at com.facebook.react.bridge.queue.MessageQueueThreadImpl$Companion.$r8$lambda$ldnZnqelhYFctGaUKkOKYj5rxo4(Unknown Source:0)
09-08 21:47:48.837 29218 29268 E unknown:ReactNative: 	at com.facebook.react.bridge.queue.MessageQueueThreadImpl$Companion$$ExternalSyntheticLambda0.run(D8$$SyntheticClass:0)
09-08 21:47:48.837 29218 29268 E unknown:ReactNative: 	at java.lang.Thread.run(Thread.java:1012)
09-08 21:47:48.837 29218 29268 E unknown:ReactNative: Caused by: java.lang.reflect.InvocationTargetException
09-08 21:47:48.837 29218 29268 E unknown:ReactNative: 	at java.lang.reflect.Method.invoke(Native Method)
09-08 21:47:48.837 29218 29268 E unknown:ReactNative: 	at com.facebook.react.bridge.JavaMethodWrapper.invoke(JavaMethodWrapper.kt:217)
09-08 21:47:48.837 29218 29268 E unknown:ReactNative: 	... 11 more
09-08 21:47:48.837 29218 29268 E unknown:ReactNative: Caused by: java.lang.IncompatibleClassChangeError: Found interface com.google.android.gms.location.FusedLocationProviderClient, but class was expected (declaration of 'com.google.android.gms.location.FusedLocationProviderClient' appears in /data/app/~~YyDg8r9nodNAa6jMoiPsQw==/com.yolpilot.driver-GDUVFl9sKSZNto7tJlA64w==/base.apk!classes17.dex)
09-08 21:47:48.837 29218 29268 E unknown:ReactNative: 	at com.agontuk.RNFusedLocation.FusedLocationProvider.getCurrentLocation(FusedLocationProvider.java:97)
09-08 21:47:48.837 29218 29268 E unknown:ReactNative: 	at com.agontuk.RNFusedLocation.RNFusedLocationModule.getCurrentPosition(RNFusedLocationModule.java:112)
09-08 21:47:48.837 29218 29268 E unknown:ReactNative: 	... 13 more
09-08 21:47:48.846 21410 22825 D CompatibilityChangeReporter: Compat change id reported: 261072174; UID 10204; state: ENABLED
09-08 21:47:48.847 21410 22825 W ProcessStats: Tracking association SourceState{30b511f com.yolpilot.driver/10204 BTop #6119} whose proc state 2 is better than process ProcessState{74a09ee com.google.android.gms.persistent/10131 pkg=com.google.android.gms} proc state 4 (9 skipped)
09-08 21:47:48.865 21410 22825 D CoreBackPreview: Window{5eb0235 u0 com.yolpilot.driver/com.yolpilot.driver.MainActivity}: Setting back callback OnBackInvokedCallbackInfo{mCallback=android.window.IOnBackInvokedCallback$Stub$Proxy@6004517, mPriority=0, mIsAnimationCallback=false}
09-08 21:47:48.868 29218 29268 E yolpilot.driver: No implementation found for void com.swmansion.rnscreens.ScreensModule.nativeUninstall() (tried Java_com_swmansion_rnscreens_ScreensModule_nativeUninstall and Java_com_swmansion_rnscreens_ScreensModule_nativeUninstall__) - is the library loaded, e.g. System.loadLibrary?
--------- beginning of crash
09-08 21:47:48.869 29218 29268 E AndroidRuntime: FATAL EXCEPTION: mqt_native_modules
09-08 21:47:48.869 29218 29268 E AndroidRuntime: Process: com.yolpilot.driver, PID: 29218
09-08 21:47:48.869 29218 29268 E AndroidRuntime: java.lang.UnsatisfiedLinkError: No implementation found for void com.swmansion.rnscreens.ScreensModule.nativeUninstall() (tried Java_com_swmansion_rnscreens_ScreensModule_nativeUninstall and Java_com_swmansion_rnscreens_ScreensModule_nativeUninstall__) - is the library loaded, e.g. System.loadLibrary?
09-08 21:47:48.869 29218 29268 E AndroidRuntime: 	at com.swmansion.rnscreens.ScreensModule.nativeUninstall(Native Method)
09-08 21:47:48.869 29218 29268 E AndroidRuntime: 	at com.swmansion.rnscreens.ScreensModule.invalidate(ScreensModule.kt:43)
09-08 21:47:48.869 29218 29268 E AndroidRuntime: 	at com.facebook.react.bridge.ModuleHolder.destroy(ModuleHolder.kt:97)
09-08 21:47:48.869 29218 29268 E AndroidRuntime: 	at com.facebook.react.bridge.NativeModuleRegistry.notifyJSInstanceDestroy(NativeModuleRegistry.kt:77)
09-08 21:47:48.869 29218 29268 E AndroidRuntime: 	at com.facebook.react.bridge.CatalystInstanceImpl.lambda$destroy$2(CatalystInstanceImpl.java:372)
09-08 21:47:48.869 29218 29268 E AndroidRuntime: 	at com.facebook.react.bridge.CatalystInstanceImpl.$r8$lambda$Oa3wfVCkSpv9UbaDKR-owki1vUU(Unknown Source:0)
09-08 21:47:48.869 29218 29268 E AndroidRuntime: 	at com.facebook.react.bridge.CatalystInstanceImpl$$ExternalSyntheticLambda0.run(D8$$SyntheticClass:0)
09-08 21:47:48.869 29218 29268 E AndroidRuntime: 	at android.os.Handler.handleCallback(Handler.java:958)
09-08 21:47:48.869 29218 29268 E AndroidRuntime: 	at android.os.Handler.dispatchMessage(Handler.java:99)
09-08 21:47:48.869 29218 29268 E AndroidRuntime: 	at com.facebook.react.bridge.queue.MessageQueueThreadHandler.dispatchMessage(MessageQueueThreadHandler.kt:21)
09-08 21:47:48.869 29218 29268 E AndroidRuntime: 	at android.os.Looper.loopOnce(Looper.java:205)
09-08 21:47:48.869 29218 29268 E AndroidRuntime: 	at android.os.Looper.loop(Looper.java:294)
09-08 21:47:48.869 29218 29268 E AndroidRuntime: 	at com.facebook.react.bridge.queue.MessageQueueThreadImpl$Companion.startNewBackgroundThread$lambda$1(MessageQueueThreadImpl.kt:175)
09-08 21:47:48.869 29218 29268 E AndroidRuntime: 	at com.facebook.react.bridge.queue.MessageQueueThreadImpl$Companion.$r8$lambda$ldnZnqelhYFctGaUKkOKYj5rxo4(Unknown Source:0)
09-08 21:47:48.869 29218 29268 E AndroidRuntime: 	at com.facebook.react.bridge.queue.MessageQueueThreadImpl$Companion$$ExternalSyntheticLambda0.run(D8$$SyntheticClass:0)
09-08 21:47:48.869 29218 29268 E AndroidRuntime: 	at java.lang.Thread.run(Thread.java:1012)
09-08 21:47:48.872 21410 22642 W ActivityTaskManager:   Force finishing activity com.yolpilot.driver/.MainActivity
09-08 21:47:48.872 21610 21638 V WindowManagerShell: Transition requested: android.os.BinderProxy@cf61ffb TransitionRequestInfo { type = CLOSE, triggerTask = null, remoteTransition = null, displayChange = null }
09-08 21:47:48.874 21410 29301 I DropBoxManagerService: add tag=data_app_crash isTagEnabled=true flags=0x2
09-08 21:47:48.883 29218 29268 I Process : Sending signal. PID: 29218 SIG: 9
09-08 21:47:48.885 21610 21665 D EGL_emulation: app_time_stats: avg=603.34ms min=13.61ms max=5887.75ms count=10
09-08 21:47:48.893   426   426 I BpBinder: onLastStrongRef automatically unlinking death recipients: 
09-08 21:47:48.905 21410 22929 I ActivityManager: Process com.yolpilot.driver (pid 29218) has died: fg  TOP 
09-08 21:47:48.905 21410 21445 I libprocessgroup: Successfully killed process cgroup uid 10204 pid 29218 in 0ms
09-08 21:47:48.906 21410 21526 I WindowManager: WIN DEATH: Window{cbb4a6f u0 com.yolpilot.driver/com.yolpilot.driver.MainActivity}
09-08 21:47:48.906 21410 22642 I ImeTracker: com.yolpilot.driver:178ce502: onRequestHide at ORIGIN_SERVER_HIDE_INPUT reason HIDE_REMOVE_CLIENT
09-08 21:47:48.906 21410 22642 I ImeTracker: com.yolpilot.driver:178ce502: onCancelled at PHASE_SERVER_SHOULD_HIDE
09-08 21:47:48.906 21410 21526 W InputManager-JNI: Input channel object 'cbb4a6f com.yolpilot.driver/com.yolpilot.driver.MainActivity (client)' was disposed without first being removed with the input manager!
09-08 21:47:48.889     0     0 I binder  : undelivered transaction 29285036, process died.
09-08 21:47:48.909 21341 21341 I Zygote  : Process 29218 exited due to signal 9 (Killed)
09-08 21:47:48.909 21410 22476 I WindowManager: WIN DEATH: Window{5eb0235 u0 com.yolpilot.driver/com.yolpilot.driver.MainActivity}
09-08 21:47:48.910 21410 22476 W InputManager-JNI: Input channel object '5eb0235 com.yolpilot.driver/com.yolpilot.driver.MainActivity (client)' was disposed without first being removed with the input manager!
09-08 21:47:48.911 21410 22476 W WindowManager: Failed to deliver inset control state change to w=Window{cbb4a6f u0 com.yolpilot.driver/com.yolpilot.driver.MainActivity EXITING}
09-08 21:47:48.911 21410 22476 W WindowManager: android.os.DeadObjectException
09-08 21:47:48.911 21410 22476 W WindowManager: 	at android.os.BinderProxy.transactNative(Native Method)
09-08 21:47:48.911 21410 22476 W WindowManager: 	at android.os.BinderProxy.transact(BinderProxy.java:584)
09-08 21:47:48.911 21410 22476 W WindowManager: 	at android.view.IWindow$Stub$Proxy.insetsControlChanged(IWindow.java:479)
09-08 21:47:48.911 21410 22476 W WindowManager: 	at com.android.server.wm.WindowState.notifyInsetsControlChanged(WindowState.java:3802)
09-08 21:47:48.911 21410 22476 W WindowManager: 	at com.android.server.wm.InsetsStateController.lambda$notifyPendingInsetsControlChanged$3(InsetsStateController.java:343)
09-08 21:47:48.911 21410 22476 W WindowManager: 	at com.android.server.wm.InsetsStateController.$r8$lambda$8yykPRG1GyNq_J17QvL9d5xANMc(InsetsStateController.java:0)
09-08 21:47:48.911 21410 22476 W WindowManager: 	at com.android.server.wm.InsetsStateController$$ExternalSyntheticLambda2.run(R8$$SyntheticClass:0)
09-08 21:47:48.911 21410 22476 W WindowManager: 	at com.android.server.wm.WindowAnimator.executeAfterPrepareSurfacesRunnables(WindowAnimator.java:294)
09-08 21:47:48.911 21410 22476 W WindowManager: 	at com.android.server.wm.RootWindowContainer.performSurfacePlacementNoTrace(RootWindowContainer.java:811)
09-08 21:47:48.911 21410 22476 W WindowManager: 	at com.android.server.wm.RootWindowContainer.performSurfacePlacement(RootWindowContainer.java:756)
09-08 21:47:48.911 21410 22476 W WindowManager: 	at com.android.server.wm.WindowSurfacePlacer.performSurfacePlacementLoop(WindowSurfacePlacer.java:177)
09-08 21:47:48.911 21410 22476 W WindowManager: 	at com.android.server.wm.WindowSurfacePlacer.performSurfacePlacement(WindowSurfacePlacer.java:126)
09-08 21:47:48.911 21410 22476 W WindowManager: 	at com.android.server.wm.WindowSurfacePlacer.performSurfacePlacement(WindowSurfacePlacer.java:115)
09-08 21:47:48.911 21410 22476 W WindowManager: 	at com.android.server.wm.WindowManagerService.postWindowRemoveCleanupLocked(WindowManagerService.java:2035)
09-08 21:47:48.911 21410 22476 W WindowManager: 	at com.android.server.wm.WindowState.removeImmediately(WindowState.java:2391)
09-08 21:47:48.911 21410 22476 W WindowManager: 	at com.android.server.wm.WindowState.removeIfPossible(WindowState.java:2509)
09-08 21:47:48.911 21410 22476 W WindowManager: 	at com.android.server.wm.WindowState$DeathRecipient.binderDied(WindowState.java:2929)
09-08 21:47:48.911 21410 22476 W WindowManager: 	at android.os.IBinder$DeathRecipient.binderDied(IBinder.java:319)
09-08 21:47:48.911 21410 22476 W WindowManager: 	at android.os.BinderProxy.sendDeathNotice(BinderProxy.java:704)
09-08 21:47:48.912 21410 21429 D DisplayManagerService: Drop pending events for gone uid 10204
09-08 21:47:48.926 21410 22440 W AppSearchIcing: icing-search-engine.cc:283: Error: 5, Message: Document (com.google.android.googlequicksearchbox$OneSearchZeroStateGoogleSuggestions/default, zp) not found.
09-08 21:47:48.927 22303 22389 I AiAiEcho: Predicting[0]: 
09-08 21:47:48.928 21854 22813 D OneSearchSuggestProvider: Created the binder channel successfully for end point service =com.google.android.apps.search.googleapp.search.suggest.plugins.onesearch.server.OneSearchSuggestService , mChannel=z1{delegate=s1{logId=53, target=directaddress:///AndroidComponentAddress%5BIntent%20%7B%20act=grpc.io.action.BIND%20cmp=com.google.android.googlequicksearchbox/com.google.android.apps.search.googleapp.search.suggest.plugins.onesearch.server.OneSearchSuggestService%20%7D%5D}} , mOneSearchConnection=X1.T@69c5bb0
09-08 21:47:48.930 22303 22389 I AiAiEcho: EchoTargets: 
09-08 21:47:48.930 22303 22389 I AiAiEcho: Filtered by AiAi flag check: 
09-08 21:47:48.930 22303 22389 I AiAiEcho: Ranked targets strategy: SORT, count: 0, ranking metadata: 
09-08 21:47:48.933 22303 22389 I AiAiEcho: #postPredictionTargets: Sending updates to UISurface home with targets# 0 (types=[])
09-08 21:47:48.941 22682 23365 E OpenGLRenderer: Unable to match the desired swap behavior.
09-08 21:47:48.944 21410 21432 W WindowManager: Failed to deliver inset control state change to w=Window{cbb4a6f u0 com.yolpilot.driver/com.yolpilot.driver.MainActivity EXITING}
09-08 21:47:48.944 21410 21432 W WindowManager: android.os.DeadObjectException
09-08 21:47:48.944 21410 21432 W WindowManager: 	at android.os.BinderProxy.transactNative(Native Method)
09-08 21:47:48.944 21410 21432 W WindowManager: 	at android.os.BinderProxy.transact(BinderProxy.java:584)
09-08 21:47:48.944 21410 21432 W WindowManager: 	at android.view.IWindow$Stub$Proxy.insetsControlChanged(IWindow.java:479)
09-08 21:47:48.944 21410 21432 W WindowManager: 	at com.android.server.wm.WindowState.notifyInsetsControlChanged(WindowState.java:3802)
09-08 21:47:48.944 21410 21432 W WindowManager: 	at com.android.server.wm.InsetsStateController.lambda$notifyPendingInsetsControlChanged$3(InsetsStateController.java:343)
09-08 21:47:48.944 21410 21432 W WindowManager: 	at com.android.server.wm.InsetsStateController.$r8$lambda$8yykPRG1GyNq_J17QvL9d5xANMc(InsetsStateController.java:0)
09-08 21:47:48.944 21410 21432 W WindowManager: 	at com.android.server.wm.InsetsStateController$$ExternalSyntheticLambda2.run(R8$$SyntheticClass:0)
09-08 21:47:48.944 21410 21432 W WindowManager: 	at com.android.server.wm.WindowAnimator.executeAfterPrepareSurfacesRunnables(WindowAnimator.java:294)
09-08 21:47:48.944 21410 21432 W WindowManager: 	at com.android.server.wm.WindowAnimator.animate(WindowAnimator.java:202)
09-08 21:47:48.944 21410 21432 W WindowManager: 	at com.android.server.wm.WindowAnimator.lambda$new$1(WindowAnimator.java:99)
09-08 21:47:48.944 21410 21432 W WindowManager: 	at com.android.server.wm.WindowAnimator.$r8$lambda$aHNu1uhcqxihX5NZc4McDDQPAyw(WindowAnimator.java:0)
09-08 21:47:48.944 21410 21432 W WindowManager: 	at com.android.server.wm.WindowAnimator$$ExternalSyntheticLambda1.doFrame(R8$$SyntheticClass:0)
09-08 21:47:48.944 21410 21432 W WindowManager: 	at android.view.Choreographer$CallbackRecord.run(Choreographer.java:1337)
09-08 21:47:48.944 21410 21432 W WindowManager: 	at android.view.Choreographer$CallbackRecord.run(Choreographer.java:1348)
09-08 21:47:48.944 21410 21432 W WindowManager: 	at android.view.Choreographer.doCallbacks(Choreographer.java:952)
09-08 21:47:48.944 21410 21432 W WindowManager: 	at android.view.Choreographer.doFrame(Choreographer.java:878)
09-08 21:47:48.944 21410 21432 W WindowManager: 	at android.view.Choreographer$FrameDisplayEventReceiver.run(Choreographer.java:1322)
09-08 21:47:48.944 21410 21432 W WindowManager: 	at android.os.Handler.handleCallback(Handler.java:958)
09-08 21:47:48.944 21410 21432 W WindowManager: 	at android.os.Handler.dispatchMessage(Handler.java:99)
09-08 21:47:48.944 21410 21432 W WindowManager: 	at android.os.Looper.loopOnce(Looper.java:205)
09-08 21:47:48.944 21410 21432 W WindowManager: 	at android.os.Looper.loop(Looper.java:294)
09-08 21:47:48.944 21410 21432 W WindowManager: 	at android.os.HandlerThread.run(HandlerThread.java:67)
09-08 21:47:48.944 21410 21432 W WindowManager: 	at com.android.server.ServiceThread.run(ServiceThread.java:46)
09-08 21:47:48.951 21854 22658 E OpenGLRenderer: Unable to match the desired swap behavior.
09-08 21:47:48.981 22682 22682 I A       : Created gRPC endpoint to "search" for service class com.google.android.apps.search.googleapp.search.suggest.plugins.onesearch.server.OneSearchSuggestService
09-08 21:47:48.991 22682 22682 W A       : Can't get WAA status for Mavatar!
09-08 21:47:48.991 22682 22682 W A       : java.lang.NullPointerException: Attempt to invoke virtual method 'java.lang.Class java.lang.Object.getClass()' on a null object reference
09-08 21:47:48.991 22682 22682 W A       : 	at com.google.apps.tiktok.dataservice.z.b(PG:1)
09-08 21:47:48.991 22682 22682 W A       : 	at com.google.apps.tiktok.dataservice.at.a(PG:1)
09-08 21:47:48.991 22682 22682 W A       : 	at com.google.apps.tiktok.tracing.ec.a(PG:2)
09-08 21:47:48.991 22682 22682 W A       : 	at com.google.common.util.concurrent.aj.a(PG:2)
09-08 21:47:48.991 22682 22682 W A       : 	at com.google.common.util.concurrent.ac.apply(PG:1)
09-08 21:47:48.991 22682 22682 W A       : 	at com.google.common.util.concurrent.h.e(PG:2)
09-08 21:47:48.991 22682 22682 W A       : 	at com.google.common.util.concurrent.j.run(PG:9)
09-08 21:47:48.991 22682 22682 W A       : 	at com.google.common.util.concurrent.bf.execute(PG:1)
09-08 21:47:48.991 22682 22682 W A       : 	at com.google.common.util.concurrent.d.i(PG:1)
09-08 21:47:48.991 22682 22682 W A       : 	at com.google.common.util.concurrent.d.l(PG:12)
09-08 21:47:48.991 22682 22682 W A       : 	at com.google.common.util.concurrent.d.n(PG:2)
09-08 21:47:48.991 22682 22682 W A       : 	at com.google.common.util.concurrent.i.f(PG:1)
09-08 21:47:48.991 22682 22682 W A       : 	at com.google.common.util.concurrent.j.run(PG:12)
09-08 21:47:48.991 22682 22682 W A       : 	at com.google.android.libraries.i.ae.run(PG:1)
09-08 21:47:48.991 22682 22682 W A       : 	at java.util.concurrent.ThreadPoolExecutor.runWorker(ThreadPoolExecutor.java:1145)
09-08 21:47:48.991 22682 22682 W A       : 	at java.util.concurrent.ThreadPoolExecutor$Worker.run(ThreadPoolExecutor.java:644)
09-08 21:47:48.991 22682 22682 W A       : 	at com.google.android.libraries.i.k.run(PG:2)
09-08 21:47:48.991 22682 22682 W A       : 	at com.google.android.libraries.i.p.run(PG:4)
09-08 21:47:48.991 22682 22682 W A       : 	at java.lang.Thread.run(Thread.java:1012)
09-08 21:47:48.998 21342 21391 D audioserver: FGS Logger Transaction failed
09-08 21:47:48.998 21342 21391 D audioserver: -129
09-08 21:47:49.009 21410 21428 V WindowManager: Sent Transition #39 createdAt=09-08 21:47:48.872 via request=TransitionRequestInfo { type = CLOSE, triggerTask = null, remoteTransition = null, displayChange = null }
09-08 21:47:49.009 21410 21428 V WindowManager:     startWCT=WindowContainerTransaction { changes = {} hops = [] errorCallbackToken=null taskFragmentOrganizer=null }
09-08 21:47:49.009 21410 21428 V WindowManager:     info={id=39 t=CLOSE f=0x10 trk=0 r=[0@Point(0, 0)] c=[{WCT{RemoteToken{b37107e Task{efe9156 #1 type=home}}} m=TO_FRONT f=SHOW_WALLPAPER|MOVE_TO_TOP leash=Surface(name=Task=1)/@0x99fdea0 sb=Rect(0, 0 - 1080, 2400) eb=Rect(0, 0 - 1080, 2400) d=0},{WCT{RemoteToken{2d1db78 Task{50c826e #239 type=standard A=10204:com.yolpilot.driver}}} m=CLOSE f=NONE leash=Surface(name=Task=239)/@0x24f2c33 sb=Rect(0, 0 - 1080, 2400) eb=Rect(0, 0 - 1080, 2400) d=0},{null m=TO_FRONT f=IS_WALLPAPER leash=Surface(name=WallpaperWindowToken{b0a2c90 token=android.os.Binder@2736b53})/@0xbff0df2 sb=Rect(0, 0 - 1080, 2400) eb=Rect(0, 0 - 1080, 2400) d=0}]}
09-08 21:47:49.011 21610 21638 V WindowManagerShell: onTransitionReady android.os.BinderProxy@cf61ffb: {id=39 t=CLOSE f=0x10 trk=0 r=[0@Point(0, 0)] c=[{WCT{android.window.IWindowContainerToken$Stub$Proxy@f1684ad} m=TO_FRONT f=SHOW_WALLPAPER|MOVE_TO_TOP leash=Surface(name=Task=1)/@0x6e23271 sb=Rect(0, 0 - 1080, 2400) eb=Rect(0, 0 - 1080, 2400) d=0},{WCT{android.window.IWindowContainerToken$Stub$Proxy@3d163e2} m=CLOSE f=NONE leash=Surface(name=Task=239)/@0xe141856 sb=Rect(0, 0 - 1080, 2400) eb=Rect(0, 0 - 1080, 2400) d=0},{null m=TO_FRONT f=IS_WALLPAPER leash=Surface(name=WallpaperWindowToken{b0a2c90 token=android.os.Binder@2736b53})/@0x67cc0d7 sb=Rect(0, 0 - 1080, 2400) eb=Rect(0, 0 - 1080, 2400) d=0}]}
09-08 21:47:49.011 21610 21638 V WindowManagerShell: Playing animation for (#39)android.os.BinderProxy@cf61ffb@0
09-08 21:47:49.011 21610 21638 V WindowManagerShell:  try handler com.android.wm.shell.transition.DefaultMixedHandler@b978549
09-08 21:47:49.011 21610 21638 V WindowManagerShell:  try handler com.android.wm.shell.keyguard.KeyguardTransitionHandler@9962e4e
09-08 21:47:49.011 21610 21638 V WindowManagerShell:  try handler com.android.wm.shell.activityembedding.ActivityEmbeddingController@561ab6f
09-08 21:47:49.011 21610 21638 V WindowManagerShell:  try handler com.android.wm.shell.recents.RecentsTransitionHandler@3ac007c
09-08 21:47:49.011 21610 21638 V ShellRecents: RecentsTransitionHandler.startAnimation: no controller found
09-08 21:47:49.011 21610 21638 V WindowManagerShell:  try handler com.android.wm.shell.pip.PipTransition@42ae15a
09-08 21:47:49.011 21610 21638 V WindowManagerShell:  try handler com.android.wm.shell.splitscreen.StageCoordinator@c878f8b
09-08 21:47:49.011 21610 21638 V WindowManagerShell:  try handler com.android.wm.shell.transition.RemoteTransitionHandler@3f6a868
09-08 21:47:49.011 21610 21638 V WindowManagerShell: Transition doesn't have explicit remote, search filters for match for {id=39 t=CLOSE f=0x10 trk=0 r=[0@Point(0, 0)] c=[{WCT{android.window.IWindowContainerToken$Stub$Proxy@f1684ad} m=TO_FRONT f=SHOW_WALLPAPER|MOVE_TO_TOP leash=Surface(name=Task=1)/@0x6e23271 sb=Rect(0, 0 - 1080, 2400) eb=Rect(0, 0 - 1080, 2400) d=0},{WCT{android.window.IWindowContainerToken$Stub$Proxy@3d163e2} m=CLOSE f=NONE leash=Surface(name=Task=239)/@0xe141856 sb=Rect(0, 0 - 1080, 2400) eb=Rect(0, 0 - 1080, 2400) d=0},{null m=TO_FRONT f=IS_WALLPAPER leash=Surface(name=WallpaperWindowToken{b0a2c90 token=android.os.Binder@2736b53})/@0x67cc0d7 sb=Rect(0, 0 - 1080, 2400) eb=Rect(0, 0 - 1080, 2400) d=0}]}
09-08 21:47:49.012 21610 21638 V WindowManagerShell:  Checking filter Pair{{types=[] flags=0x0] notFlags=0x0 checks=[{atype=dream independent=true modes=[OPEN,TO_FRONT] flags=NONE mustBeTask=false order=ANY topActivity=null},{atype=home independent=true modes=[CLOSE,TO_BACK] flags=NONE mustBeTask=false order=ANY topActivity=null}]} RemoteTransition { remoteTransition = android.window.IRemoteTransition$Stub$Proxy@fa4a6a3, appThread = android.app.IApplicationThread$Stub$Proxy@8f2cda0, debugName = LauncherToDream }}
09-08 21:47:49.012 21610 21638 V WindowManagerShell:  Checking filter Pair{{types=[] flags=0x0] notFlags=0x100 checks=[{atype=home independent=true modes=[OPEN,TO_FRONT] flags=NONE mustBeTask=false order=TOP topActivity=ComponentInfo{com.google.android.apps.nexuslauncher/com.google.android.apps.nexuslauncher.NexusLauncherActivity}},{atype=standard independent=true modes=[CLOSE,TO_BACK] flags=NONE mustBeTask=false order=ANY topActivity=null}]} RemoteTransition { remoteTransition = android.window.IRemoteTransition$Stub$Proxy@3c87d59, appThread = android.app.IApplicationThread$Stub$Proxy@e64ad1e, debugName = QuickstepLaunchHome }}
09-08 21:47:49.012 21610 21638 D RemoteTransitionHandler: Found filterPair{{types=[] flags=0x0] notFlags=0x100 checks=[{atype=home independent=true modes=[OPEN,TO_FRONT] flags=NONE mustBeTask=false order=TOP topActivity=ComponentInfo{com.google.android.apps.nexuslauncher/com.google.android.apps.nexuslauncher.NexusLauncherActivity}},{atype=standard independent=true modes=[CLOSE,TO_BACK] flags=NONE mustBeTask=false order=ANY topActivity=null}]} RemoteTransition { remoteTransition = android.window.IRemoteTransition$Stub$Proxy@3c87d59, appThread = android.app.IApplicationThread$Stub$Proxy@e64ad1e, debugName = QuickstepLaunchHome }}
09-08 21:47:49.012 21610 21638 V WindowManagerShell:  Delegate animation for #39 to RemoteTransition { remoteTransition = android.window.IRemoteTransition$Stub$Proxy@3c87d59, appThread = android.app.IApplicationThread$Stub$Proxy@e64ad1e, debugName = QuickstepLaunchHome }
09-08 21:47:49.015 21610 21638 V WindowManagerShell:  animated by com.android.wm.shell.transition.RemoteTransitionHandler@3f6a868
09-08 21:47:49.031 21854 21854 D SearchTargetUtil:  query= size=0
09-08 21:47:49.032 21410 22929 I ImeTracker: com.google.android.apps.nexuslauncher:e48e52d7: onRequestHide at ORIGIN_SERVER_HIDE_INPUT reason HIDE_UNSPECIFIED_WINDOW
09-08 21:47:49.032 21410 22929 I ImeTracker: com.google.android.apps.nexuslauncher:e48e52d7: onCancelled at PHASE_SERVER_SHOULD_HIDE
09-08 21:47:49.033 22175 22175 I GoogleInputMethodService: GoogleInputMethodService.onFinishInput():3227 
09-08 21:47:49.034 22175 22175 I GoogleInputMethodService: GoogleInputMethodService.updateDeviceLockedStatus():2087 repeatCheckTimes = 0, unlocked = true
09-08 21:47:49.034 22175 22175 I GoogleInputMethodService: GoogleInputMethodService.onStartInput():1877 onStartInput(EditorInfo{inputType=0x0(NULL) imeOptions=0x0 privateImeOptions=null actionName=UNSPECIFIED actionLabel=null actionId=0 initialSelStart=-1 initialSelEnd=-1 initialCapsMode=0x0 hintText=null label=null packageName=com.google.android.apps.nexuslauncher fieldId=0 fieldName=null extras=null}, false)
09-08 21:47:49.034 22175 22175 I GoogleInputMethodService: GoogleInputMethodService.shouldHideHeaderOnInitialState():4008 ShouldHideHeaderOnInitialState = false
09-08 21:47:49.034 21410 21432 W WindowManager: Failed to deliver inset control state change to w=Window{cbb4a6f u0 com.yolpilot.driver/com.yolpilot.driver.MainActivity EXITING}
09-08 21:47:49.034 21410 21432 W WindowManager: android.os.DeadObjectException
09-08 21:47:49.034 21410 21432 W WindowManager: 	at android.os.BinderProxy.transactNative(Native Method)
09-08 21:47:49.034 21410 21432 W WindowManager: 	at android.os.BinderProxy.transact(BinderProxy.java:584)
09-08 21:47:49.034 21410 21432 W WindowManager: 	at android.view.IWindow$Stub$Proxy.insetsControlChanged(IWindow.java:479)
09-08 21:47:49.034 21410 21432 W WindowManager: 	at com.android.server.wm.WindowState.notifyInsetsControlChanged(WindowState.java:3802)
09-08 21:47:49.034 21410 21432 W WindowManager: 	at com.android.server.wm.InsetsStateController.lambda$notifyPendingInsetsControlChanged$3(InsetsStateController.java:343)
09-08 21:47:49.034 21410 21432 W WindowManager: 	at com.android.server.wm.InsetsStateController.$r8$lambda$8yykPRG1GyNq_J17QvL9d5xANMc(InsetsStateController.java:0)
09-08 21:47:49.034 21410 21432 W WindowManager: 	at com.android.server.wm.InsetsStateController$$ExternalSyntheticLambda2.run(R8$$SyntheticClass:0)
09-08 21:47:49.034 21410 21432 W WindowManager: 	at com.android.server.wm.WindowAnimator.executeAfterPrepareSurfacesRunnables(WindowAnimator.java:294)
09-08 21:47:49.034 21410 21432 W WindowManager: 	at com.android.server.wm.RootWindowContainer.performSurfacePlacementNoTrace(RootWindowContainer.java:811)
09-08 21:47:49.034 21410 21432 W WindowManager: 	at com.android.server.wm.RootWindowContainer.performSurfacePlacement(RootWindowContainer.java:756)
09-08 21:47:49.034 21410 21432 W WindowManager: 	at com.android.server.wm.WindowSurfacePlacer.performSurfacePlacementLoop(WindowSurfacePlacer.java:177)
09-08 21:47:49.034 21410 21432 W WindowManager: 	at com.android.server.wm.WindowSurfacePlacer.performSurfacePlacement(WindowSurfacePlacer.java:126)
09-08 21:47:49.034 21410 21432 W WindowManager: 	at com.android.server.wm.WindowSurfacePlacer.performSurfacePlacement(WindowSurfacePlacer.java:115)
09-08 21:47:49.034 21410 21432 W WindowManager: 	at com.android.server.wm.WindowSurfacePlacer$Traverser.run(WindowSurfacePlacer.java:57)
09-08 21:47:49.034 21410 21432 W WindowManager: 	at android.os.Handler.handleCallback(Handler.java:958)
09-08 21:47:49.034 21410 21432 W WindowManager: 	at android.os.Handler.dispatchMessage(Handler.java:99)
09-08 21:47:49.034 21410 21432 W WindowManager: 	at android.os.Looper.loopOnce(Looper.java:205)
09-08 21:47:49.034 21410 21432 W WindowManager: 	at android.os.Looper.loop(Looper.java:294)
09-08 21:47:49.034 21410 21432 W WindowManager: 	at android.os.HandlerThread.run(HandlerThread.java:67)
09-08 21:47:49.034 21410 21432 W WindowManager: 	at com.android.server.ServiceThread.run(ServiceThread.java:46)
09-08 21:47:49.034 22175 22175 I GoogleInputMethodService: GoogleInputMethodService.updateDeviceLockedStatus():2087 repeatCheckTimes = 2, unlocked = true
09-08 21:47:49.314   426   440 W VsyncModulator: setTransactionSchedule: Unexpected EarlyEnd
09-08 21:47:49.373 21410 21431 W ActivityTaskManager: Activity top resumed state loss timeout for ActivityRecord{9cf6eb5 u0 com.yolpilot.driver/.MainActivity t239 f} isExiting}
09-08 21:47:49.399 21410 21526 D ActivityManager: sync unfroze 22400 com.google.android.gms for 6
09-08 21:47:49.534 21410 21490 W CpuMonitorService: Current CPU frequency (5032020) is greater than maximum CPU frequency (2) for policy ID (0). Skipping CPU frequency policy
09-08 21:47:49.535 21410 21490 W CpuMonitorService: Current CPU frequency (4881468) is greater than maximum CPU frequency (2) for policy ID (3). Skipping CPU frequency policy
09-08 21:47:49.627 21610 21638 V WindowManagerShell: Transition animation finished (aborted=false), notifying core (#39)android.os.BinderProxy@cf61ffb@0
09-08 21:47:49.628 21410 21428 V WindowManager: Finish Transition #39: created at 09-08 21:47:48.872 collect-started=0.028ms request-sent=0.087ms started=2.101ms ready=43.164ms sent=136.586ms finished=755.972ms
09-08 21:47:49.629 21410 22929 W WindowManager: Exception thrown during dispatchAppVisibility Window{cbb4a6f u0 com.yolpilot.driver/com.yolpilot.driver.MainActivity EXITING}
09-08 21:47:49.629 21410 22929 W WindowManager: android.os.DeadObjectException
09-08 21:47:49.629 21410 22929 W WindowManager: 	at android.os.BinderProxy.transactNative(Native Method)
09-08 21:47:49.629 21410 22929 W WindowManager: 	at android.os.BinderProxy.transact(BinderProxy.java:584)
09-08 21:47:49.629 21410 22929 W WindowManager: 	at android.view.IWindow$Stub$Proxy.dispatchAppVisibility(IWindow.java:546)
09-08 21:47:49.629 21410 22929 W WindowManager: 	at com.android.server.wm.WindowState.sendAppVisibilityToClients(WindowState.java:3271)
09-08 21:47:49.629 21410 22929 W WindowManager: 	at com.android.server.wm.WindowContainer.sendAppVisibilityToClients(WindowContainer.java:1221)
09-08 21:47:49.629 21410 22929 W WindowManager: 	at com.android.server.wm.WindowToken.setClientVisible(WindowToken.java:409)
09-08 21:47:49.629 21410 22929 W WindowManager: 	at com.android.server.wm.ActivityRecord.setClientVisible(ActivityRecord.java:6946)
09-08 21:47:49.629 21410 22929 W WindowManager: 	at com.android.server.wm.ActivityRecord.postApplyAnimation(ActivityRecord.java:5637)
09-08 21:47:49.629 21410 22929 W WindowManager: 	at com.android.server.wm.ActivityRecord.commitVisibility(ActivityRecord.java:5580)
09-08 21:47:49.629 21410 22929 W WindowManager: 	at com.android.server.wm.Transition.finishTransition(Transition.java:1151)
09-08 21:47:49.629 21410 22929 W WindowManager: 	at com.android.server.wm.TransitionController.finishTransition(TransitionController.java:868)
09-08 21:47:49.629 21410 22929 W WindowManager: 	at com.android.server.wm.WindowOrganizerController.finishTransition(WindowOrganizerController.java:396)
09-08 21:47:49.629 21410 22929 W WindowManager: 	at android.window.IWindowOrganizerController$Stub.onTransact(IWindowOrganizerController.java:286)
09-08 21:47:49.629 21410 22929 W WindowManager: 	at com.android.server.wm.WindowOrganizerController.onTransact(WindowOrganizerController.java:181)
09-08 21:47:49.629 21410 22929 W WindowManager: 	at android.os.Binder.execTransactInternal(Binder.java:1339)
09-08 21:47:49.629 21410 22929 W WindowManager: 	at android.os.Binder.execTransact(Binder.java:1275)
09-08 21:47:49.629 21410 22929 I Process : Sending signal. PID: 29218 SIG: 9
09-08 21:47:49.633 21410 21431 W ActivityManager: setHasOverlayUi called on unknown pid: 29218
09-08 21:47:49.636 21610 21638 V WindowManagerShell: Track 0 became idle
09-08 21:47:49.636 21610 21638 V WindowManagerShell: All active transition animations finished
09-08 21:47:49.661   426   426 E BpTransactionCompletedListener: Failed to transact (-32)
09-08 21:47:51.867 21347 25461 D android.hardware.audio@7.1-impl.ranchu: threadLoop: entering standby, frames: 6261440
09-08 21:47:52.259 21610 21610 D StatusBarIconController: ignoring old pipeline callbacks, because the new mobile icons are enabled
09-08 21:47:52.639 21410 22484 E TaskPersister: File error accessing recents directory (directory doesn't exist?).
09-08 21:47:53.255 21410 21591 D androidtc: Initializing SystemTextClassifier, type = System
09-08 21:47:53.256 21410 21591 E ClipboardService: Denying clipboard access to com.android.chrome, application is not in focus nor is it a system service for user 0
09-08 21:47:53.256 22303 22303 I AiAiTextClassifier: onCreateTextClassificationSession = TextClassificationSessionId {f0e840aa-2859-42be-8929-b363f6cff195}
09-08 21:47:53.257 21610 21610 I ClipboardListener: Clipboard overlay suppressed.
09-08 21:47:53.258 22303 22509 I AiAiTranslate: C2T - not in a conversation
09-08 21:47:53.259 22303 22592 I AiAiTextClassifier: GenerateLinks did not find valid links, returning empty result
09-08 21:47:53.260 22303 22592 I AiAiTextClassifier: GenerateLinks did not find valid links, returning empty result
09-08 21:47:53.260 21410 21592 E ClipboardService: Denying clipboard access to com.android.chrome, application is not in focus nor is it a system service for user 0
09-08 21:47:53.262 21610 21610 I ClipboardListener: Clipboard overlay suppressed.
09-08 21:47:53.490 21610 21610 D StatusBarIconController: ignoring old pipeline callback because the new wifi icon is enabled
09-08 21:47:54.393     0     0 I logd    : logdr: UID=2000 GID=2000 PID=29312 n tail=0 logMask=99 pid=0 start=0ns deadline=0ns
