09-03 17:29:03.786   549   638 D ActivityManager: Reschedule freeze for process 11292 com.yolpilot.driver (outstanding txns), timeout=1000
09-03 17:29:03.770     0     0 I binder  : 549:638 ioctl 400c620e 71012658d700 returned -11
09-03 17:29:04.335   549  1626 E TaskPersister: File error accessing recents directory (directory doesn't exist?).
09-03 17:29:04.793   549   638 D ActivityManager: freezing 11292 com.yolpilot.driver
09-03 17:29:04.794   549   638 D ActivityManager: Kill app due to repeated failure to freeze binder: 11292 com.yolpilot.driver
09-03 17:29:04.795   549   581 I ActivityManager: Killing 11292:com.yolpilot.driver/u0a202 (adj 900): excessive binder traffic during cached
09-03 17:29:04.796   549   583 I libprocessgroup: Successfully killed process cgroup uid 10202 pid 11292 in 0ms
09-03 17:29:04.778     0     0 I binder  : 549:638 ioctl 400c620e 71012658d700 returned -11
09-03 17:29:04.808   359   359 I Zygote  : Process 11292 exited due to signal 9 (Killed)
09-03 17:29:04.793     0     0 W binder_debug: 126 callbacks suppressed
09-03 17:29:04.793     0     0 I binder  : release 11292:11292 transaction 3196806 out, still active
09-03 17:29:04.812   549  1816 I ImeTracker: com.yolpilot.driver:81f338d: onRequestHide at ORIGIN_SERVER_HIDE_INPUT reason HIDE_REMOVE_CLIENT
09-03 17:29:04.813   549   570 W WindowOnBackDispatcher: sendCancelIfRunning: isInProgress=falsecallback=android.view.ViewRootImpl$$ExternalSyntheticLambda17@f597d19
09-03 17:29:04.813   549   570 D CoreBackPreview: Window{8252e1 u0 Application Error: com.yolpilot.driver}: Setting back callback null
09-03 17:29:04.796     0     0 I binder  : undelivered TRANSACTION_COMPLETE
09-03 17:29:04.815   549  1816 I ImeTracker: com.yolpilot.driver:81f338d: onCancelled at PHASE_SERVER_SHOULD_HIDE
09-03 17:29:04.816   549  2392 W ProcessStats: Tracking association SourceState{719e7a8 com.google.android.apps.nexuslauncher/10168 BTop #12271} whose proc state 2 is better than process ProcessState{7e18809 com.google.android.googlequicksearchbox:search/10132 pkg=com.google.android.googlequicksearchbox} proc state 5 (44 skipped)
09-03 17:29:04.817   549   572 W ActivityManager: setHasOverlayUi called on unknown pid: 11292
09-03 17:29:04.818   549  2366 W ActivityManager: Ignoring remove of inactive process: ProcessRecord{ae6e9a4 0:com.yolpilot.driver/u0a202}
09-03 17:29:04.818   426   426 E BpTransactionCompletedListener: Failed to transact (-32)
09-03 17:29:04.803     0     0 I binder  : 2366:549 reply target not found
09-03 17:29:04.804     0     0 I binder  : 549:2366 transaction reply to 0:0 failed 3198736/29189/0, size 4-0 line 3140
09-03 17:29:04.805     0     0 I binder  : send failed reply for transaction 3196806, target dead
09-03 17:29:04.824   549   570 W InputManager-JNI: Input channel object '8252e1 Application Error: com.yolpilot.driver (client)' was disposed without first being removed with the input manager!
09-03 17:29:04.832   549   570 D DisplayManagerService: Drop pending events for gone uid 10202
09-03 17:29:04.837   549   572 V WindowManager: Unknown focus tokens, dropping reportFocusChanged
09-03 17:29:04.855   549  2392 I ImeTracker: com.google.android.apps.nexuslauncher:7540dca6: onRequestHide at ORIGIN_SERVER_HIDE_INPUT reason HIDE_UNSPECIFIED_WINDOW
09-03 17:29:04.855   549  2392 I ImeTracker: com.google.android.apps.nexuslauncher:7540dca6: onCancelled at PHASE_SERVER_SHOULD_HIDE
09-03 17:29:04.857  1331  1331 I GoogleInputMethodService: GoogleInputMethodService.onFinishInput():3227 
09-03 17:29:04.859  1331  1331 I GoogleInputMethodService: GoogleInputMethodService.updateDeviceLockedStatus():2087 repeatCheckTimes = 0, unlocked = true
09-03 17:29:04.859  1331  1331 I GoogleInputMethodService: GoogleInputMethodService.onStartInput():1877 onStartInput(EditorInfo{inputType=0x0(NULL) imeOptions=0x0 privateImeOptions=null actionName=UNSPECIFIED actionLabel=null actionId=0 initialSelStart=-1 initialSelEnd=-1 initialCapsMode=0x0 hintText=null label=null packageName=com.google.android.apps.nexuslauncher fieldId=0 fieldName=null extras=null}, false)
09-03 17:29:04.860  1331  1331 I GoogleInputMethodService: GoogleInputMethodService.shouldHideHeaderOnInitialState():4008 ShouldHideHeaderOnInitialState = false
09-03 17:29:04.862  1331  1331 I GoogleInputMethodService: GoogleInputMethodService.updateDeviceLockedStatus():2087 repeatCheckTimes = 2, unlocked = true
09-03 17:29:04.862   760   824 D EGL_emulation: app_time_stats: avg=4836.84ms min=4836.84ms max=4836.84ms count=1
09-03 17:29:04.873   999  1707 D EGL_emulation: app_time_stats: avg=386.57ms min=13.35ms max=13300.92ms count=36
09-03 17:29:04.976   760   824 D EGL_emulation: app_time_stats: avg=1375.86ms min=14.38ms max=24235.71ms count=18
09-03 17:29:05.988   760   824 D EGL_emulation: app_time_stats: avg=16.27ms min=12.99ms max=19.48ms count=61
09-03 17:29:07.071   760   760 D StatusBarIconController: ignoring old pipeline callbacks, because the new mobile icons are enabled
09-03 17:29:07.928   549   638 D ActivityManager: freezing 5173 com.google.android.gms
09-03 17:29:10.487   760   760 D StatusBarIconController: ignoring old pipeline callback because the new wifi icon is enabled
09-03 17:29:13.054   549   634 W CpuMonitorService: Current CPU frequency (4673668) is greater than maximum CPU frequency (2) for policy ID (0). Skipping CPU frequency policy
09-03 17:29:13.055   549   634 W CpuMonitorService: Current CPU frequency (4643489) is greater than maximum CPU frequency (2) for policy ID (3). Skipping CPU frequency policy
09-03 17:29:14.154   999  1707 D EGL_emulation: app_time_stats: avg=1324.59ms min=13.18ms max=9181.49ms count=7
09-03 17:29:17.087   760   760 D StatusBarIconController: ignoring old pipeline callbacks, because the new mobile icons are enabled
09-03 17:29:27.087   760   760 D StatusBarIconController: ignoring old pipeline callbacks, because the new mobile icons are enabled
09-03 17:29:37.087   760   760 D StatusBarIconController: ignoring old pipeline callbacks, because the new mobile icons are enabled
09-03 17:29:47.086   760   760 D StatusBarIconController: ignoring old pipeline callbacks, because the new mobile icons are enabled
09-03 17:29:57.088   760   760 D StatusBarIconController: ignoring old pipeline callbacks, because the new mobile icons are enabled
09-03 17:30:00.024  1480  1590 I AiAiEcho: Predicting[0]: 
09-03 17:30:00.024  1480  1590 I AiAiEcho: EchoTargets: 
09-03 17:30:00.024  1480  1590 I AiAiEcho: Filtered by AiAi flag check: 
09-03 17:30:00.024   760   824 D EGL_emulation: app_time_stats: avg=5516.17ms min=12.10ms max=55017.92ms count=10
09-03 17:30:00.025  1480  1590 I AiAiEcho: Ranked targets strategy: SORT, count: 0, ranking metadata: 
09-03 17:30:00.026  1480  1590 I AiAiEcho: #postPredictionTargets: Sending updates to UISurface lockscreen with targets# 0 (types=[])
09-03 17:30:00.037   760   760 W PageIndicator: Total number of pages invalid: 0. Assuming 1 page.
09-03 17:30:04.587   760   760 D StatusBarIconController: ignoring old pipeline callback because the new wifi icon is enabled
09-03 17:30:07.088   760   760 D StatusBarIconController: ignoring old pipeline callbacks, because the new mobile icons are enabled
09-03 17:30:07.587   760   760 D StatusBarIconController: ignoring old pipeline callback because the new wifi icon is enabled
09-03 17:30:13.155   549   634 W CpuMonitorService: Current CPU frequency (4462258) is greater than maximum CPU frequency (2) for policy ID (2). Skipping CPU frequency policy
09-03 17:30:13.155   549   634 W CpuMonitorService: Current CPU frequency (4698164) is greater than maximum CPU frequency (2) for policy ID (3). Skipping CPU frequency policy
09-03 17:30:14.154   999  1707 D EGL_emulation: app_time_stats: avg=59999.75ms min=59999.75ms max=59999.75ms count=1
09-03 17:30:17.075   760   760 D StatusBarIconController: ignoring old pipeline callbacks, because the new mobile icons are enabled
09-03 17:30:18.090   549   737 D androidtc: Initializing SystemTextClassifier, type = System
09-03 17:30:18.091  1480  1480 I AiAiTextClassifier: onCreateTextClassificationSession = TextClassificationSessionId {f1eed2ac-410a-4f1e-a491-3d34ef67e229}
09-03 17:30:18.092   549   737 E ClipboardService: Denying clipboard access to com.android.chrome, application is not in focus nor is it a system service for user 0
09-03 17:30:18.095  1480  1648 I AiAiTranslate: C2T - not in a conversation
09-03 17:30:18.095  1480  1676 I AiAiTextClassifier: GenerateLinks did not find valid links, returning empty result
09-03 17:30:18.096   549   738 E ClipboardService: Denying clipboard access to com.android.chrome, application is not in focus nor is it a system service for user 0
09-03 17:30:18.098  1480  1676 I AiAiTextClassifier: GenerateLinks did not find valid links, returning empty result
09-03 17:30:18.104   760   760 I ClipboardListener: Clipboard overlay suppressed.
09-03 17:30:18.106   760   760 I ClipboardListener: Clipboard overlay suppressed.
09-03 17:30:27.088   760   760 D StatusBarIconController: ignoring old pipeline callbacks, because the new mobile icons are enabled
09-03 17:30:27.798   549  1816 D WifiNl80211Manager: Scan result ready event
09-03 17:30:27.798   549  1816 D WifiNative: Scan result ready event
09-03 17:30:37.087   760   760 D StatusBarIconController: ignoring old pipeline callbacks, because the new mobile icons are enabled
09-03 17:30:41.213   549   737 E ClipboardService: Denying clipboard access to com.android.chrome, application is not in focus nor is it a system service for user 0
09-03 17:30:41.215  1480  1648 I AiAiTranslate: C2T - not in a conversation
09-03 17:30:41.220   760   760 I ClipboardListener: Clipboard overlay suppressed.
09-03 17:30:41.224  1480  1676 I AiAiTextClassifier: GenerateLinks did not find valid links, returning empty result
09-03 17:30:47.086   760   760 D StatusBarIconController: ignoring old pipeline callbacks, because the new mobile icons are enabled
09-03 17:30:47.088   760   824 D EGL_emulation: app_time_stats: avg=47063.16ms min=47063.16ms max=47063.16ms count=1
09-03 17:30:52.208   549   737 E ClipboardService: Denying clipboard access to com.android.chrome, application is not in focus nor is it a system service for user 0
09-03 17:30:52.211  1480  1648 I AiAiTranslate: C2T - not in a conversation
09-03 17:30:52.222  1480  1676 I AiAiTextClassifier: GenerateLinks did not find valid links, returning empty result
09-03 17:30:52.224   760   760 I ClipboardListener: Clipboard overlay suppressed.
09-03 17:30:57.088   760   760 D StatusBarIconController: ignoring old pipeline callbacks, because the new mobile icons are enabled
09-03 17:31:00.022  1480  1590 I AiAiEcho: Predicting[0]: 
09-03 17:31:00.022  1480  1590 I AiAiEcho: EchoTargets: 
09-03 17:31:00.022  1480  1590 I AiAiEcho: Filtered by AiAi flag check: 
09-03 17:31:00.023  1480  1590 I AiAiEcho: Ranked targets strategy: SORT, count: 0, ranking metadata: 
09-03 17:31:00.024   760   824 D EGL_emulation: app_time_stats: avg=12934.99ms min=12934.99ms max=12934.99ms count=1
09-03 17:31:00.024  1480  1590 I AiAiEcho: #postPredictionTargets: Sending updates to UISurface lockscreen with targets# 0 (types=[])
09-03 17:31:00.037   760   760 W PageIndicator: Total number of pages invalid: 0. Assuming 1 page.
09-03 17:31:04.208   549   737 D androidtc: Initializing SystemTextClassifier, type = System
09-03 17:31:04.210   549   737 E ClipboardService: Denying clipboard access to com.android.chrome, application is not in focus nor is it a system service for user 0
09-03 17:31:04.211  1480  1480 I AiAiTextClassifier: onCreateTextClassificationSession = TextClassificationSessionId {430176e2-9a71-4d39-a928-7128bd5f23f7}
09-03 17:31:04.213  1480  1648 I AiAiTranslate: C2T - not in a conversation
09-03 17:31:04.214  1480  1676 I AiAiTextClassifier: GenerateLinks did not find valid links, returning empty result
09-03 17:31:04.216   549   738 E ClipboardService: Denying clipboard access to com.android.chrome, application is not in focus nor is it a system service for user 0
09-03 17:31:04.217  1480  1676 I AiAiTextClassifier: GenerateLinks did not find valid links, returning empty result
09-03 17:31:04.220   760   760 I ClipboardListener: Clipboard overlay suppressed.
09-03 17:31:04.221   760   760 I ClipboardListener: Clipboard overlay suppressed.
09-03 17:31:07.088   760   760 D StatusBarIconController: ignoring old pipeline callbacks, because the new mobile icons are enabled
09-03 17:31:07.090   760   824 D EGL_emulation: app_time_stats: avg=7066.58ms min=7066.58ms max=7066.58ms count=1
09-03 17:31:14.154   999  1707 D EGL_emulation: app_time_stats: avg=59999.28ms min=59999.28ms max=59999.28ms count=1
09-03 17:31:15.835   549   737 D androidtc: Initializing SystemTextClassifier, type = System
09-03 17:31:15.837  1480  1480 I AiAiTextClassifier: onCreateTextClassificationSession = TextClassificationSessionId {d575ccf0-3b09-4361-908b-aa6f1c380eba}
09-03 17:31:15.837   549   737 E ClipboardService: Denying clipboard access to com.android.chrome, application is not in focus nor is it a system service for user 0
09-03 17:31:15.839  1480  1648 I AiAiTranslate: C2T - not in a conversation
09-03 17:31:15.840  1480  1676 I AiAiTextClassifier: GenerateLinks did not find valid links, returning empty result
09-03 17:31:15.843   549   738 E ClipboardService: Denying clipboard access to com.android.chrome, application is not in focus nor is it a system service for user 0
09-03 17:31:15.844  1480  1676 I AiAiTextClassifier: GenerateLinks did not find valid links, returning empty result
09-03 17:31:15.855   760   760 I ClipboardListener: Clipboard overlay suppressed.
09-03 17:31:15.857   760   760 I ClipboardListener: Clipboard overlay suppressed.
09-03 17:31:17.087   760   760 D StatusBarIconController: ignoring old pipeline callbacks, because the new mobile icons are enabled
